2026-01-01T22:26:10.6685729Z Current runner version: '2.330.0'
2026-01-01T22:26:10.6710770Z ##[group]Runner Image Provisioner
2026-01-01T22:26:10.6711602Z Hosted Compute Agent
2026-01-01T22:26:10.6712111Z Version: 20251211.462
2026-01-01T22:26:10.6712993Z Commit: 6cbad8c2bb55d58165063d031ccabf57e2d2db61
2026-01-01T22:26:10.6713652Z Build Date: 2025-12-11T16:28:49Z
2026-01-01T22:26:10.6714294Z Worker ID: {479af220-7258-4aa1-8800-c73c5cc1e0ef}
2026-01-01T22:26:10.6715091Z ##[endgroup]
2026-01-01T22:26:10.6715590Z ##[group]Operating System
2026-01-01T22:26:10.6716133Z Ubuntu
2026-01-01T22:26:10.6716655Z 24.04.3
2026-01-01T22:26:10.6717109Z LTS
2026-01-01T22:26:10.6717525Z ##[endgroup]
2026-01-01T22:26:10.6718137Z ##[group]Runner Image
2026-01-01T22:26:10.6718645Z Image: ubuntu-24.04
2026-01-01T22:26:10.6719147Z Version: 20251215.174.1
2026-01-01T22:26:10.6720212Z Included Software: https://github.com/actions/runner-images/blob/ubuntu24/20251215.174/images/ubuntu/Ubuntu2404-Readme.md
2026-01-01T22:26:10.6721748Z Image Release: https://github.com/actions/runner-images/releases/tag/ubuntu24%2F20251215.174
2026-01-01T22:26:10.6723152Z ##[endgroup]
2026-01-01T22:26:10.6725729Z ##[group]GITHUB_TOKEN Permissions
2026-01-01T22:26:10.6727836Z Actions: write
2026-01-01T22:26:10.6728427Z ArtifactMetadata: write
2026-01-01T22:26:10.6728942Z Attestations: write
2026-01-01T22:26:10.6729538Z Checks: write
2026-01-01T22:26:10.6730041Z Contents: write
2026-01-01T22:26:10.6730504Z Deployments: write
2026-01-01T22:26:10.6731053Z Discussions: write
2026-01-01T22:26:10.6731535Z Issues: write
2026-01-01T22:26:10.6732020Z Metadata: read
2026-01-01T22:26:10.6732647Z Models: read
2026-01-01T22:26:10.6733229Z Packages: write
2026-01-01T22:26:10.6733698Z Pages: write
2026-01-01T22:26:10.6734168Z PullRequests: write
2026-01-01T22:26:10.6734881Z RepositoryProjects: write
2026-01-01T22:26:10.6735426Z SecurityEvents: write
2026-01-01T22:26:10.6735971Z Statuses: write
2026-01-01T22:26:10.6736515Z ##[endgroup]
2026-01-01T22:26:10.6738587Z Secret source: Actions
2026-01-01T22:26:10.6739269Z Prepare workflow directory
2026-01-01T22:26:10.7062802Z Prepare all required actions
2026-01-01T22:26:10.7101214Z Getting action download info
2026-01-01T22:26:11.1247179Z Download action repository 'actions/checkout@v4' (SHA:34e114876b0b11c390a56381ad16ebd13914f8d5)
2026-01-01T22:26:11.3354561Z Complete job name: Code Quality Checks
2026-01-01T22:26:11.4038428Z ##[group]Run actions/checkout@v4
2026-01-01T22:26:11.4039246Z with:
2026-01-01T22:26:11.4039629Z   repository: jimhester/simdcsv
2026-01-01T22:26:11.4040242Z   token: ***
2026-01-01T22:26:11.4040640Z   ssh-strict: true
2026-01-01T22:26:11.4041021Z   ssh-user: git
2026-01-01T22:26:11.4041411Z   persist-credentials: true
2026-01-01T22:26:11.4041846Z   clean: true
2026-01-01T22:26:11.4042235Z   sparse-checkout-cone-mode: true
2026-01-01T22:26:11.4042922Z   fetch-depth: 1
2026-01-01T22:26:11.4043300Z   fetch-tags: false
2026-01-01T22:26:11.4043684Z   show-progress: true
2026-01-01T22:26:11.4044080Z   lfs: false
2026-01-01T22:26:11.4044432Z   submodules: false
2026-01-01T22:26:11.4044844Z   set-safe-directory: true
2026-01-01T22:26:11.4045516Z ##[endgroup]
2026-01-01T22:26:11.5140845Z Syncing repository: jimhester/simdcsv
2026-01-01T22:26:11.5142826Z ##[group]Getting Git version info
2026-01-01T22:26:11.5143644Z Working directory is '/home/runner/work/simdcsv/simdcsv'
2026-01-01T22:26:11.5144995Z [command]/usr/bin/git version
2026-01-01T22:26:11.5221163Z git version 2.52.0
2026-01-01T22:26:11.5248142Z ##[endgroup]
2026-01-01T22:26:11.5264037Z Temporarily overriding HOME='/home/runner/work/_temp/cddf5f21-a019-4a43-81f0-06bd7eb7562b' before making global git config changes
2026-01-01T22:26:11.5266449Z Adding repository directory to the temporary git global config as a safe directory
2026-01-01T22:26:11.5270409Z [command]/usr/bin/git config --global --add safe.directory /home/runner/work/simdcsv/simdcsv
2026-01-01T22:26:11.5318358Z Deleting the contents of '/home/runner/work/simdcsv/simdcsv'
2026-01-01T22:26:11.5322127Z ##[group]Initializing the repository
2026-01-01T22:26:11.5326962Z [command]/usr/bin/git init /home/runner/work/simdcsv/simdcsv
2026-01-01T22:26:11.5440920Z hint: Using 'master' as the name for the initial branch. This default branch name
2026-01-01T22:26:11.5442287Z hint: will change to "main" in Git 3.0. To configure the initial branch name
2026-01-01T22:26:11.5443532Z hint: to use in all of your new repositories, which will suppress this warning,
2026-01-01T22:26:11.5444304Z hint: call:
2026-01-01T22:26:11.5444650Z hint:
2026-01-01T22:26:11.5445112Z hint: 	git config --global init.defaultBranch <name>
2026-01-01T22:26:11.5445674Z hint:
2026-01-01T22:26:11.5446610Z hint: Names commonly chosen instead of 'master' are 'main', 'trunk' and
2026-01-01T22:26:11.5447755Z hint: 'development'. The just-created branch can be renamed via this command:
2026-01-01T22:26:11.5448832Z hint:
2026-01-01T22:26:11.5449541Z hint: 	git branch -m <name>
2026-01-01T22:26:11.5450330Z hint:
2026-01-01T22:26:11.5451400Z hint: Disable this message with "git config set advice.defaultBranchName false"
2026-01-01T22:26:11.5453385Z Initialized empty Git repository in /home/runner/work/simdcsv/simdcsv/.git/
2026-01-01T22:26:11.5460306Z [command]/usr/bin/git remote add origin https://github.com/jimhester/simdcsv
2026-01-01T22:26:11.5494467Z ##[endgroup]
2026-01-01T22:26:11.5495636Z ##[group]Disabling automatic garbage collection
2026-01-01T22:26:11.5499341Z [command]/usr/bin/git config --local gc.auto 0
2026-01-01T22:26:11.5527506Z ##[endgroup]
2026-01-01T22:26:11.5528680Z ##[group]Setting up auth
2026-01-01T22:26:11.5535118Z [command]/usr/bin/git config --local --name-only --get-regexp core\.sshCommand
2026-01-01T22:26:11.5565215Z [command]/usr/bin/git submodule foreach --recursive sh -c "git config --local --name-only --get-regexp 'core\.sshCommand' && git config --local --unset-all 'core.sshCommand' || :"
2026-01-01T22:26:11.5898713Z [command]/usr/bin/git config --local --name-only --get-regexp http\.https\:\/\/github\.com\/\.extraheader
2026-01-01T22:26:11.5928854Z [command]/usr/bin/git submodule foreach --recursive sh -c "git config --local --name-only --get-regexp 'http\.https\:\/\/github\.com\/\.extraheader' && git config --local --unset-all 'http.https://github.com/.extraheader' || :"
2026-01-01T22:26:11.6151332Z [command]/usr/bin/git config --local --name-only --get-regexp ^includeIf\.gitdir:
2026-01-01T22:26:11.6180865Z [command]/usr/bin/git submodule foreach --recursive git config --local --show-origin --name-only --get-regexp remote.origin.url
2026-01-01T22:26:11.6400990Z [command]/usr/bin/git config --local http.https://github.com/.extraheader AUTHORIZATION: basic ***
2026-01-01T22:26:11.6436493Z ##[endgroup]
2026-01-01T22:26:11.6437951Z ##[group]Fetching the repository
2026-01-01T22:26:11.6446446Z [command]/usr/bin/git -c protocol.version=2 fetch --no-tags --prune --no-recurse-submodules --depth=1 origin +a432b9e9e5f2a45f31ec8f6227be33b9c851530d:refs/remotes/pull/6/merge
2026-01-01T22:26:12.0470091Z From https://github.com/jimhester/simdcsv
2026-01-01T22:26:12.0470966Z  * [new ref]         a432b9e9e5f2a45f31ec8f6227be33b9c851530d -> pull/6/merge
2026-01-01T22:26:12.0501724Z ##[endgroup]
2026-01-01T22:26:12.0502607Z ##[group]Determining the checkout info
2026-01-01T22:26:12.0504164Z ##[endgroup]
2026-01-01T22:26:12.0508788Z [command]/usr/bin/git sparse-checkout disable
2026-01-01T22:26:12.0547793Z [command]/usr/bin/git config --local --unset-all extensions.worktreeConfig
2026-01-01T22:26:12.0572727Z ##[group]Checking out the ref
2026-01-01T22:26:12.0576004Z [command]/usr/bin/git checkout --progress --force refs/remotes/pull/6/merge
2026-01-01T22:26:12.0676137Z Note: switching to 'refs/remotes/pull/6/merge'.
2026-01-01T22:26:12.0676844Z 
2026-01-01T22:26:12.0677425Z You are in 'detached HEAD' state. You can look around, make experimental
2026-01-01T22:26:12.0678828Z changes and commit them, and you can discard any commits you make in this
2026-01-01T22:26:12.0680195Z state without impacting any branches by switching back to a branch.
2026-01-01T22:26:12.0681034Z 
2026-01-01T22:26:12.0681638Z If you want to create a new branch to retain commits you create, you may
2026-01-01T22:26:12.0682667Z do so (now or later) by using -c with the switch command. Example:
2026-01-01T22:26:12.0683152Z 
2026-01-01T22:26:12.0683346Z   git switch -c <new-branch-name>
2026-01-01T22:26:12.0683690Z 
2026-01-01T22:26:12.0683897Z Or undo this operation with:
2026-01-01T22:26:12.0684188Z 
2026-01-01T22:26:12.0684427Z   git switch -
2026-01-01T22:26:12.0684807Z 
2026-01-01T22:26:12.0685402Z Turn off this advice by setting config variable advice.detachedHead to false
2026-01-01T22:26:12.0686081Z 
2026-01-01T22:26:12.0686676Z HEAD is now at a432b9e Merge 917c228b53037d10e905b18503218484c35f7743 into 46a4e3585ad1f63aab6d950fcc6076fa145b5ed6
2026-01-01T22:26:12.0688561Z ##[endgroup]
2026-01-01T22:26:12.0718692Z [command]/usr/bin/git log -1 --format=%H
2026-01-01T22:26:12.0739756Z a432b9e9e5f2a45f31ec8f6227be33b9c851530d
2026-01-01T22:26:12.0930202Z ##[group]Run echo "Checking required files..."
2026-01-01T22:26:12.0930892Z [36;1mecho "Checking required files..."[0m
2026-01-01T22:26:12.0931455Z [36;1mtest -f CMakeLists.txt || exit 1[0m
2026-01-01T22:26:12.0932004Z [36;1mtest -f include/error.h || exit 1[0m
2026-01-01T22:26:12.0932765Z [36;1mtest -f src/error.cpp || exit 1[0m
2026-01-01T22:26:12.0933290Z [36;1mtest -d test/data || exit 1[0m
2026-01-01T22:26:12.0933806Z [36;1mecho "✓ All required files present"[0m
2026-01-01T22:26:12.0969691Z shell: /usr/bin/bash -e {0}
2026-01-01T22:26:12.0970179Z ##[endgroup]
2026-01-01T22:26:12.1042988Z Checking required files...
2026-01-01T22:26:12.1044029Z ✓ All required files present
2026-01-01T22:26:12.1083508Z ##[group]Run echo "Well-formed CSV test files:"
2026-01-01T22:26:12.1084124Z [36;1mecho "Well-formed CSV test files:"[0m
2026-01-01T22:26:12.1084816Z [36;1mfind test/data -name "*.csv" ! -path "*/malformed/*" | wc -l[0m
2026-01-01T22:26:12.1085494Z [36;1mecho "Malformed CSV test files:"[0m
2026-01-01T22:26:12.1086067Z [36;1mfind test/data/malformed -name "*.csv" | wc -l[0m
2026-01-01T22:26:12.1086678Z [36;1mecho "Total test files:"[0m
2026-01-01T22:26:12.1087167Z [36;1mfind test/data -name "*.csv" | wc -l[0m
2026-01-01T22:26:12.1117031Z shell: /usr/bin/bash -e {0}
2026-01-01T22:26:12.1117487Z ##[endgroup]
2026-01-01T22:26:12.1167338Z Well-formed CSV test files:
2026-01-01T22:26:12.1186938Z 26
2026-01-01T22:26:12.1189206Z Malformed CSV test files:
2026-01-01T22:26:12.1201270Z 16
2026-01-01T22:26:12.1203157Z Total test files:
2026-01-01T22:26:12.1216647Z 42
2026-01-01T22:26:12.1255357Z ##[group]Run # Check that malformed test files exist
2026-01-01T22:26:12.1256027Z [36;1m# Check that malformed test files exist[0m
2026-01-01T22:26:12.1256757Z [36;1mMALFORMED_COUNT=$(find test/data/malformed -name "*.csv" | wc -l)[0m
2026-01-01T22:26:12.1257477Z [36;1mif [ "$MALFORMED_COUNT" -lt 16 ]; then[0m
2026-01-01T22:26:12.1258233Z [36;1m  echo "Error: Expected at least 16 malformed test files, found $MALFORMED_COUNT"[0m
2026-01-01T22:26:12.1258966Z [36;1m  exit 1[0m
2026-01-01T22:26:12.1259329Z [36;1mfi[0m
2026-01-01T22:26:12.1259811Z [36;1mecho "✓ Found $MALFORMED_COUNT malformed test files"[0m
2026-01-01T22:26:12.1289455Z shell: /usr/bin/bash -e {0}
2026-01-01T22:26:12.1289915Z ##[endgroup]
2026-01-01T22:26:12.1356277Z ✓ Found 16 malformed test files
2026-01-01T22:26:12.1453702Z Post job cleanup.
2026-01-01T22:26:12.2449470Z [command]/usr/bin/git version
2026-01-01T22:26:12.2485753Z git version 2.52.0
2026-01-01T22:26:12.2530775Z Temporarily overriding HOME='/home/runner/work/_temp/84d5c809-ac44-4591-8dc6-cd456d143c36' before making global git config changes
2026-01-01T22:26:12.2533370Z Adding repository directory to the temporary git global config as a safe directory
2026-01-01T22:26:12.2544753Z [command]/usr/bin/git config --global --add safe.directory /home/runner/work/simdcsv/simdcsv
2026-01-01T22:26:12.2579034Z [command]/usr/bin/git config --local --name-only --get-regexp core\.sshCommand
2026-01-01T22:26:12.2612031Z [command]/usr/bin/git submodule foreach --recursive sh -c "git config --local --name-only --get-regexp 'core\.sshCommand' && git config --local --unset-all 'core.sshCommand' || :"
2026-01-01T22:26:12.2840927Z [command]/usr/bin/git config --local --name-only --get-regexp http\.https\:\/\/github\.com\/\.extraheader
2026-01-01T22:26:12.2862010Z http.https://github.com/.extraheader
2026-01-01T22:26:12.2875185Z [command]/usr/bin/git config --local --unset-all http.https://github.com/.extraheader
2026-01-01T22:26:12.2906682Z [command]/usr/bin/git submodule foreach --recursive sh -c "git config --local --name-only --get-regexp 'http\.https\:\/\/github\.com\/\.extraheader' && git config --local --unset-all 'http.https://github.com/.extraheader' || :"
2026-01-01T22:26:12.3122191Z [command]/usr/bin/git config --local --name-only --get-regexp ^includeIf\.gitdir:
2026-01-01T22:26:12.3153518Z [command]/usr/bin/git submodule foreach --recursive git config --local --show-origin --name-only --get-regexp remote.origin.url
2026-01-01T22:26:12.3479289Z Cleaning up orphan processes
