2026-01-01T22:26:10.0399444Z Current runner version: '2.330.0'
2026-01-01T22:26:10.0431014Z ##[group]Runner Image Provisioner
2026-01-01T22:26:10.0432224Z Hosted Compute Agent
2026-01-01T22:26:10.0433217Z Version: 20251211.462
2026-01-01T22:26:10.0434353Z Commit: 6cbad8c2bb55d58165063d031ccabf57e2d2db61
2026-01-01T22:26:10.0435528Z Build Date: 2025-12-11T16:28:49Z
2026-01-01T22:26:10.0436676Z Worker ID: {9c96728d-ae61-4cf4-b333-aac362e4da69}
2026-01-01T22:26:10.0438413Z ##[endgroup]
2026-01-01T22:26:10.0439269Z ##[group]Operating System
2026-01-01T22:26:10.0440101Z Ubuntu
2026-01-01T22:26:10.0440871Z 24.04.3
2026-01-01T22:26:10.0441663Z LTS
2026-01-01T22:26:10.0442496Z ##[endgroup]
2026-01-01T22:26:10.0443547Z ##[group]Runner Image
2026-01-01T22:26:10.0444545Z Image: ubuntu-24.04
2026-01-01T22:26:10.0445417Z Version: 20251215.174.1
2026-01-01T22:26:10.0447507Z Included Software: https://github.com/actions/runner-images/blob/ubuntu24/20251215.174/images/ubuntu/Ubuntu2404-Readme.md
2026-01-01T22:26:10.0450212Z Image Release: https://github.com/actions/runner-images/releases/tag/ubuntu24%2F20251215.174
2026-01-01T22:26:10.0452221Z ##[endgroup]
2026-01-01T22:26:10.0457227Z ##[group]GITHUB_TOKEN Permissions
2026-01-01T22:26:10.0460595Z Actions: write
2026-01-01T22:26:10.0461525Z ArtifactMetadata: write
2026-01-01T22:26:10.0462468Z Attestations: write
2026-01-01T22:26:10.0463592Z Checks: write
2026-01-01T22:26:10.0464491Z Contents: write
2026-01-01T22:26:10.0465408Z Deployments: write
2026-01-01T22:26:10.0466499Z Discussions: write
2026-01-01T22:26:10.0467686Z Issues: write
2026-01-01T22:26:10.0468613Z Metadata: read
2026-01-01T22:26:10.0469643Z Models: read
2026-01-01T22:26:10.0470449Z Packages: write
2026-01-01T22:26:10.0471520Z Pages: write
2026-01-01T22:26:10.0472422Z PullRequests: write
2026-01-01T22:26:10.0473515Z RepositoryProjects: write
2026-01-01T22:26:10.0474639Z SecurityEvents: write
2026-01-01T22:26:10.0475575Z Statuses: write
2026-01-01T22:26:10.0476540Z ##[endgroup]
2026-01-01T22:26:10.0479507Z Secret source: Actions
2026-01-01T22:26:10.0480654Z Prepare workflow directory
2026-01-01T22:26:10.0840707Z Prepare all required actions
2026-01-01T22:26:10.0896647Z Getting action download info
2026-01-01T22:26:10.4761693Z Download action repository 'actions/checkout@v4' (SHA:34e114876b0b11c390a56381ad16ebd13914f8d5)
2026-01-01T22:26:10.5688125Z Download action repository 'codecov/codecov-action@v4' (SHA:b9fd7d16f6d7d1b5d2bec1a2887e65ceed900238)
2026-01-01T22:26:11.1100631Z Complete job name: Code Coverage
2026-01-01T22:26:11.1808946Z ##[group]Run actions/checkout@v4
2026-01-01T22:26:11.1809770Z with:
2026-01-01T22:26:11.1810174Z   repository: jimhester/simdcsv
2026-01-01T22:26:11.1810837Z   token: ***
2026-01-01T22:26:11.1811225Z   ssh-strict: true
2026-01-01T22:26:11.1811621Z   ssh-user: git
2026-01-01T22:26:11.1812023Z   persist-credentials: true
2026-01-01T22:26:11.1812483Z   clean: true
2026-01-01T22:26:11.1812879Z   sparse-checkout-cone-mode: true
2026-01-01T22:26:11.1813367Z   fetch-depth: 1
2026-01-01T22:26:11.1813746Z   fetch-tags: false
2026-01-01T22:26:11.1814168Z   show-progress: true
2026-01-01T22:26:11.1814575Z   lfs: false
2026-01-01T22:26:11.1814946Z   submodules: false
2026-01-01T22:26:11.1815347Z   set-safe-directory: true
2026-01-01T22:26:11.1815994Z ##[endgroup]
2026-01-01T22:26:11.2882671Z Syncing repository: jimhester/simdcsv
2026-01-01T22:26:11.2884356Z ##[group]Getting Git version info
2026-01-01T22:26:11.2885038Z Working directory is '/home/runner/work/simdcsv/simdcsv'
2026-01-01T22:26:11.2886020Z [command]/usr/bin/git version
2026-01-01T22:26:11.3520611Z git version 2.52.0
2026-01-01T22:26:11.3546012Z ##[endgroup]
2026-01-01T22:26:11.3559697Z Temporarily overriding HOME='/home/runner/work/_temp/b5408cdc-0daa-4d32-927c-466c1e89566c' before making global git config changes
2026-01-01T22:26:11.3561112Z Adding repository directory to the temporary git global config as a safe directory
2026-01-01T22:26:11.3564609Z [command]/usr/bin/git config --global --add safe.directory /home/runner/work/simdcsv/simdcsv
2026-01-01T22:26:11.3603050Z Deleting the contents of '/home/runner/work/simdcsv/simdcsv'
2026-01-01T22:26:11.3607060Z ##[group]Initializing the repository
2026-01-01T22:26:11.3611672Z [command]/usr/bin/git init /home/runner/work/simdcsv/simdcsv
2026-01-01T22:26:11.3714570Z hint: Using 'master' as the name for the initial branch. This default branch name
2026-01-01T22:26:11.3716026Z hint: will change to "main" in Git 3.0. To configure the initial branch name
2026-01-01T22:26:11.3717267Z hint: to use in all of your new repositories, which will suppress this warning,
2026-01-01T22:26:11.3718180Z hint: call:
2026-01-01T22:26:11.3718786Z hint:
2026-01-01T22:26:11.3719530Z hint: 	git config --global init.defaultBranch <name>
2026-01-01T22:26:11.3720441Z hint:
2026-01-01T22:26:11.3721410Z hint: Names commonly chosen instead of 'master' are 'main', 'trunk' and
2026-01-01T22:26:11.3722388Z hint: 'development'. The just-created branch can be renamed via this command:
2026-01-01T22:26:11.3723077Z hint:
2026-01-01T22:26:11.3723611Z hint: 	git branch -m <name>
2026-01-01T22:26:11.3724186Z hint:
2026-01-01T22:26:11.3724782Z hint: Disable this message with "git config set advice.defaultBranchName false"
2026-01-01T22:26:11.3725746Z Initialized empty Git repository in /home/runner/work/simdcsv/simdcsv/.git/
2026-01-01T22:26:11.3729742Z [command]/usr/bin/git remote add origin https://github.com/jimhester/simdcsv
2026-01-01T22:26:11.3762747Z ##[endgroup]
2026-01-01T22:26:11.3763498Z ##[group]Disabling automatic garbage collection
2026-01-01T22:26:11.3766515Z [command]/usr/bin/git config --local gc.auto 0
2026-01-01T22:26:11.3793981Z ##[endgroup]
2026-01-01T22:26:11.3794655Z ##[group]Setting up auth
2026-01-01T22:26:11.3800640Z [command]/usr/bin/git config --local --name-only --get-regexp core\.sshCommand
2026-01-01T22:26:11.3829601Z [command]/usr/bin/git submodule foreach --recursive sh -c "git config --local --name-only --get-regexp 'core\.sshCommand' && git config --local --unset-all 'core.sshCommand' || :"
2026-01-01T22:26:11.4170742Z [command]/usr/bin/git config --local --name-only --get-regexp http\.https\:\/\/github\.com\/\.extraheader
2026-01-01T22:26:11.4200972Z [command]/usr/bin/git submodule foreach --recursive sh -c "git config --local --name-only --get-regexp 'http\.https\:\/\/github\.com\/\.extraheader' && git config --local --unset-all 'http.https://github.com/.extraheader' || :"
2026-01-01T22:26:11.4415051Z [command]/usr/bin/git config --local --name-only --get-regexp ^includeIf\.gitdir:
2026-01-01T22:26:11.4453737Z [command]/usr/bin/git submodule foreach --recursive git config --local --show-origin --name-only --get-regexp remote.origin.url
2026-01-01T22:26:11.4675432Z [command]/usr/bin/git config --local http.https://github.com/.extraheader AUTHORIZATION: basic ***
2026-01-01T22:26:11.4711607Z ##[endgroup]
2026-01-01T22:26:11.4712926Z ##[group]Fetching the repository
2026-01-01T22:26:11.4721395Z [command]/usr/bin/git -c protocol.version=2 fetch --no-tags --prune --no-recurse-submodules --depth=1 origin +a432b9e9e5f2a45f31ec8f6227be33b9c851530d:refs/remotes/pull/6/merge
2026-01-01T22:26:11.7802368Z From https://github.com/jimhester/simdcsv
2026-01-01T22:26:11.7803716Z  * [new ref]         a432b9e9e5f2a45f31ec8f6227be33b9c851530d -> pull/6/merge
2026-01-01T22:26:11.7835775Z ##[endgroup]
2026-01-01T22:26:11.7838057Z ##[group]Determining the checkout info
2026-01-01T22:26:11.7840181Z ##[endgroup]
2026-01-01T22:26:11.7844043Z [command]/usr/bin/git sparse-checkout disable
2026-01-01T22:26:11.7889052Z [command]/usr/bin/git config --local --unset-all extensions.worktreeConfig
2026-01-01T22:26:11.7915278Z ##[group]Checking out the ref
2026-01-01T22:26:11.7918788Z [command]/usr/bin/git checkout --progress --force refs/remotes/pull/6/merge
2026-01-01T22:26:11.8013972Z Note: switching to 'refs/remotes/pull/6/merge'.
2026-01-01T22:26:11.8015097Z 
2026-01-01T22:26:11.8015777Z You are in 'detached HEAD' state. You can look around, make experimental
2026-01-01T22:26:11.8017691Z changes and commit them, and you can discard any commits you make in this
2026-01-01T22:26:11.8020824Z state without impacting any branches by switching back to a branch.
2026-01-01T22:26:11.8022490Z 
2026-01-01T22:26:11.8023612Z If you want to create a new branch to retain commits you create, you may
2026-01-01T22:26:11.8026165Z do so (now or later) by using -c with the switch command. Example:
2026-01-01T22:26:11.8028001Z 
2026-01-01T22:26:11.8028589Z   git switch -c <new-branch-name>
2026-01-01T22:26:11.8029649Z 
2026-01-01T22:26:11.8030228Z Or undo this operation with:
2026-01-01T22:26:11.8031202Z 
2026-01-01T22:26:11.8031816Z   git switch -
2026-01-01T22:26:11.8032615Z 
2026-01-01T22:26:11.8033951Z Turn off this advice by setting config variable advice.detachedHead to false
2026-01-01T22:26:11.8035383Z 
2026-01-01T22:26:11.8037210Z HEAD is now at a432b9e Merge 917c228b53037d10e905b18503218484c35f7743 into 46a4e3585ad1f63aab6d950fcc6076fa145b5ed6
2026-01-01T22:26:11.8043051Z ##[endgroup]
2026-01-01T22:26:11.8060387Z [command]/usr/bin/git log -1 --format=%H
2026-01-01T22:26:11.8082098Z a432b9e9e5f2a45f31ec8f6227be33b9c851530d
2026-01-01T22:26:11.8308184Z ##[group]Run sudo apt-get update
2026-01-01T22:26:11.8309450Z [36;1msudo apt-get update[0m
2026-01-01T22:26:11.8310829Z [36;1msudo apt-get install -y cmake build-essential lcov[0m
2026-01-01T22:26:11.8348471Z shell: /usr/bin/bash -e {0}
2026-01-01T22:26:11.8349556Z ##[endgroup]
2026-01-01T22:26:11.9121694Z Get:1 file:/etc/apt/apt-mirrors.txt Mirrorlist [144 B]
2026-01-01T22:26:11.9541832Z Hit:6 https://packages.microsoft.com/repos/azure-cli noble InRelease
2026-01-01T22:26:11.9548711Z Get:7 https://packages.microsoft.com/ubuntu/24.04/prod noble InRelease [3600 B]
2026-01-01T22:26:12.0374791Z Hit:2 http://azure.archive.ubuntu.com/ubuntu noble InRelease
2026-01-01T22:26:12.0385302Z Get:3 http://azure.archive.ubuntu.com/ubuntu noble-updates InRelease [126 kB]
2026-01-01T22:26:12.0419166Z Get:4 http://azure.archive.ubuntu.com/ubuntu noble-backports InRelease [126 kB]
2026-01-01T22:26:12.0443013Z Get:5 http://azure.archive.ubuntu.com/ubuntu noble-security InRelease [126 kB]
2026-01-01T22:26:12.0662167Z Get:8 https://packages.microsoft.com/ubuntu/24.04/prod noble/main armhf Packages [11.4 kB]
2026-01-01T22:26:12.0785005Z Get:9 https://packages.microsoft.com/ubuntu/24.04/prod noble/main amd64 Packages [77.3 kB]
2026-01-01T22:26:12.0823021Z Get:10 https://packages.microsoft.com/ubuntu/24.04/prod noble/main arm64 Packages [59.0 kB]
2026-01-01T22:26:12.1697704Z Get:11 http://azure.archive.ubuntu.com/ubuntu noble-updates/main amd64 Packages [1684 kB]
2026-01-01T22:26:12.1784152Z Get:12 http://azure.archive.ubuntu.com/ubuntu noble-updates/main Translation-en [311 kB]
2026-01-01T22:26:12.1808248Z Get:13 http://azure.archive.ubuntu.com/ubuntu noble-updates/main amd64 Components [175 kB]
2026-01-01T22:26:12.1831726Z Get:14 http://azure.archive.ubuntu.com/ubuntu noble-updates/main amd64 c-n-f Metadata [15.8 kB]
2026-01-01T22:26:12.1846633Z Get:15 http://azure.archive.ubuntu.com/ubuntu noble-updates/universe amd64 Packages [1506 kB]
2026-01-01T22:26:12.1923428Z Get:16 http://azure.archive.ubuntu.com/ubuntu noble-updates/universe Translation-en [306 kB]
2026-01-01T22:26:12.1956660Z Get:17 http://azure.archive.ubuntu.com/ubuntu noble-updates/universe amd64 Components [377 kB]
2026-01-01T22:26:12.2003935Z Get:18 http://azure.archive.ubuntu.com/ubuntu noble-updates/universe amd64 c-n-f Metadata [31.4 kB]
2026-01-01T22:26:12.2027239Z Get:19 http://azure.archive.ubuntu.com/ubuntu noble-updates/restricted amd64 Packages [2413 kB]
2026-01-01T22:26:12.2139853Z Get:20 http://azure.archive.ubuntu.com/ubuntu noble-updates/restricted Translation-en [550 kB]
2026-01-01T22:26:12.2636337Z Get:21 http://azure.archive.ubuntu.com/ubuntu noble-updates/restricted amd64 Components [212 B]
2026-01-01T22:26:12.2645330Z Get:22 http://azure.archive.ubuntu.com/ubuntu noble-updates/restricted amd64 c-n-f Metadata [516 B]
2026-01-01T22:26:12.2654705Z Get:23 http://azure.archive.ubuntu.com/ubuntu noble-updates/multiverse amd64 Packages [30.3 kB]
2026-01-01T22:26:12.2666362Z Get:24 http://azure.archive.ubuntu.com/ubuntu noble-updates/multiverse Translation-en [6048 B]
2026-01-01T22:26:12.2676552Z Get:25 http://azure.archive.ubuntu.com/ubuntu noble-updates/multiverse amd64 Components [940 B]
2026-01-01T22:26:12.2689723Z Get:26 http://azure.archive.ubuntu.com/ubuntu noble-updates/multiverse amd64 c-n-f Metadata [488 B]
2026-01-01T22:26:12.2699789Z Get:27 http://azure.archive.ubuntu.com/ubuntu noble-backports/main amd64 Packages [40.4 kB]
2026-01-01T22:26:12.2830243Z Get:28 http://azure.archive.ubuntu.com/ubuntu noble-backports/main amd64 Components [7308 B]
2026-01-01T22:26:12.2835423Z Get:29 http://azure.archive.ubuntu.com/ubuntu noble-backports/main amd64 c-n-f Metadata [368 B]
2026-01-01T22:26:12.2839657Z Get:30 http://azure.archive.ubuntu.com/ubuntu noble-backports/universe amd64 Packages [29.5 kB]
2026-01-01T22:26:12.2843925Z Get:31 http://azure.archive.ubuntu.com/ubuntu noble-backports/universe Translation-en [17.9 kB]
2026-01-01T22:26:12.2853522Z Get:32 http://azure.archive.ubuntu.com/ubuntu noble-backports/universe amd64 Components [10.5 kB]
2026-01-01T22:26:12.2862597Z Get:33 http://azure.archive.ubuntu.com/ubuntu noble-backports/universe amd64 c-n-f Metadata [1444 B]
2026-01-01T22:26:12.2872180Z Get:34 http://azure.archive.ubuntu.com/ubuntu noble-backports/restricted amd64 Components [212 B]
2026-01-01T22:26:12.3311049Z Get:35 http://azure.archive.ubuntu.com/ubuntu noble-backports/multiverse amd64 Components [212 B]
2026-01-01T22:26:12.3321287Z Get:36 http://azure.archive.ubuntu.com/ubuntu noble-security/main Translation-en [225 kB]
2026-01-01T22:26:12.3342890Z Get:37 http://azure.archive.ubuntu.com/ubuntu noble-security/main amd64 Components [21.5 kB]
2026-01-01T22:26:12.3352396Z Get:38 http://azure.archive.ubuntu.com/ubuntu noble-security/main amd64 c-n-f Metadata [9504 B]
2026-01-01T22:26:12.3361793Z Get:39 http://azure.archive.ubuntu.com/ubuntu noble-security/universe amd64 Components [71.3 kB]
2026-01-01T22:26:12.3373767Z Get:40 http://azure.archive.ubuntu.com/ubuntu noble-security/restricted amd64 Components [208 B]
2026-01-01T22:26:12.3382315Z Get:41 http://azure.archive.ubuntu.com/ubuntu noble-security/multiverse amd64 Components [208 B]
2026-01-01T22:26:20.6536733Z Fetched 8374 kB in 1s (7399 kB/s)
2026-01-01T22:26:21.3992871Z Reading package lists...
2026-01-01T22:26:21.4321230Z Reading package lists...
2026-01-01T22:26:21.6024946Z Building dependency tree...
2026-01-01T22:26:21.6032685Z Reading state information...
2026-01-01T22:26:21.7585973Z The following additional packages will be installed:
2026-01-01T22:26:21.7587271Z   cmake-data libalgorithm-c3-perl libb-hooks-endofscope-perl
2026-01-01T22:26:21.7588115Z   libb-hooks-op-check-perl libcapture-tiny-perl libclass-c3-perl
2026-01-01T22:26:21.7589074Z   libclass-c3-xs-perl libclass-data-inheritable-perl libclass-inspector-perl
2026-01-01T22:26:21.7589952Z   libclass-method-modifiers-perl libclass-singleton-perl
2026-01-01T22:26:21.7590877Z   libclass-xsaccessor-perl libdata-optlist-perl libdatetime-locale-perl
2026-01-01T22:26:21.7591873Z   libdatetime-perl libdatetime-timezone-perl libdevel-callchecker-perl
2026-01-01T22:26:21.7592799Z   libdevel-caller-perl libdevel-lexalias-perl libdevel-stacktrace-perl
2026-01-01T22:26:21.7593718Z   libdynaloader-functions-perl libeval-closure-perl libexception-class-perl
2026-01-01T22:26:21.7595765Z   libfile-sharedir-perl libgd-perl libjsoncpp25 libmodule-implementation-perl
2026-01-01T22:26:21.7597003Z   libmodule-runtime-perl libmro-compat-perl libnamespace-autoclean-perl
2026-01-01T22:26:21.7597976Z   libnamespace-clean-perl libpackage-stash-perl libpackage-stash-xs-perl
2026-01-01T22:26:21.7599021Z   libpadwalker-perl libparams-classify-perl libparams-util-perl
2026-01-01T22:26:21.7599864Z   libparams-validationcompiler-perl libperlio-gzip-perl libreadonly-perl
2026-01-01T22:26:21.7600756Z   libref-util-perl libref-util-xs-perl librhash0 librole-tiny-perl
2026-01-01T22:26:21.7601541Z   libspecio-perl libsub-exporter-perl libsub-exporter-progressive-perl
2026-01-01T22:26:21.7602244Z   libsub-identify-perl libsub-install-perl libsub-name-perl libsub-quote-perl
2026-01-01T22:26:21.7603124Z   libtry-tiny-perl libvariable-magic-perl libxstring-perl
2026-01-01T22:26:21.7603542Z Suggested packages:
2026-01-01T22:26:21.7603937Z   cmake-doc cmake-format elpa-cmake-mode ninja-build libscalar-number-perl
2026-01-01T22:26:21.7604400Z   libtest-fatal-perl
2026-01-01T22:26:21.7885762Z The following NEW packages will be installed:
2026-01-01T22:26:21.7886569Z   build-essential cmake cmake-data lcov libalgorithm-c3-perl
2026-01-01T22:26:21.7887678Z   libb-hooks-endofscope-perl libb-hooks-op-check-perl libcapture-tiny-perl
2026-01-01T22:26:21.7888711Z   libclass-c3-perl libclass-c3-xs-perl libclass-data-inheritable-perl
2026-01-01T22:26:21.7889645Z   libclass-inspector-perl libclass-method-modifiers-perl
2026-01-01T22:26:21.7890511Z   libclass-singleton-perl libclass-xsaccessor-perl libdata-optlist-perl
2026-01-01T22:26:21.7891459Z   libdatetime-locale-perl libdatetime-perl libdatetime-timezone-perl
2026-01-01T22:26:21.7892768Z   libdevel-callchecker-perl libdevel-caller-perl libdevel-lexalias-perl
2026-01-01T22:26:21.7893774Z   libdevel-stacktrace-perl libdynaloader-functions-perl libeval-closure-perl
2026-01-01T22:26:21.7894759Z   libexception-class-perl libfile-sharedir-perl libgd-perl libjsoncpp25
2026-01-01T22:26:21.7895666Z   libmodule-implementation-perl libmodule-runtime-perl libmro-compat-perl
2026-01-01T22:26:21.7896652Z   libnamespace-autoclean-perl libnamespace-clean-perl libpackage-stash-perl
2026-01-01T22:26:21.7981313Z   libpackage-stash-xs-perl libpadwalker-perl libparams-classify-perl
2026-01-01T22:26:21.7981925Z   libparams-util-perl libparams-validationcompiler-perl libperlio-gzip-perl
2026-01-01T22:26:21.7982497Z   libreadonly-perl libref-util-perl libref-util-xs-perl librhash0
2026-01-01T22:26:21.7983186Z   librole-tiny-perl libspecio-perl libsub-exporter-perl
2026-01-01T22:26:21.7984142Z   libsub-exporter-progressive-perl libsub-identify-perl libsub-install-perl
2026-01-01T22:26:21.7985149Z   libsub-name-perl libsub-quote-perl libtry-tiny-perl libvariable-magic-perl
2026-01-01T22:26:21.7985946Z   libxstring-perl
2026-01-01T22:26:21.8108079Z 0 upgraded, 56 newly installed, 0 to remove and 69 not upgraded.
2026-01-01T22:26:21.8108788Z Need to get 18.0 MB of archives.
2026-01-01T22:26:21.8109455Z After this operation, 80.8 MB of additional disk space will be used.
2026-01-01T22:26:21.8110200Z Get:1 file:/etc/apt/apt-mirrors.txt Mirrorlist [144 B]
2026-01-01T22:26:21.8873019Z Get:2 http://azure.archive.ubuntu.com/ubuntu noble/main amd64 build-essential amd64 12.10ubuntu1 [4928 B]
2026-01-01T22:26:21.9197194Z Get:3 http://azure.archive.ubuntu.com/ubuntu noble/main amd64 libjsoncpp25 amd64 1.9.5-6build1 [82.8 kB]
2026-01-01T22:26:22.0256190Z Get:4 http://azure.archive.ubuntu.com/ubuntu noble/main amd64 librhash0 amd64 1.4.3-3build1 [129 kB]
2026-01-01T22:26:22.0945534Z Get:5 http://azure.archive.ubuntu.com/ubuntu noble/main amd64 cmake-data all 3.28.3-1build7 [2155 kB]
2026-01-01T22:26:22.2433469Z Get:6 http://azure.archive.ubuntu.com/ubuntu noble/main amd64 cmake amd64 3.28.3-1build7 [11.2 MB]
2026-01-01T22:26:22.3996725Z Get:7 http://azure.archive.ubuntu.com/ubuntu noble/main amd64 libcapture-tiny-perl all 0.48-2 [20.2 kB]
2026-01-01T22:26:22.4323363Z Get:8 http://azure.archive.ubuntu.com/ubuntu noble/main amd64 libclass-inspector-perl all 1.36-3 [15.4 kB]
2026-01-01T22:26:22.4646734Z Get:9 http://azure.archive.ubuntu.com/ubuntu noble/main amd64 libfile-sharedir-perl all 1.118-3 [14.0 kB]
2026-01-01T22:26:22.4970330Z Get:10 http://azure.archive.ubuntu.com/ubuntu noble/main amd64 libb-hooks-op-check-perl amd64 0.22-3build1 [9518 B]
2026-01-01T22:26:22.5293560Z Get:11 http://azure.archive.ubuntu.com/ubuntu noble/main amd64 libdynaloader-functions-perl all 0.003-3 [12.1 kB]
2026-01-01T22:26:22.5606974Z Get:12 http://azure.archive.ubuntu.com/ubuntu noble/main amd64 libdevel-callchecker-perl amd64 0.008-2build3 [13.2 kB]
2026-01-01T22:26:22.5925051Z Get:13 http://azure.archive.ubuntu.com/ubuntu noble/main amd64 libparams-classify-perl amd64 0.015-2build5 [20.1 kB]
2026-01-01T22:26:22.6245594Z Get:14 http://azure.archive.ubuntu.com/ubuntu noble/main amd64 libmodule-runtime-perl all 0.016-2 [16.4 kB]
2026-01-01T22:26:22.6576303Z Get:15 http://azure.archive.ubuntu.com/ubuntu noble/main amd64 libtry-tiny-perl all 0.31-2 [20.8 kB]
2026-01-01T22:26:22.6900108Z Get:16 http://azure.archive.ubuntu.com/ubuntu noble/main amd64 libmodule-implementation-perl all 0.09-2 [12.0 kB]
2026-01-01T22:26:22.7227628Z Get:17 http://azure.archive.ubuntu.com/ubuntu noble/main amd64 libsub-exporter-progressive-perl all 0.001013-3 [6718 B]
2026-01-01T22:26:22.7547105Z Get:18 http://azure.archive.ubuntu.com/ubuntu noble/main amd64 libvariable-magic-perl amd64 0.63-1build3 [35.1 kB]
2026-01-01T22:26:22.8339435Z Get:19 http://azure.archive.ubuntu.com/ubuntu noble/main amd64 libb-hooks-endofscope-perl all 0.28-1 [15.8 kB]
2026-01-01T22:26:22.8662406Z Get:20 http://azure.archive.ubuntu.com/ubuntu noble/main amd64 libpackage-stash-perl all 0.40-1 [19.5 kB]
2026-01-01T22:26:22.8986247Z Get:21 http://azure.archive.ubuntu.com/ubuntu noble/main amd64 libsub-identify-perl amd64 0.14-3build3 [9786 B]
2026-01-01T22:26:22.9307313Z Get:22 http://azure.archive.ubuntu.com/ubuntu noble/main amd64 libsub-name-perl amd64 0.27-1build3 [10.8 kB]
2026-01-01T22:26:22.9628458Z Get:23 http://azure.archive.ubuntu.com/ubuntu noble/main amd64 libnamespace-clean-perl all 0.27-2 [14.0 kB]
2026-01-01T22:26:22.9950953Z Get:24 http://azure.archive.ubuntu.com/ubuntu noble/universe amd64 libnamespace-autoclean-perl all 0.29-2 [11.7 kB]
2026-01-01T22:26:23.0272471Z Get:25 http://azure.archive.ubuntu.com/ubuntu noble/main amd64 libparams-util-perl amd64 1.102-2build3 [21.2 kB]
2026-01-01T22:26:23.0599286Z Get:26 http://azure.archive.ubuntu.com/ubuntu noble/main amd64 libsub-install-perl all 0.929-1 [9764 B]
2026-01-01T22:26:23.0913543Z Get:27 http://azure.archive.ubuntu.com/ubuntu noble/main amd64 libdata-optlist-perl all 0.114-1 [9708 B]
2026-01-01T22:26:23.1212480Z Get:28 http://azure.archive.ubuntu.com/ubuntu noble/main amd64 libsub-exporter-perl all 0.990-1 [49.0 kB]
2026-01-01T22:26:23.1510502Z Get:29 http://azure.archive.ubuntu.com/ubuntu noble/universe amd64 libeval-closure-perl all 0.14-3 [10.1 kB]
2026-01-01T22:26:23.1814563Z Get:30 http://azure.archive.ubuntu.com/ubuntu noble/main amd64 libclass-data-inheritable-perl all 0.08-3 [8084 B]
2026-01-01T22:26:23.2123744Z Get:31 http://azure.archive.ubuntu.com/ubuntu noble/main amd64 libdevel-stacktrace-perl all 2.0500-1 [22.1 kB]
2026-01-01T22:26:23.2421742Z Get:32 http://azure.archive.ubuntu.com/ubuntu noble/main amd64 libexception-class-perl all 1.45-1 [28.6 kB]
2026-01-01T22:26:23.2723691Z Get:33 http://azure.archive.ubuntu.com/ubuntu noble/universe amd64 libparams-validationcompiler-perl all 0.31-1 [28.3 kB]
2026-01-01T22:26:23.3019965Z Get:34 http://azure.archive.ubuntu.com/ubuntu noble/universe amd64 libalgorithm-c3-perl all 0.11-2 [10.2 kB]
2026-01-01T22:26:23.3313451Z Get:35 http://azure.archive.ubuntu.com/ubuntu noble/universe amd64 libclass-c3-perl all 0.35-2 [18.4 kB]
2026-01-01T22:26:23.3606663Z Get:36 http://azure.archive.ubuntu.com/ubuntu noble/universe amd64 libmro-compat-perl all 0.15-2 [10.1 kB]
2026-01-01T22:26:23.4353627Z Get:37 http://azure.archive.ubuntu.com/ubuntu noble/main amd64 libclass-method-modifiers-perl all 2.15-1 [16.1 kB]
2026-01-01T22:26:23.4670838Z Get:38 http://azure.archive.ubuntu.com/ubuntu noble/main amd64 librole-tiny-perl all 2.002004-1 [16.3 kB]
2026-01-01T22:26:23.4968753Z Get:39 http://azure.archive.ubuntu.com/ubuntu noble/main amd64 libsub-quote-perl all 2.006008-1ubuntu1 [20.7 kB]
2026-01-01T22:26:23.5297696Z Get:40 http://azure.archive.ubuntu.com/ubuntu noble/universe amd64 libxstring-perl amd64 0.005-2build3 [7852 B]
2026-01-01T22:26:23.5593765Z Get:41 http://azure.archive.ubuntu.com/ubuntu noble/universe amd64 libspecio-perl all 0.48-1 [137 kB]
2026-01-01T22:26:23.5899248Z Get:42 http://azure.archive.ubuntu.com/ubuntu noble/universe amd64 libdatetime-locale-perl all 1:1.37-1 [2833 kB]
2026-01-01T22:26:23.6528368Z Get:43 http://azure.archive.ubuntu.com/ubuntu noble/universe amd64 libclass-singleton-perl all 1.6-2 [11.5 kB]
2026-01-01T22:26:23.6820733Z Get:44 http://azure.archive.ubuntu.com/ubuntu noble/universe amd64 libdatetime-timezone-perl all 1:2.62-1+2024a [262 kB]
2026-01-01T22:26:23.7215942Z Get:45 http://azure.archive.ubuntu.com/ubuntu noble/universe amd64 libdatetime-perl amd64 2:1.65-1build2 [95.8 kB]
2026-01-01T22:26:23.7517542Z Get:46 http://azure.archive.ubuntu.com/ubuntu noble/main amd64 libperlio-gzip-perl amd64 0.20-1build4 [14.6 kB]
2026-01-01T22:26:23.7821600Z Get:47 http://azure.archive.ubuntu.com/ubuntu noble/universe amd64 lcov all 2.0-4ubuntu2 [223 kB]
2026-01-01T22:26:23.8155812Z Get:48 http://azure.archive.ubuntu.com/ubuntu noble/universe amd64 libclass-c3-xs-perl amd64 0.15-1build6 [16.3 kB]
2026-01-01T22:26:23.8452386Z Get:49 http://azure.archive.ubuntu.com/ubuntu noble/main amd64 libclass-xsaccessor-perl amd64 1.19-4build4 [33.1 kB]
2026-01-01T22:26:23.8757266Z Get:50 http://azure.archive.ubuntu.com/ubuntu noble/universe amd64 libpadwalker-perl amd64 2.5-1build6 [15.5 kB]
2026-01-01T22:26:23.9054541Z Get:51 http://azure.archive.ubuntu.com/ubuntu noble/universe amd64 libdevel-caller-perl amd64 2.07-1build3 [9766 B]
2026-01-01T22:26:23.9358574Z Get:52 http://azure.archive.ubuntu.com/ubuntu noble/universe amd64 libdevel-lexalias-perl amd64 0.05-3build4 [8014 B]
2026-01-01T22:26:23.9670440Z Get:53 http://azure.archive.ubuntu.com/ubuntu noble/main amd64 libpackage-stash-xs-perl amd64 0.30-1build4 [18.7 kB]
2026-01-01T22:26:24.0398114Z Get:54 http://azure.archive.ubuntu.com/ubuntu noble/universe amd64 libreadonly-perl all 2.050-3 [19.9 kB]
2026-01-01T22:26:24.0697158Z Get:55 http://azure.archive.ubuntu.com/ubuntu noble/universe amd64 libref-util-perl all 0.204-2 [15.1 kB]
2026-01-01T22:26:24.0998977Z Get:56 http://azure.archive.ubuntu.com/ubuntu noble/universe amd64 libref-util-xs-perl amd64 0.117-2build4 [12.6 kB]
2026-01-01T22:26:24.1293879Z Get:57 http://azure.archive.ubuntu.com/ubuntu noble/main amd64 libgd-perl amd64 2.78-1build3 [129 kB]
2026-01-01T22:26:24.4350620Z Fetched 18.0 MB in 2s (7703 kB/s)
2026-01-01T22:26:24.4582814Z Selecting previously unselected package build-essential.
2026-01-01T22:26:24.4868992Z (Reading database ... 
2026-01-01T22:26:24.4869352Z (Reading database ... 5%
2026-01-01T22:26:24.4869633Z (Reading database ... 10%
2026-01-01T22:26:24.4869896Z (Reading database ... 15%
2026-01-01T22:26:24.4870156Z (Reading database ... 20%
2026-01-01T22:26:24.4870412Z (Reading database ... 25%
2026-01-01T22:26:24.4870655Z (Reading database ... 30%
2026-01-01T22:26:24.4870903Z (Reading database ... 35%
2026-01-01T22:26:24.4871146Z (Reading database ... 40%
2026-01-01T22:26:24.4871393Z (Reading database ... 45%
2026-01-01T22:26:24.4871638Z (Reading database ... 50%
2026-01-01T22:26:24.4967337Z (Reading database ... 55%
2026-01-01T22:26:24.5969749Z (Reading database ... 60%
2026-01-01T22:26:24.7274915Z (Reading database ... 65%
2026-01-01T22:26:24.7714789Z (Reading database ... 70%
2026-01-01T22:26:24.8116499Z (Reading database ... 75%
2026-01-01T22:26:24.9088734Z (Reading database ... 80%
2026-01-01T22:26:25.0612872Z (Reading database ... 85%
2026-01-01T22:26:25.2269613Z (Reading database ... 90%
2026-01-01T22:26:25.3472688Z (Reading database ... 95%
2026-01-01T22:26:25.3473133Z (Reading database ... 100%
2026-01-01T22:26:25.3473675Z (Reading database ... 217374 files and directories currently installed.)
2026-01-01T22:26:25.3518854Z Preparing to unpack .../00-build-essential_12.10ubuntu1_amd64.deb ...
2026-01-01T22:26:25.3550494Z Unpacking build-essential (12.10ubuntu1) ...
2026-01-01T22:26:25.3790992Z Selecting previously unselected package libjsoncpp25:amd64.
2026-01-01T22:26:25.3923437Z Preparing to unpack .../01-libjsoncpp25_1.9.5-6build1_amd64.deb ...
2026-01-01T22:26:25.3949793Z Unpacking libjsoncpp25:amd64 (1.9.5-6build1) ...
2026-01-01T22:26:25.4206269Z Selecting previously unselected package librhash0:amd64.
2026-01-01T22:26:25.4339907Z Preparing to unpack .../02-librhash0_1.4.3-3build1_amd64.deb ...
2026-01-01T22:26:25.4354179Z Unpacking librhash0:amd64 (1.4.3-3build1) ...
2026-01-01T22:26:25.4614811Z Selecting previously unselected package cmake-data.
2026-01-01T22:26:25.4746665Z Preparing to unpack .../03-cmake-data_3.28.3-1build7_all.deb ...
2026-01-01T22:26:25.4818914Z Unpacking cmake-data (3.28.3-1build7) ...
2026-01-01T22:26:26.0614288Z Selecting previously unselected package cmake.
2026-01-01T22:26:26.0759761Z Preparing to unpack .../04-cmake_3.28.3-1build7_amd64.deb ...
2026-01-01T22:26:26.0772243Z Unpacking cmake (3.28.3-1build7) ...
2026-01-01T22:26:26.2401427Z Selecting previously unselected package libcapture-tiny-perl.
2026-01-01T22:26:26.2536038Z Preparing to unpack .../05-libcapture-tiny-perl_0.48-2_all.deb ...
2026-01-01T22:26:26.2548114Z Unpacking libcapture-tiny-perl (0.48-2) ...
2026-01-01T22:26:26.2781871Z Selecting previously unselected package libclass-inspector-perl.
2026-01-01T22:26:26.2915763Z Preparing to unpack .../06-libclass-inspector-perl_1.36-3_all.deb ...
2026-01-01T22:26:26.2927220Z Unpacking libclass-inspector-perl (1.36-3) ...
2026-01-01T22:26:26.3156978Z Selecting previously unselected package libfile-sharedir-perl.
2026-01-01T22:26:26.3291943Z Preparing to unpack .../07-libfile-sharedir-perl_1.118-3_all.deb ...
2026-01-01T22:26:26.3305702Z Unpacking libfile-sharedir-perl (1.118-3) ...
2026-01-01T22:26:26.3549143Z Selecting previously unselected package libb-hooks-op-check-perl:amd64.
2026-01-01T22:26:26.3682136Z Preparing to unpack .../08-libb-hooks-op-check-perl_0.22-3build1_amd64.deb ...
2026-01-01T22:26:26.3692406Z Unpacking libb-hooks-op-check-perl:amd64 (0.22-3build1) ...
2026-01-01T22:26:26.3912577Z Selecting previously unselected package libdynaloader-functions-perl.
2026-01-01T22:26:26.4045572Z Preparing to unpack .../09-libdynaloader-functions-perl_0.003-3_all.deb ...
2026-01-01T22:26:26.4055987Z Unpacking libdynaloader-functions-perl (0.003-3) ...
2026-01-01T22:26:26.4265067Z Selecting previously unselected package libdevel-callchecker-perl:amd64.
2026-01-01T22:26:26.4397944Z Preparing to unpack .../10-libdevel-callchecker-perl_0.008-2build3_amd64.deb ...
2026-01-01T22:26:26.4410343Z Unpacking libdevel-callchecker-perl:amd64 (0.008-2build3) ...
2026-01-01T22:26:26.4623099Z Selecting previously unselected package libparams-classify-perl:amd64.
2026-01-01T22:26:26.4754541Z Preparing to unpack .../11-libparams-classify-perl_0.015-2build5_amd64.deb ...
2026-01-01T22:26:26.4765479Z Unpacking libparams-classify-perl:amd64 (0.015-2build5) ...
2026-01-01T22:26:26.4982706Z Selecting previously unselected package libmodule-runtime-perl.
2026-01-01T22:26:26.5114548Z Preparing to unpack .../12-libmodule-runtime-perl_0.016-2_all.deb ...
2026-01-01T22:26:26.5124884Z Unpacking libmodule-runtime-perl (0.016-2) ...
2026-01-01T22:26:26.5340015Z Selecting previously unselected package libtry-tiny-perl.
2026-01-01T22:26:26.5472721Z Preparing to unpack .../13-libtry-tiny-perl_0.31-2_all.deb ...
2026-01-01T22:26:26.5492094Z Unpacking libtry-tiny-perl (0.31-2) ...
2026-01-01T22:26:26.5710921Z Selecting previously unselected package libmodule-implementation-perl.
2026-01-01T22:26:26.5844030Z Preparing to unpack .../14-libmodule-implementation-perl_0.09-2_all.deb ...
2026-01-01T22:26:26.5853977Z Unpacking libmodule-implementation-perl (0.09-2) ...
2026-01-01T22:26:26.6293068Z Selecting previously unselected package libsub-exporter-progressive-perl.
2026-01-01T22:26:26.6424019Z Preparing to unpack .../15-libsub-exporter-progressive-perl_0.001013-3_all.deb ...
2026-01-01T22:26:26.6434011Z Unpacking libsub-exporter-progressive-perl (0.001013-3) ...
2026-01-01T22:26:26.6645524Z Selecting previously unselected package libvariable-magic-perl.
2026-01-01T22:26:26.6777814Z Preparing to unpack .../16-libvariable-magic-perl_0.63-1build3_amd64.deb ...
2026-01-01T22:26:26.6788900Z Unpacking libvariable-magic-perl (0.63-1build3) ...
2026-01-01T22:26:26.7023680Z Selecting previously unselected package libb-hooks-endofscope-perl.
2026-01-01T22:26:26.7162081Z Preparing to unpack .../17-libb-hooks-endofscope-perl_0.28-1_all.deb ...
2026-01-01T22:26:26.7171677Z Unpacking libb-hooks-endofscope-perl (0.28-1) ...
2026-01-01T22:26:26.7394343Z Selecting previously unselected package libpackage-stash-perl.
2026-01-01T22:26:26.7529253Z Preparing to unpack .../18-libpackage-stash-perl_0.40-1_all.deb ...
2026-01-01T22:26:26.7539682Z Unpacking libpackage-stash-perl (0.40-1) ...
2026-01-01T22:26:26.7764678Z Selecting previously unselected package libsub-identify-perl.
2026-01-01T22:26:26.7898608Z Preparing to unpack .../19-libsub-identify-perl_0.14-3build3_amd64.deb ...
2026-01-01T22:26:26.7910272Z Unpacking libsub-identify-perl (0.14-3build3) ...
2026-01-01T22:26:26.8136192Z Selecting previously unselected package libsub-name-perl:amd64.
2026-01-01T22:26:26.8268504Z Preparing to unpack .../20-libsub-name-perl_0.27-1build3_amd64.deb ...
2026-01-01T22:26:26.8281365Z Unpacking libsub-name-perl:amd64 (0.27-1build3) ...
2026-01-01T22:26:26.8491387Z Selecting previously unselected package libnamespace-clean-perl.
2026-01-01T22:26:26.8624822Z Preparing to unpack .../21-libnamespace-clean-perl_0.27-2_all.deb ...
2026-01-01T22:26:26.8635752Z Unpacking libnamespace-clean-perl (0.27-2) ...
2026-01-01T22:26:26.8842246Z Selecting previously unselected package libnamespace-autoclean-perl.
2026-01-01T22:26:26.8974290Z Preparing to unpack .../22-libnamespace-autoclean-perl_0.29-2_all.deb ...
2026-01-01T22:26:26.8985989Z Unpacking libnamespace-autoclean-perl (0.29-2) ...
2026-01-01T22:26:26.9195567Z Selecting previously unselected package libparams-util-perl.
2026-01-01T22:26:26.9328646Z Preparing to unpack .../23-libparams-util-perl_1.102-2build3_amd64.deb ...
2026-01-01T22:26:26.9339820Z Unpacking libparams-util-perl (1.102-2build3) ...
2026-01-01T22:26:26.9557283Z Selecting previously unselected package libsub-install-perl.
2026-01-01T22:26:26.9690062Z Preparing to unpack .../24-libsub-install-perl_0.929-1_all.deb ...
2026-01-01T22:26:26.9703920Z Unpacking libsub-install-perl (0.929-1) ...
2026-01-01T22:26:26.9925902Z Selecting previously unselected package libdata-optlist-perl.
2026-01-01T22:26:27.0059100Z Preparing to unpack .../25-libdata-optlist-perl_0.114-1_all.deb ...
2026-01-01T22:26:27.0071019Z Unpacking libdata-optlist-perl (0.114-1) ...
2026-01-01T22:26:27.0274452Z Selecting previously unselected package libsub-exporter-perl.
2026-01-01T22:26:27.0432066Z Preparing to unpack .../26-libsub-exporter-perl_0.990-1_all.deb ...
2026-01-01T22:26:27.0444091Z Unpacking libsub-exporter-perl (0.990-1) ...
2026-01-01T22:26:27.0690951Z Selecting previously unselected package libeval-closure-perl.
2026-01-01T22:26:27.0827244Z Preparing to unpack .../27-libeval-closure-perl_0.14-3_all.deb ...
2026-01-01T22:26:27.0837836Z Unpacking libeval-closure-perl (0.14-3) ...
2026-01-01T22:26:27.1044892Z Selecting previously unselected package libclass-data-inheritable-perl.
2026-01-01T22:26:27.1180977Z Preparing to unpack .../28-libclass-data-inheritable-perl_0.08-3_all.deb ...
2026-01-01T22:26:27.1192495Z Unpacking libclass-data-inheritable-perl (0.08-3) ...
2026-01-01T22:26:27.1410084Z Selecting previously unselected package libdevel-stacktrace-perl.
2026-01-01T22:26:27.1544662Z Preparing to unpack .../29-libdevel-stacktrace-perl_2.0500-1_all.deb ...
2026-01-01T22:26:27.1554296Z Unpacking libdevel-stacktrace-perl (2.0500-1) ...
2026-01-01T22:26:27.1773306Z Selecting previously unselected package libexception-class-perl.
2026-01-01T22:26:27.1906624Z Preparing to unpack .../30-libexception-class-perl_1.45-1_all.deb ...
2026-01-01T22:26:27.1915929Z Unpacking libexception-class-perl (1.45-1) ...
2026-01-01T22:26:27.2142100Z Selecting previously unselected package libparams-validationcompiler-perl.
2026-01-01T22:26:27.2275004Z Preparing to unpack .../31-libparams-validationcompiler-perl_0.31-1_all.deb ...
2026-01-01T22:26:27.2287123Z Unpacking libparams-validationcompiler-perl (0.31-1) ...
2026-01-01T22:26:27.2509115Z Selecting previously unselected package libalgorithm-c3-perl.
2026-01-01T22:26:27.2643516Z Preparing to unpack .../32-libalgorithm-c3-perl_0.11-2_all.deb ...
2026-01-01T22:26:27.2654967Z Unpacking libalgorithm-c3-perl (0.11-2) ...
2026-01-01T22:26:27.2871262Z Selecting previously unselected package libclass-c3-perl.
2026-01-01T22:26:27.3006457Z Preparing to unpack .../33-libclass-c3-perl_0.35-2_all.deb ...
2026-01-01T22:26:27.3020428Z Unpacking libclass-c3-perl (0.35-2) ...
2026-01-01T22:26:27.3233772Z Selecting previously unselected package libmro-compat-perl.
2026-01-01T22:26:27.3369807Z Preparing to unpack .../34-libmro-compat-perl_0.15-2_all.deb ...
2026-01-01T22:26:27.3381795Z Unpacking libmro-compat-perl (0.15-2) ...
2026-01-01T22:26:27.3592235Z Selecting previously unselected package libclass-method-modifiers-perl.
2026-01-01T22:26:27.3726185Z Preparing to unpack .../35-libclass-method-modifiers-perl_2.15-1_all.deb ...
2026-01-01T22:26:27.3734826Z Unpacking libclass-method-modifiers-perl (2.15-1) ...
2026-01-01T22:26:27.3940642Z Selecting previously unselected package librole-tiny-perl.
2026-01-01T22:26:27.4074372Z Preparing to unpack .../36-librole-tiny-perl_2.002004-1_all.deb ...
2026-01-01T22:26:27.4087561Z Unpacking librole-tiny-perl (2.002004-1) ...
2026-01-01T22:26:27.4315022Z Selecting previously unselected package libsub-quote-perl.
2026-01-01T22:26:27.4447992Z Preparing to unpack .../37-libsub-quote-perl_2.006008-1ubuntu1_all.deb ...
2026-01-01T22:26:27.4459684Z Unpacking libsub-quote-perl (2.006008-1ubuntu1) ...
2026-01-01T22:26:27.4674848Z Selecting previously unselected package libxstring-perl:amd64.
2026-01-01T22:26:27.4808895Z Preparing to unpack .../38-libxstring-perl_0.005-2build3_amd64.deb ...
2026-01-01T22:26:27.4819518Z Unpacking libxstring-perl:amd64 (0.005-2build3) ...
2026-01-01T22:26:27.5023159Z Selecting previously unselected package libspecio-perl.
2026-01-01T22:26:27.5155539Z Preparing to unpack .../39-libspecio-perl_0.48-1_all.deb ...
2026-01-01T22:26:27.5166224Z Unpacking libspecio-perl (0.48-1) ...
2026-01-01T22:26:27.5508297Z Selecting previously unselected package libdatetime-locale-perl.
2026-01-01T22:26:27.5641774Z Preparing to unpack .../40-libdatetime-locale-perl_1%3a1.37-1_all.deb ...
2026-01-01T22:26:27.5650778Z Unpacking libdatetime-locale-perl (1:1.37-1) ...
2026-01-01T22:26:28.0340739Z Selecting previously unselected package libclass-singleton-perl.
2026-01-01T22:26:28.0484132Z Preparing to unpack .../41-libclass-singleton-perl_1.6-2_all.deb ...
2026-01-01T22:26:28.0494344Z Unpacking libclass-singleton-perl (1.6-2) ...
2026-01-01T22:26:28.0706339Z Selecting previously unselected package libdatetime-timezone-perl.
2026-01-01T22:26:28.0842482Z Preparing to unpack .../42-libdatetime-timezone-perl_1%3a2.62-1+2024a_all.deb ...
2026-01-01T22:26:28.0852454Z Unpacking libdatetime-timezone-perl (1:2.62-1+2024a) ...
2026-01-01T22:26:28.1764415Z Selecting previously unselected package libdatetime-perl.
2026-01-01T22:26:28.1903081Z Preparing to unpack .../43-libdatetime-perl_2%3a1.65-1build2_amd64.deb ...
2026-01-01T22:26:28.1913505Z Unpacking libdatetime-perl (2:1.65-1build2) ...
2026-01-01T22:26:28.2162908Z Selecting previously unselected package libperlio-gzip-perl.
2026-01-01T22:26:28.2300869Z Preparing to unpack .../44-libperlio-gzip-perl_0.20-1build4_amd64.deb ...
2026-01-01T22:26:28.2318328Z Unpacking libperlio-gzip-perl (0.20-1build4) ...
2026-01-01T22:26:28.2541808Z Selecting previously unselected package lcov.
2026-01-01T22:26:28.2683290Z Preparing to unpack .../45-lcov_2.0-4ubuntu2_all.deb ...
2026-01-01T22:26:28.2691994Z Unpacking lcov (2.0-4ubuntu2) ...
2026-01-01T22:26:28.3043084Z Selecting previously unselected package libclass-c3-xs-perl.
2026-01-01T22:26:28.3180336Z Preparing to unpack .../46-libclass-c3-xs-perl_0.15-1build6_amd64.deb ...
2026-01-01T22:26:28.3190939Z Unpacking libclass-c3-xs-perl (0.15-1build6) ...
2026-01-01T22:26:28.3411892Z Selecting previously unselected package libclass-xsaccessor-perl.
2026-01-01T22:26:28.3547266Z Preparing to unpack .../47-libclass-xsaccessor-perl_1.19-4build4_amd64.deb ...
2026-01-01T22:26:28.3560263Z Unpacking libclass-xsaccessor-perl (1.19-4build4) ...
2026-01-01T22:26:28.3790889Z Selecting previously unselected package libpadwalker-perl.
2026-01-01T22:26:28.3930025Z Preparing to unpack .../48-libpadwalker-perl_2.5-1build6_amd64.deb ...
2026-01-01T22:26:28.3940067Z Unpacking libpadwalker-perl (2.5-1build6) ...
2026-01-01T22:26:28.4155168Z Selecting previously unselected package libdevel-caller-perl:amd64.
2026-01-01T22:26:28.4291288Z Preparing to unpack .../49-libdevel-caller-perl_2.07-1build3_amd64.deb ...
2026-01-01T22:26:28.4308938Z Unpacking libdevel-caller-perl:amd64 (2.07-1build3) ...
2026-01-01T22:26:28.4530985Z Selecting previously unselected package libdevel-lexalias-perl.
2026-01-01T22:26:28.4664653Z Preparing to unpack .../50-libdevel-lexalias-perl_0.05-3build4_amd64.deb ...
2026-01-01T22:26:28.4675450Z Unpacking libdevel-lexalias-perl (0.05-3build4) ...
2026-01-01T22:26:28.4876695Z Selecting previously unselected package libpackage-stash-xs-perl:amd64.
2026-01-01T22:26:28.5010664Z Preparing to unpack .../51-libpackage-stash-xs-perl_0.30-1build4_amd64.deb ...
2026-01-01T22:26:28.5018463Z Unpacking libpackage-stash-xs-perl:amd64 (0.30-1build4) ...
2026-01-01T22:26:28.5230641Z Selecting previously unselected package libreadonly-perl.
2026-01-01T22:26:28.5364856Z Preparing to unpack .../52-libreadonly-perl_2.050-3_all.deb ...
2026-01-01T22:26:28.5373618Z Unpacking libreadonly-perl (2.050-3) ...
2026-01-01T22:26:28.5593358Z Selecting previously unselected package libref-util-perl.
2026-01-01T22:26:28.5727941Z Preparing to unpack .../53-libref-util-perl_0.204-2_all.deb ...
2026-01-01T22:26:28.5744905Z Unpacking libref-util-perl (0.204-2) ...
2026-01-01T22:26:28.5949154Z Selecting previously unselected package libref-util-xs-perl.
2026-01-01T22:26:28.6082376Z Preparing to unpack .../54-libref-util-xs-perl_0.117-2build4_amd64.deb ...
2026-01-01T22:26:28.6092271Z Unpacking libref-util-xs-perl (0.117-2build4) ...
2026-01-01T22:26:28.6300880Z Selecting previously unselected package libgd-perl.
2026-01-01T22:26:28.6434587Z Preparing to unpack .../55-libgd-perl_2.78-1build3_amd64.deb ...
2026-01-01T22:26:28.6442697Z Unpacking libgd-perl (2.78-1build3) ...
2026-01-01T22:26:28.6910166Z Setting up libclass-inspector-perl (1.36-3) ...
2026-01-01T22:26:28.6935257Z Setting up libdynaloader-functions-perl (0.003-3) ...
2026-01-01T22:26:28.6962598Z Setting up libclass-method-modifiers-perl (2.15-1) ...
2026-01-01T22:26:28.6984208Z Setting up libref-util-xs-perl (0.117-2build4) ...
2026-01-01T22:26:28.7006971Z Setting up libsub-identify-perl (0.14-3build3) ...
2026-01-01T22:26:28.7033219Z Setting up libtry-tiny-perl (0.31-2) ...
2026-01-01T22:26:28.7057897Z Setting up libclass-singleton-perl (1.6-2) ...
2026-01-01T22:26:28.7083000Z Setting up libpadwalker-perl (2.5-1build6) ...
2026-01-01T22:26:28.7104776Z Setting up libxstring-perl:amd64 (0.005-2build3) ...
2026-01-01T22:26:28.7131873Z Setting up libclass-c3-xs-perl (0.15-1build6) ...
2026-01-01T22:26:28.7155471Z Setting up libdevel-caller-perl:amd64 (2.07-1build3) ...
2026-01-01T22:26:28.7179639Z Setting up libsub-install-perl (0.929-1) ...
2026-01-01T22:26:28.7204054Z Setting up libgd-perl (2.78-1build3) ...
2026-01-01T22:26:28.7226455Z Setting up libreadonly-perl (2.050-3) ...
2026-01-01T22:26:28.7259693Z Setting up libdevel-lexalias-perl (0.05-3build4) ...
2026-01-01T22:26:28.7285575Z Setting up libpackage-stash-xs-perl:amd64 (0.30-1build4) ...
2026-01-01T22:26:28.7309672Z Setting up libclass-data-inheritable-perl (0.08-3) ...
2026-01-01T22:26:28.7332170Z Setting up libalgorithm-c3-perl (0.11-2) ...
2026-01-01T22:26:28.7357106Z Setting up libref-util-perl (0.204-2) ...
2026-01-01T22:26:28.7381550Z Setting up libvariable-magic-perl (0.63-1build3) ...
2026-01-01T22:26:28.7412150Z Setting up libb-hooks-op-check-perl:amd64 (0.22-3build1) ...
2026-01-01T22:26:28.7434446Z Setting up libjsoncpp25:amd64 (1.9.5-6build1) ...
2026-01-01T22:26:28.7457216Z Setting up libparams-util-perl (1.102-2build3) ...
2026-01-01T22:26:28.7478886Z Setting up libsub-exporter-progressive-perl (0.001013-3) ...
2026-01-01T22:26:28.7502994Z Setting up libcapture-tiny-perl (0.48-2) ...
2026-01-01T22:26:28.7528314Z Setting up libsub-name-perl:amd64 (0.27-1build3) ...
2026-01-01T22:26:28.7551915Z Setting up librhash0:amd64 (1.4.3-3build1) ...
2026-01-01T22:26:28.7576586Z Setting up librole-tiny-perl (2.002004-1) ...
2026-01-01T22:26:28.7601727Z Setting up libfile-sharedir-perl (1.118-3) ...
2026-01-01T22:26:28.7625565Z Setting up build-essential (12.10ubuntu1) ...
2026-01-01T22:26:28.7655364Z Setting up libsub-quote-perl (2.006008-1ubuntu1) ...
2026-01-01T22:26:28.7682185Z Setting up libdevel-stacktrace-perl (2.0500-1) ...
2026-01-01T22:26:28.7704987Z Setting up libclass-xsaccessor-perl (1.19-4build4) ...
2026-01-01T22:26:28.7732544Z Setting up cmake-data (3.28.3-1build7) ...
2026-01-01T22:26:28.7811520Z Setting up libperlio-gzip-perl (0.20-1build4) ...
2026-01-01T22:26:28.7858464Z Setting up libexception-class-perl (1.45-1) ...
2026-01-01T22:26:28.7883950Z Setting up libclass-c3-perl (0.35-2) ...
2026-01-01T22:26:28.7906697Z Setting up libdevel-callchecker-perl:amd64 (0.008-2build3) ...
2026-01-01T22:26:28.7939786Z Setting up libdata-optlist-perl (0.114-1) ...
2026-01-01T22:26:28.7990043Z Setting up cmake (3.28.3-1build7) ...
2026-01-01T22:26:28.8009841Z Setting up libmro-compat-perl (0.15-2) ...
2026-01-01T22:26:28.8032563Z Setting up libsub-exporter-perl (0.990-1) ...
2026-01-01T22:26:28.8055514Z Setting up libeval-closure-perl (0.14-3) ...
2026-01-01T22:26:28.8077345Z Setting up libparams-validationcompiler-perl (0.31-1) ...
2026-01-01T22:26:28.8101646Z Setting up libparams-classify-perl:amd64 (0.015-2build5) ...
2026-01-01T22:26:28.8121879Z Setting up libmodule-runtime-perl (0.016-2) ...
2026-01-01T22:26:28.8144402Z Setting up libmodule-implementation-perl (0.09-2) ...
2026-01-01T22:26:28.8167357Z Setting up libpackage-stash-perl (0.40-1) ...
2026-01-01T22:26:28.8190866Z Setting up libspecio-perl (0.48-1) ...
2026-01-01T22:26:28.8213793Z Setting up libb-hooks-endofscope-perl (0.28-1) ...
2026-01-01T22:26:28.8239525Z Setting up libnamespace-clean-perl (0.27-2) ...
2026-01-01T22:26:28.8265746Z Setting up libnamespace-autoclean-perl (0.29-2) ...
2026-01-01T22:26:28.8289609Z Setting up libdatetime-locale-perl (1:1.37-1) ...
2026-01-01T22:26:28.8312395Z Setting up libdatetime-timezone-perl (1:2.62-1+2024a) ...
2026-01-01T22:26:28.8340847Z Setting up libdatetime-perl (2:1.65-1build2) ...
2026-01-01T22:26:28.8367691Z Setting up lcov (2.0-4ubuntu2) ...
2026-01-01T22:26:28.8418658Z Processing triggers for libc-bin (2.39-0ubuntu8.6) ...
2026-01-01T22:26:28.8792736Z Processing triggers for man-db (2.12.0-4build2) ...
2026-01-01T22:26:28.8818238Z Not building database; man-db/auto-update is not 'true'.
2026-01-01T22:26:29.5432551Z 
2026-01-01T22:26:29.5433012Z Running kernel seems to be up-to-date.
2026-01-01T22:26:29.5433379Z 
2026-01-01T22:26:29.5433509Z No services need to be restarted.
2026-01-01T22:26:29.5433716Z 
2026-01-01T22:26:29.5433828Z No containers need to be restarted.
2026-01-01T22:26:29.5434034Z 
2026-01-01T22:26:29.5434181Z No user sessions are running outdated binaries.
2026-01-01T22:26:29.5434461Z 
2026-01-01T22:26:29.5434693Z No VM guests are running outdated hypervisor (qemu) binaries on this host.
2026-01-01T22:26:30.4332219Z ##[group]Run cmake -B build -DCMAKE_BUILD_TYPE=Debug -DENABLE_COVERAGE=ON
2026-01-01T22:26:30.4332719Z [36;1mcmake -B build -DCMAKE_BUILD_TYPE=Debug -DENABLE_COVERAGE=ON[0m
2026-01-01T22:26:30.4366107Z shell: /usr/bin/bash -e {0}
2026-01-01T22:26:30.4366346Z ##[endgroup]
2026-01-01T22:26:31.7471382Z -- The CXX compiler identification is GNU 13.3.0
2026-01-01T22:26:31.8558251Z -- Detecting CXX compiler ABI info
2026-01-01T22:26:32.0717627Z -- Detecting CXX compiler ABI info - done
2026-01-01T22:26:32.0893703Z -- Check for working CXX compiler: /usr/bin/c++ - skipped
2026-01-01T22:26:32.0952175Z -- Detecting CXX compile features
2026-01-01T22:26:32.0960394Z -- Detecting CXX compile features - done
2026-01-01T22:26:32.1283996Z -- Code coverage enabled
2026-01-01T22:26:34.7094649Z CMake Deprecation Warning at build/_deps/highway-src/CMakeLists.txt:28 (cmake_policy):
2026-01-01T22:26:34.7095536Z   The OLD behavior for policy CMP0111 will be removed from a future version
2026-01-01T22:26:34.7095974Z   of CMake.
2026-01-01T22:26:34.7096089Z 
2026-01-01T22:26:34.7096291Z   The cmake-policies(7) manual explains that the OLD behaviors of all
2026-01-01T22:26:34.7096982Z   policies are deprecated and that a policy should be set to OLD only under
2026-01-01T22:26:34.7097484Z   specific short-term circumstances.  Projects should be ported to the NEW
2026-01-01T22:26:34.7097905Z   behavior and not rely on setting a policy to OLD.
2026-01-01T22:26:34.7098119Z 
2026-01-01T22:26:34.7098123Z 
2026-01-01T22:26:34.8275953Z -- The C compiler identification is GNU 13.3.0
2026-01-01T22:26:34.8650858Z -- Detecting C compiler ABI info
2026-01-01T22:26:34.9368748Z -- Detecting C compiler ABI info - done
2026-01-01T22:26:34.9539143Z -- Check for working C compiler: /usr/bin/cc - skipped
2026-01-01T22:26:34.9543045Z -- Detecting C compile features
2026-01-01T22:26:34.9548126Z -- Detecting C compile features - done
2026-01-01T22:26:34.9768745Z -- Performing Test ATOMICS_LOCK_FREE_INSTRUCTIONS
2026-01-01T22:26:35.1901740Z -- Performing Test ATOMICS_LOCK_FREE_INSTRUCTIONS - Success
2026-01-01T22:26:35.3419492Z -- Performing Test HWY_EMSCRIPTEN
2026-01-01T22:26:35.3728105Z -- Performing Test HWY_EMSCRIPTEN - Failed
2026-01-01T22:26:35.3728982Z -- Performing Test HWY_RISCV
2026-01-01T22:26:35.3983863Z -- Performing Test HWY_RISCV - Failed
2026-01-01T22:26:35.4392067Z -- Performing Test CMAKE_HAVE_LIBC_PTHREAD
2026-01-01T22:26:35.5457539Z -- Performing Test CMAKE_HAVE_LIBC_PTHREAD - Success
2026-01-01T22:26:35.5467208Z -- Found Threads: TRUE
2026-01-01T22:26:35.5477680Z -- Looking for sys/auxv.h
2026-01-01T22:26:35.6073254Z -- Looking for sys/auxv.h - found
2026-01-01T22:26:35.6073987Z -- Looking for asm/hwcap.h
2026-01-01T22:26:35.6362797Z -- Looking for asm/hwcap.h - not found
2026-01-01T22:26:37.9707247Z -- Found Python3: /usr/bin/python3.12 (found version "3.12.3") found components: Interpreter
2026-01-01T22:26:37.9888112Z -- Configuring done (7.2s)
2026-01-01T22:26:38.0445171Z -- Generating done (0.1s)
2026-01-01T22:26:38.0449537Z -- Build files have been written to: /home/runner/work/simdcsv/simdcsv/build
2026-01-01T22:26:38.0533221Z ##[group]Run cmake --build build
2026-01-01T22:26:38.0533541Z [36;1mcmake --build build[0m
2026-01-01T22:26:38.0565365Z shell: /usr/bin/bash -e {0}
2026-01-01T22:26:38.0565599Z ##[endgroup]
2026-01-01T22:26:38.0779484Z [  1%] Building CXX object _deps/highway-build/CMakeFiles/hwy.dir/hwy/abort.cc.o
2026-01-01T22:26:38.7815691Z [  3%] Building CXX object _deps/highway-build/CMakeFiles/hwy.dir/hwy/aligned_allocator.cc.o
2026-01-01T22:26:39.2329978Z [  4%] Building CXX object _deps/highway-build/CMakeFiles/hwy.dir/hwy/nanobenchmark.cc.o
2026-01-01T22:26:40.2017613Z [  6%] Building CXX object _deps/highway-build/CMakeFiles/hwy.dir/hwy/per_target.cc.o
2026-01-01T22:26:45.2611912Z [  8%] Building CXX object _deps/highway-build/CMakeFiles/hwy.dir/hwy/perf_counters.cc.o
2026-01-01T22:26:45.8454462Z [  9%] Building CXX object _deps/highway-build/CMakeFiles/hwy.dir/hwy/print.cc.o
2026-01-01T22:26:46.1387871Z [ 11%] Building CXX object _deps/highway-build/CMakeFiles/hwy.dir/hwy/profiler.cc.o
2026-01-01T22:26:46.1579417Z [ 13%] Building CXX object _deps/highway-build/CMakeFiles/hwy.dir/hwy/targets.cc.o
2026-01-01T22:26:46.6709262Z [ 14%] Building CXX object _deps/highway-build/CMakeFiles/hwy.dir/hwy/timer.cc.o
2026-01-01T22:26:47.1497431Z [ 16%] Linking CXX static library libhwy.a
2026-01-01T22:26:53.2517435Z [ 16%] Built target hwy
2026-01-01T22:26:53.2584471Z [ 18%] Building CXX object CMakeFiles/simdcsv_lib.dir/src/io_util.cpp.o
2026-01-01T22:26:53.5501662Z [ 19%] Building CXX object CMakeFiles/simdcsv_lib.dir/src/error.cpp.o
2026-01-01T22:26:53.8530931Z [ 21%] Linking CXX static library libsimdcsv_lib.a
2026-01-01T22:26:53.9358899Z [ 21%] Built target simdcsv_lib
2026-01-01T22:26:53.9425092Z [ 22%] Building CXX object CMakeFiles/simdcsv.dir/src/main.cpp.o
2026-01-01T22:26:55.5344669Z [ 24%] Linking CXX executable simdcsv
2026-01-01T22:26:55.6065095Z [ 24%] Built target simdcsv
2026-01-01T22:26:55.6132085Z [ 26%] Building CXX object _deps/googletest-build/googletest/CMakeFiles/gtest.dir/src/gtest-all.cc.o
2026-01-01T22:27:00.5385707Z [ 27%] Linking CXX static library ../../../lib/libgtest.a
2026-01-01T22:27:00.6671955Z [ 27%] Built target gtest
2026-01-01T22:27:00.6738010Z [ 29%] Building CXX object _deps/googletest-build/googletest/CMakeFiles/gtest_main.dir/src/gtest_main.cc.o
2026-01-01T22:27:01.4117836Z [ 31%] Linking CXX static library ../../../lib/libgtest_main.a
2026-01-01T22:27:01.4940306Z [ 31%] Built target gtest_main
2026-01-01T22:27:01.5007237Z [ 32%] Building CXX object CMakeFiles/simdcsv_test.dir/test/csv_parser_test.cpp.o
2026-01-01T22:27:03.2264701Z [ 34%] Linking CXX executable simdcsv_test
2026-01-01T22:27:03.3746078Z [ 34%] Built target simdcsv_test
2026-01-01T22:27:03.3811742Z [ 36%] Building CXX object CMakeFiles/error_handling_test.dir/test/error_handling_test.cpp.o
2026-01-01T22:27:05.1942541Z [ 37%] Linking CXX executable error_handling_test
2026-01-01T22:27:05.3433849Z [ 37%] Built target error_handling_test
2026-01-01T22:27:05.3499070Z [ 39%] Building CXX object CMakeFiles/csv_parsing_test.dir/test/csv_parsing_test.cpp.o
2026-01-01T22:27:07.4124074Z [ 40%] Linking CXX executable csv_parsing_test
2026-01-01T22:27:07.5579237Z [ 40%] Built target csv_parsing_test
2026-01-01T22:27:07.5657725Z [ 42%] Building CXX object _deps/highway-build/CMakeFiles/hwy_contrib.dir/hwy/contrib/sort/vqsort_128a.cc.o
2026-01-01T22:27:16.4962363Z [ 44%] Building CXX object _deps/highway-build/CMakeFiles/hwy_contrib.dir/hwy/contrib/sort/vqsort_128d.cc.o
2026-01-01T22:27:25.4369368Z [ 45%] Building CXX object _deps/highway-build/CMakeFiles/hwy_contrib.dir/hwy/contrib/sort/vqsort_f16a.cc.o
2026-01-01T22:27:32.0991274Z [ 47%] Building CXX object _deps/highway-build/CMakeFiles/hwy_contrib.dir/hwy/contrib/sort/vqsort_f16d.cc.o
2026-01-01T22:27:38.6773876Z [ 49%] Building CXX object _deps/highway-build/CMakeFiles/hwy_contrib.dir/hwy/contrib/sort/vqsort_f32a.cc.o
2026-01-01T22:27:48.6010034Z [ 50%] Building CXX object _deps/highway-build/CMakeFiles/hwy_contrib.dir/hwy/contrib/sort/vqsort_f32d.cc.o
2026-01-01T22:27:58.5311156Z [ 52%] Building CXX object _deps/highway-build/CMakeFiles/hwy_contrib.dir/hwy/contrib/sort/vqsort_f64a.cc.o
2026-01-01T22:28:07.9193529Z [ 54%] Building CXX object _deps/highway-build/CMakeFiles/hwy_contrib.dir/hwy/contrib/sort/vqsort_f64d.cc.o
2026-01-01T22:28:17.4272346Z [ 55%] Building CXX object _deps/highway-build/CMakeFiles/hwy_contrib.dir/hwy/contrib/sort/vqsort_i16a.cc.o
2026-01-01T22:28:28.1567675Z [ 57%] Building CXX object _deps/highway-build/CMakeFiles/hwy_contrib.dir/hwy/contrib/sort/vqsort_i16d.cc.o
2026-01-01T22:28:38.9272747Z [ 59%] Building CXX object _deps/highway-build/CMakeFiles/hwy_contrib.dir/hwy/contrib/sort/vqsort_i32a.cc.o
2026-01-01T22:28:48.7091031Z [ 60%] Building CXX object _deps/highway-build/CMakeFiles/hwy_contrib.dir/hwy/contrib/sort/vqsort_i32d.cc.o
2026-01-01T22:28:58.5349423Z [ 62%] Building CXX object _deps/highway-build/CMakeFiles/hwy_contrib.dir/hwy/contrib/sort/vqsort_i64a.cc.o
2026-01-01T22:29:07.8756410Z [ 63%] Building CXX object _deps/highway-build/CMakeFiles/hwy_contrib.dir/hwy/contrib/sort/vqsort_i64d.cc.o
2026-01-01T22:29:17.1078633Z [ 65%] Building CXX object _deps/highway-build/CMakeFiles/hwy_contrib.dir/hwy/contrib/sort/vqsort_kv128a.cc.o
2026-01-01T22:29:26.0534556Z [ 67%] Building CXX object _deps/highway-build/CMakeFiles/hwy_contrib.dir/hwy/contrib/sort/vqsort_kv128d.cc.o
2026-01-01T22:29:34.9938344Z [ 68%] Building CXX object _deps/highway-build/CMakeFiles/hwy_contrib.dir/hwy/contrib/sort/vqsort_kv64a.cc.o
2026-01-01T22:29:44.2409403Z [ 70%] Building CXX object _deps/highway-build/CMakeFiles/hwy_contrib.dir/hwy/contrib/sort/vqsort_kv64d.cc.o
2026-01-01T22:29:53.6281657Z [ 72%] Building CXX object _deps/highway-build/CMakeFiles/hwy_contrib.dir/hwy/contrib/sort/vqsort_u16a.cc.o
2026-01-01T22:30:04.2584416Z [ 73%] Building CXX object _deps/highway-build/CMakeFiles/hwy_contrib.dir/hwy/contrib/sort/vqsort_u16d.cc.o
2026-01-01T22:30:14.6124312Z [ 75%] Building CXX object _deps/highway-build/CMakeFiles/hwy_contrib.dir/hwy/contrib/sort/vqsort_u32a.cc.o
2026-01-01T22:30:24.4752107Z [ 77%] Building CXX object _deps/highway-build/CMakeFiles/hwy_contrib.dir/hwy/contrib/sort/vqsort_u32d.cc.o
2026-01-01T22:30:34.5301089Z [ 78%] Building CXX object _deps/highway-build/CMakeFiles/hwy_contrib.dir/hwy/contrib/sort/vqsort_u64a.cc.o
2026-01-01T22:30:43.8820385Z [ 80%] Building CXX object _deps/highway-build/CMakeFiles/hwy_contrib.dir/hwy/contrib/sort/vqsort_u64d.cc.o
2026-01-01T22:30:53.3265474Z [ 81%] Building CXX object _deps/highway-build/CMakeFiles/hwy_contrib.dir/hwy/contrib/image/image.cc.o
2026-01-01T22:30:53.7064181Z [ 83%] Building CXX object _deps/highway-build/CMakeFiles/hwy_contrib.dir/hwy/contrib/sort/vqsort.cc.o
2026-01-01T22:30:54.2787048Z [ 85%] Building CXX object _deps/highway-build/CMakeFiles/hwy_contrib.dir/hwy/contrib/thread_pool/topology.cc.o
2026-01-01T22:30:55.0053646Z [ 86%] Linking CXX static library libhwy_contrib.a
2026-01-01T22:30:55.9201434Z [ 86%] Built target hwy_contrib
2026-01-01T22:30:55.9269762Z [ 88%] Building CXX object _deps/highway-build/CMakeFiles/hwy_test.dir/hwy/tests/test_util.cc.o
2026-01-01T22:30:56.2958509Z [ 90%] Linking CXX static library libhwy_test.a
2026-01-01T22:30:56.3802693Z [ 90%] Built target hwy_test
2026-01-01T22:30:56.3871397Z [ 91%] Building CXX object _deps/highway-build/CMakeFiles/hwy_list_targets.dir/hwy/tests/list_targets.cc.o
2026-01-01T22:30:56.9120698Z [ 93%] Linking CXX executable hwy_list_targets
2026-01-01T22:30:56.9689495Z Compiler: GCC 1303
2026-01-01T22:30:56.9689980Z Config: emu128:0 scalar:0 static:0 all_attain:0 is_test:0
2026-01-01T22:30:56.9690711Z Have: constexpr_lanes:0 runtime_dispatch:1 auxv:1 f16 type:1/ops1 bf16 type:1/ops1
2026-01-01T22:30:56.9691556Z Compiled HWY_TARGETS:   AVX10_2 AVX3_SPR AVX3_ZEN4 AVX3_DL AVX3 AVX2 SSE4 SSSE3 SSE2
2026-01-01T22:30:56.9692491Z HWY_ATTAINABLE_TARGETS: AVX10_2 AVX3_SPR AVX3_ZEN4 AVX3_DL AVX3 AVX2 SSE4 SSSE3 SSE2 SCALAR
2026-01-01T22:30:56.9693183Z HWY_BASELINE_TARGETS:   SSE2 SCALAR
2026-01-01T22:30:56.9693582Z HWY_STATIC_TARGET:      SSE2
2026-01-01T22:30:56.9694230Z HWY_BROKEN_TARGETS:     LASX LSX
2026-01-01T22:30:56.9694635Z HWY_DISABLED_TARGETS:  
2026-01-01T22:30:56.9695069Z Current CPU supports:   AVX2 SSE4 SSSE3 SSE2 EMU128 SCALAR
2026-01-01T22:30:56.9714816Z [ 93%] Built target hwy_list_targets
2026-01-01T22:30:56.9787323Z [ 95%] Building CXX object _deps/googletest-build/googlemock/CMakeFiles/gmock.dir/src/gmock-all.cc.o
2026-01-01T22:30:59.0918030Z [ 96%] Linking CXX static library ../../../lib/libgmock.a
2026-01-01T22:30:59.1957676Z [ 96%] Built target gmock
2026-01-01T22:30:59.2024719Z [ 98%] Building CXX object _deps/googletest-build/googlemock/CMakeFiles/gmock_main.dir/src/gmock_main.cc.o
2026-01-01T22:31:00.1985766Z [100%] Linking CXX static library ../../../lib/libgmock_main.a
2026-01-01T22:31:00.2838199Z [100%] Built target gmock_main
2026-01-01T22:31:00.2910949Z ##[group]Run cd build && ctest --output-on-failure
2026-01-01T22:31:00.2911340Z [36;1mcd build && ctest --output-on-failure[0m
2026-01-01T22:31:00.2942790Z shell: /usr/bin/bash -e {0}
2026-01-01T22:31:00.2943024Z ##[endgroup]
2026-01-01T22:31:00.8148825Z Test project /home/runner/work/simdcsv/simdcsv/build
2026-01-01T22:31:00.8955117Z       Start  1: CSVFileTest.SimpleCSVExists
2026-01-01T22:31:00.9277224Z  1/94 Test  #1: CSVFileTest.SimpleCSVExists ..............................   Passed    0.00 sec
2026-01-01T22:31:00.9279611Z       Start  2: CSVFileTest.SimpleCSVStructure
2026-01-01T22:31:00.9312884Z  2/94 Test  #2: CSVFileTest.SimpleCSVStructure ...........................   Passed    0.00 sec
2026-01-01T22:31:00.9314347Z       Start  3: CSVFileTest.SimpleCSVFieldCount
2026-01-01T22:31:00.9347059Z  3/94 Test  #3: CSVFileTest.SimpleCSVFieldCount ..........................   Passed    0.00 sec
2026-01-01T22:31:00.9348457Z       Start  4: CSVFileTest.SimpleNoHeaderExists
2026-01-01T22:31:00.9384273Z  4/94 Test  #4: CSVFileTest.SimpleNoHeaderExists .........................   Passed    0.00 sec
2026-01-01T22:31:00.9385635Z       Start  5: CSVFileTest.SingleColumnExists
2026-01-01T22:31:00.9421147Z  5/94 Test  #5: CSVFileTest.SingleColumnExists ...........................   Passed    0.00 sec
2026-01-01T22:31:00.9422606Z       Start  6: CSVFileTest.WideColumnsExists
2026-01-01T22:31:00.9456155Z  6/94 Test  #6: CSVFileTest.WideColumnsExists ............................   Passed    0.00 sec
2026-01-01T22:31:00.9457817Z       Start  7: CSVFileTest.ManyRowsExists
2026-01-01T22:31:00.9491374Z  7/94 Test  #7: CSVFileTest.ManyRowsExists ...............................   Passed    0.00 sec
2026-01-01T22:31:00.9492768Z       Start  8: CSVFileTest.QuotedFieldsExists
2026-01-01T22:31:00.9525799Z  8/94 Test  #8: CSVFileTest.QuotedFieldsExists ...........................   Passed    0.00 sec
2026-01-01T22:31:00.9527522Z       Start  9: CSVFileTest.QuotedFieldsContainsQuotes
2026-01-01T22:31:00.9561173Z  9/94 Test  #9: CSVFileTest.QuotedFieldsContainsQuotes ...................   Passed    0.00 sec
2026-01-01T22:31:00.9562553Z       Start 10: CSVFileTest.EscapedQuotesExists
2026-01-01T22:31:00.9595654Z 10/94 Test #10: CSVFileTest.EscapedQuotesExists ..........................   Passed    0.00 sec
2026-01-01T22:31:00.9597359Z       Start 11: CSVFileTest.EscapedQuotesContainsDoubledQuotes
2026-01-01T22:31:00.9630735Z 11/94 Test #11: CSVFileTest.EscapedQuotesContainsDoubledQuotes ...........   Passed    0.00 sec
2026-01-01T22:31:00.9632084Z       Start 12: CSVFileTest.MixedQuotedExists
2026-01-01T22:31:00.9664762Z 12/94 Test #12: CSVFileTest.MixedQuotedExists ............................   Passed    0.00 sec
2026-01-01T22:31:00.9666209Z       Start 13: CSVFileTest.EmbeddedSeparatorsExists
2026-01-01T22:31:00.9699280Z 13/94 Test #13: CSVFileTest.EmbeddedSeparatorsExists .....................   Passed    0.00 sec
2026-01-01T22:31:00.9700593Z       Start 14: CSVFileTest.NewlinesInQuotesExists
2026-01-01T22:31:00.9740398Z 14/94 Test #14: CSVFileTest.NewlinesInQuotesExists .......................   Passed    0.00 sec
2026-01-01T22:31:00.9741921Z       Start 15: CSVFileTest.NewlinesInQuotesContainsEmbeddedNewlines
2026-01-01T22:31:00.9777667Z 15/94 Test #15: CSVFileTest.NewlinesInQuotesContainsEmbeddedNewlines .....   Passed    0.00 sec
2026-01-01T22:31:00.9779016Z       Start 16: CSVFileTest.SemicolonSeparatorExists
2026-01-01T22:31:00.9812692Z 16/94 Test #16: CSVFileTest.SemicolonSeparatorExists .....................   Passed    0.00 sec
2026-01-01T22:31:00.9814152Z       Start 17: CSVFileTest.SemicolonSeparatorHasSemicolons
2026-01-01T22:31:00.9847353Z 17/94 Test #17: CSVFileTest.SemicolonSeparatorHasSemicolons ..............   Passed    0.00 sec
2026-01-01T22:31:00.9848840Z       Start 18: CSVFileTest.TabSeparatorExists
2026-01-01T22:31:00.9881829Z 18/94 Test #18: CSVFileTest.TabSeparatorExists ...........................   Passed    0.00 sec
2026-01-01T22:31:00.9883427Z       Start 19: CSVFileTest.TabSeparatorHasTabs
2026-01-01T22:31:00.9916305Z 19/94 Test #19: CSVFileTest.TabSeparatorHasTabs ..........................   Passed    0.00 sec
2026-01-01T22:31:00.9917876Z       Start 20: CSVFileTest.PipeSeparatorExists
2026-01-01T22:31:00.9951290Z 20/94 Test #20: CSVFileTest.PipeSeparatorExists ..........................   Passed    0.00 sec
2026-01-01T22:31:00.9952656Z       Start 21: CSVFileTest.PipeSeparatorHasPipes
2026-01-01T22:31:00.9986220Z 21/94 Test #21: CSVFileTest.PipeSeparatorHasPipes ........................   Passed    0.00 sec
2026-01-01T22:31:00.9987755Z       Start 22: CSVFileTest.EmptyFieldsExists
2026-01-01T22:31:01.0022403Z 22/94 Test #22: CSVFileTest.EmptyFieldsExists ............................   Passed    0.00 sec
2026-01-01T22:31:01.0023808Z       Start 23: CSVFileTest.EmptyFieldsContainsConsecutiveCommas
2026-01-01T22:31:01.0058477Z 23/94 Test #23: CSVFileTest.EmptyFieldsContainsConsecutiveCommas .........   Passed    0.00 sec
2026-01-01T22:31:01.0059606Z       Start 24: CSVFileTest.SingleCellExists
2026-01-01T22:31:01.0092864Z 24/94 Test #24: CSVFileTest.SingleCellExists .............................   Passed    0.00 sec
2026-01-01T22:31:01.0094108Z       Start 25: CSVFileTest.SingleRowHeaderOnlyExists
2026-01-01T22:31:01.0128820Z 25/94 Test #25: CSVFileTest.SingleRowHeaderOnlyExists ....................   Passed    0.00 sec
2026-01-01T22:31:01.0130043Z       Start 26: CSVFileTest.EmptyFileExists
2026-01-01T22:31:01.0163286Z 26/94 Test #26: CSVFileTest.EmptyFileExists ..............................   Passed    0.00 sec
2026-01-01T22:31:01.0164455Z       Start 27: CSVFileTest.EmptyFileIsEmpty
2026-01-01T22:31:01.0198748Z 27/94 Test #27: CSVFileTest.EmptyFileIsEmpty .............................   Passed    0.00 sec
2026-01-01T22:31:01.0200210Z       Start 28: CSVFileTest.WhitespaceFieldsExists
2026-01-01T22:31:01.0234377Z 28/94 Test #28: CSVFileTest.WhitespaceFieldsExists .......................   Passed    0.00 sec
2026-01-01T22:31:01.0235942Z       Start 29: CSVFileTest.CRLFLineEndingsExists
2026-01-01T22:31:01.0269526Z 29/94 Test #29: CSVFileTest.CRLFLineEndingsExists ........................   Passed    0.00 sec
2026-01-01T22:31:01.0271081Z       Start 30: CSVFileTest.CRLFLineEndingsHasCRLF
2026-01-01T22:31:01.0305440Z 30/94 Test #30: CSVFileTest.CRLFLineEndingsHasCRLF .......................   Passed    0.00 sec
2026-01-01T22:31:01.0307037Z       Start 31: CSVFileTest.LFLineEndingsExists
2026-01-01T22:31:01.0340200Z 31/94 Test #31: CSVFileTest.LFLineEndingsExists ..........................   Passed    0.00 sec
2026-01-01T22:31:01.0341802Z       Start 32: CSVFileTest.CRLineEndingsExists
2026-01-01T22:31:01.0375767Z 32/94 Test #32: CSVFileTest.CRLineEndingsExists ..........................   Passed    0.00 sec
2026-01-01T22:31:01.0377317Z       Start 33: CSVFileTest.CRLineEndingsHasCR
2026-01-01T22:31:01.0411579Z 33/94 Test #33: CSVFileTest.CRLineEndingsHasCR ...........................   Passed    0.00 sec
2026-01-01T22:31:01.0413209Z       Start 34: CSVFileTest.NoFinalNewlineExists
2026-01-01T22:31:01.0447150Z 34/94 Test #34: CSVFileTest.NoFinalNewlineExists .........................   Passed    0.00 sec
2026-01-01T22:31:01.0448805Z       Start 35: CSVFileTest.NoFinalNewlineEndsWithoutNewline
2026-01-01T22:31:01.0483088Z 35/94 Test #35: CSVFileTest.NoFinalNewlineEndsWithoutNewline .............   Passed    0.00 sec
2026-01-01T22:31:01.0484366Z       Start 36: CSVFileTest.FinancialDataExists
2026-01-01T22:31:01.0519001Z 36/94 Test #36: CSVFileTest.FinancialDataExists ..........................   Passed    0.00 sec
2026-01-01T22:31:01.0520285Z       Start 37: CSVFileTest.FinancialDataHasExpectedColumns
2026-01-01T22:31:01.0555038Z 37/94 Test #37: CSVFileTest.FinancialDataHasExpectedColumns ..............   Passed    0.00 sec
2026-01-01T22:31:01.0556309Z       Start 38: CSVFileTest.ContactsDataExists
2026-01-01T22:31:01.0591881Z 38/94 Test #38: CSVFileTest.ContactsDataExists ...........................   Passed    0.00 sec
2026-01-01T22:31:01.0593127Z       Start 39: CSVFileTest.UnicodeDataExists
2026-01-01T22:31:01.0627872Z 39/94 Test #39: CSVFileTest.UnicodeDataExists ............................   Passed    0.00 sec
2026-01-01T22:31:01.0629051Z       Start 40: CSVFileTest.UnicodeDataContainsUTF8
2026-01-01T22:31:01.0663149Z 40/94 Test #40: CSVFileTest.UnicodeDataContainsUTF8 ......................   Passed    0.00 sec
2026-01-01T22:31:01.0664741Z       Start 41: CSVFileTest.ProductCatalogExists
2026-01-01T22:31:01.0699494Z 41/94 Test #41: CSVFileTest.ProductCatalogExists .........................   Passed    0.00 sec
2026-01-01T22:31:01.0700826Z       Start 42: CSVFileTest.AllTestFilesPresent
2026-01-01T22:31:01.0745147Z 42/94 Test #42: CSVFileTest.AllTestFilesPresent ..........................   Passed    0.00 sec
2026-01-01T22:31:01.0746960Z       Start 43: ErrorHandlingTest.ErrorCodeToString
2026-01-01T22:31:01.0783165Z 43/94 Test #43: ErrorHandlingTest.ErrorCodeToString ......................   Passed    0.00 sec
2026-01-01T22:31:01.0784587Z       Start 44: ErrorHandlingTest.ErrorSeverityToString
2026-01-01T22:31:01.0819632Z 44/94 Test #44: ErrorHandlingTest.ErrorSeverityToString ..................   Passed    0.00 sec
2026-01-01T22:31:01.0820871Z       Start 45: ParseErrorTest.Construction
2026-01-01T22:31:01.0854783Z 45/94 Test #45: ParseErrorTest.Construction ..............................   Passed    0.00 sec
2026-01-01T22:31:01.0856061Z       Start 46: ParseErrorTest.ToString
2026-01-01T22:31:01.0890480Z 46/94 Test #46: ParseErrorTest.ToString ..................................   Passed    0.00 sec
2026-01-01T22:31:01.0891804Z       Start 47: ErrorCollectorTest.DefaultMode
2026-01-01T22:31:01.0925105Z 47/94 Test #47: ErrorCollectorTest.DefaultMode ...........................   Passed    0.00 sec
2026-01-01T22:31:01.0926385Z       Start 48: ErrorCollectorTest.AddError
2026-01-01T22:31:01.0960287Z 48/94 Test #48: ErrorCollectorTest.AddError ..............................   Passed    0.00 sec
2026-01-01T22:31:01.0961583Z       Start 49: ErrorCollectorTest.AddErrorConvenience
2026-01-01T22:31:01.0996051Z 49/94 Test #49: ErrorCollectorTest.AddErrorConvenience ...................   Passed    0.00 sec
2026-01-01T22:31:01.0997574Z       Start 50: ErrorCollectorTest.StrictModeStopsOnFirstError
2026-01-01T22:31:01.1031867Z 50/94 Test #50: ErrorCollectorTest.StrictModeStopsOnFirstError ...........   Passed    0.00 sec
2026-01-01T22:31:01.1033265Z       Start 51: ErrorCollectorTest.PermissiveModeAllowsNonFatalErrors
2026-01-01T22:31:01.1067756Z 51/94 Test #51: ErrorCollectorTest.PermissiveModeAllowsNonFatalErrors ....   Passed    0.00 sec
2026-01-01T22:31:01.1069193Z       Start 52: ErrorCollectorTest.FatalErrorStopsEvenInPermissiveMode
2026-01-01T22:31:01.1103550Z 52/94 Test #52: ErrorCollectorTest.FatalErrorStopsEvenInPermissiveMode ...   Passed    0.00 sec
2026-01-01T22:31:01.1104928Z       Start 53: ErrorCollectorTest.WarningsDontStopParsing
2026-01-01T22:31:01.1139850Z 53/94 Test #53: ErrorCollectorTest.WarningsDontStopParsing ...............   Passed    0.00 sec
2026-01-01T22:31:01.1141096Z       Start 54: ErrorCollectorTest.MultipleErrors
2026-01-01T22:31:01.1175801Z 54/94 Test #54: ErrorCollectorTest.MultipleErrors ........................   Passed    0.00 sec
2026-01-01T22:31:01.1177445Z       Start 55: ErrorCollectorTest.Clear
2026-01-01T22:31:01.1211871Z 55/94 Test #55: ErrorCollectorTest.Clear .................................   Passed    0.00 sec
2026-01-01T22:31:01.1213246Z       Start 56: ErrorCollectorTest.Summary
2026-01-01T22:31:01.1248076Z 56/94 Test #56: ErrorCollectorTest.Summary ...............................   Passed    0.00 sec
2026-01-01T22:31:01.1249869Z       Start 57: ErrorCollectorTest.SummaryWithFatal
2026-01-01T22:31:01.1283572Z 57/94 Test #57: ErrorCollectorTest.SummaryWithFatal ......................   Passed    0.00 sec
2026-01-01T22:31:01.1285091Z       Start 58: ErrorCollectorTest.EmptySummary
2026-01-01T22:31:01.1318559Z 58/94 Test #58: ErrorCollectorTest.EmptySummary ..........................   Passed    0.00 sec
2026-01-01T22:31:01.1320298Z       Start 59: ParseExceptionTest.SingleError
2026-01-01T22:31:01.1353792Z 59/94 Test #59: ParseExceptionTest.SingleError ...........................   Passed    0.00 sec
2026-01-01T22:31:01.1355341Z       Start 60: ParseExceptionTest.MultipleErrors
2026-01-01T22:31:01.1389075Z 60/94 Test #60: ParseExceptionTest.MultipleErrors ........................   Passed    0.00 sec
2026-01-01T22:31:01.1390604Z       Start 61: MalformedCSVTest.UnclosedQuoteExists
2026-01-01T22:31:01.1424980Z 61/94 Test #61: MalformedCSVTest.UnclosedQuoteExists .....................   Passed    0.00 sec
2026-01-01T22:31:01.1426577Z       Start 62: MalformedCSVTest.UnclosedQuoteEOFExists
2026-01-01T22:31:01.1462076Z 62/94 Test #62: MalformedCSVTest.UnclosedQuoteEOFExists ..................   Passed    0.00 sec
2026-01-01T22:31:01.1463704Z       Start 63: MalformedCSVTest.QuoteInUnquotedFieldExists
2026-01-01T22:31:01.1498248Z 63/94 Test #63: MalformedCSVTest.QuoteInUnquotedFieldExists ..............   Passed    0.00 sec
2026-01-01T22:31:01.1499776Z       Start 64: MalformedCSVTest.InconsistentColumnsExists
2026-01-01T22:31:01.1534165Z 64/94 Test #64: MalformedCSVTest.InconsistentColumnsExists ...............   Passed    0.00 sec
2026-01-01T22:31:01.1535765Z       Start 65: MalformedCSVTest.InconsistentColumnsAllRowsExists
2026-01-01T22:31:01.1570163Z 65/94 Test #65: MalformedCSVTest.InconsistentColumnsAllRowsExists ........   Passed    0.00 sec
2026-01-01T22:31:01.1571808Z       Start 66: MalformedCSVTest.InvalidQuoteEscapeExists
2026-01-01T22:31:01.1607128Z 66/94 Test #66: MalformedCSVTest.InvalidQuoteEscapeExists ................   Passed    0.00 sec
2026-01-01T22:31:01.1608696Z       Start 67: MalformedCSVTest.EmptyHeaderExists
2026-01-01T22:31:01.1643325Z 67/94 Test #67: MalformedCSVTest.EmptyHeaderExists .......................   Passed    0.00 sec
2026-01-01T22:31:01.1644978Z       Start 68: MalformedCSVTest.DuplicateColumnNamesExists
2026-01-01T22:31:01.1680860Z 68/94 Test #68: MalformedCSVTest.DuplicateColumnNamesExists ..............   Passed    0.00 sec
2026-01-01T22:31:01.1682752Z       Start 69: MalformedCSVTest.TrailingQuoteExists
2026-01-01T22:31:01.1719077Z 69/94 Test #69: MalformedCSVTest.TrailingQuoteExists .....................   Passed    0.00 sec
2026-01-01T22:31:01.1720398Z       Start 70: MalformedCSVTest.QuoteNotAtStartExists
2026-01-01T22:31:01.1774704Z 70/94 Test #70: MalformedCSVTest.QuoteNotAtStartExists ...................   Passed    0.01 sec
2026-01-01T22:31:01.1776149Z       Start 71: MalformedCSVTest.MultipleErrorsExists
2026-01-01T22:31:01.1813411Z 71/94 Test #71: MalformedCSVTest.MultipleErrorsExists ....................   Passed    0.00 sec
2026-01-01T22:31:01.1814704Z       Start 72: MalformedCSVTest.MixedLineEndingsExists
2026-01-01T22:31:01.1851447Z 72/94 Test #72: MalformedCSVTest.MixedLineEndingsExists ..................   Passed    0.00 sec
2026-01-01T22:31:01.1852978Z       Start 73: MalformedCSVTest.NullByteExists
2026-01-01T22:31:01.1888868Z 73/94 Test #73: MalformedCSVTest.NullByteExists ..........................   Passed    0.00 sec
2026-01-01T22:31:01.1890344Z       Start 74: MalformedCSVTest.TripleQuoteExists
2026-01-01T22:31:01.1925973Z 74/94 Test #74: MalformedCSVTest.TripleQuoteExists .......................   Passed    0.00 sec
2026-01-01T22:31:01.1927636Z       Start 75: MalformedCSVTest.UnescapedQuoteInQuotedExists
2026-01-01T22:31:01.1962565Z 75/94 Test #75: MalformedCSVTest.UnescapedQuoteInQuotedExists ............   Passed    0.00 sec
2026-01-01T22:31:01.1964011Z       Start 76: MalformedCSVTest.QuoteAfterDataExists
2026-01-01T22:31:01.2000257Z 76/94 Test #76: MalformedCSVTest.QuoteAfterDataExists ....................   Passed    0.00 sec
2026-01-01T22:31:01.2001637Z       Start 77: MalformedCSVTest.AllMalformedFilesPresent
2026-01-01T22:31:01.2037120Z 77/94 Test #77: MalformedCSVTest.AllMalformedFilesPresent ................   Passed    0.00 sec
2026-01-01T22:31:01.2038630Z       Start 78: ErrorModeTest.StrictModeDefinition
2026-01-01T22:31:01.2073864Z 78/94 Test #78: ErrorModeTest.StrictModeDefinition .......................   Passed    0.00 sec
2026-01-01T22:31:01.2075056Z       Start 79: ErrorModeTest.PermissiveModeDefinition
2026-01-01T22:31:01.2110747Z 79/94 Test #79: ErrorModeTest.PermissiveModeDefinition ...................   Passed    0.00 sec
2026-01-01T22:31:01.2112165Z       Start 80: ErrorModeTest.BestEffortModeDefinition
2026-01-01T22:31:01.2147426Z 80/94 Test #80: ErrorModeTest.BestEffortModeDefinition ...................   Passed    0.00 sec
2026-01-01T22:31:01.2148888Z       Start 81: IOUtilTest.GetCorpusFileNotFound
2026-01-01T22:31:01.2184926Z 81/94 Test #81: IOUtilTest.GetCorpusFileNotFound .........................   Passed    0.00 sec
2026-01-01T22:31:01.2186301Z       Start 82: IOUtilTest.GetCorpusInvalidPath
2026-01-01T22:31:01.2221890Z 82/94 Test #82: IOUtilTest.GetCorpusInvalidPath ..........................   Passed    0.00 sec
2026-01-01T22:31:01.2223262Z       Start 83: CSVParserTest.ParseSimpleCSV
2026-01-01T22:31:01.2257521Z 83/94 Test #83: CSVParserTest.ParseSimpleCSV .............................   Passed    0.00 sec
2026-01-01T22:31:01.2259532Z       Start 84: CSVParserTest.ParseSimpleCSVColumnCount
2026-01-01T22:31:01.2293494Z 84/94 Test #84: CSVParserTest.ParseSimpleCSVColumnCount ..................   Passed    0.00 sec
2026-01-01T22:31:01.2295152Z       Start 85: CSVParserTest.ParseWideColumnsCSV
2026-01-01T22:31:01.2330791Z 85/94 Test #85: CSVParserTest.ParseWideColumnsCSV ........................   Passed    0.00 sec
2026-01-01T22:31:01.2332352Z       Start 86: CSVParserTest.ParseSingleColumnCSV
2026-01-01T22:31:01.2365984Z 86/94 Test #86: CSVParserTest.ParseSingleColumnCSV .......................   Passed    0.00 sec
2026-01-01T22:31:01.2367919Z       Start 87: CSVParserTest.ParseQuotedFieldsCSV
2026-01-01T22:31:01.2402412Z 87/94 Test #87: CSVParserTest.ParseQuotedFieldsCSV .......................   Passed    0.00 sec
2026-01-01T22:31:01.2404083Z       Start 88: CSVParserTest.ParseEscapedQuotesCSV
2026-01-01T22:31:01.2439437Z 88/94 Test #88: CSVParserTest.ParseEscapedQuotesCSV ......................   Passed    0.00 sec
2026-01-01T22:31:01.2441056Z       Start 89: CSVParserTest.ParseNewlinesInQuotesCSV
2026-01-01T22:31:01.2475311Z 89/94 Test #89: CSVParserTest.ParseNewlinesInQuotesCSV ...................   Passed    0.00 sec
2026-01-01T22:31:01.2477035Z       Start 90: CSVParserTest.ParseFinancialDataCSV
2026-01-01T22:31:01.2512634Z 90/94 Test #90: CSVParserTest.ParseFinancialDataCSV ......................   Passed    0.00 sec
2026-01-01T22:31:01.2514459Z       Start 91: CSVParserTest.ParseUnicodeCSV
2026-01-01T22:31:01.2550888Z 91/94 Test #91: CSVParserTest.ParseUnicodeCSV ............................   Passed    0.00 sec
2026-01-01T22:31:01.2552825Z       Start 92: CSVParserTest.ParseEmptyFieldsCSV
2026-01-01T22:31:01.2586921Z 92/94 Test #92: CSVParserTest.ParseEmptyFieldsCSV ........................   Passed    0.00 sec
2026-01-01T22:31:01.2588553Z       Start 93: CSVParserTest.IndexStructureValid
2026-01-01T22:31:01.2622291Z 93/94 Test #93: CSVParserTest.IndexStructureValid ........................   Passed    0.00 sec
2026-01-01T22:31:01.2623890Z       Start 94: CSVParserTest.MultiThreadedParsing
2026-01-01T22:31:01.2667169Z 94/94 Test #94: CSVParserTest.MultiThreadedParsing .......................   Passed    0.00 sec
2026-01-01T22:31:01.2671062Z 
2026-01-01T22:31:01.2671257Z 100% tests passed, 0 tests failed out of 94
2026-01-01T22:31:01.2671497Z 
2026-01-01T22:31:01.2671593Z Total Test time (real) =   0.45 sec
2026-01-01T22:31:01.2894955Z ##[group]Run cd build
2026-01-01T22:31:01.2895218Z [36;1mcd build[0m
2026-01-01T22:31:01.2895730Z [36;1mlcov --capture --directory . --output-file coverage.info --exclude '*/build/_deps/*' --exclude '*/test/*' --ignore-errors mismatch,unused[0m
2026-01-01T22:31:01.2896279Z [36;1mlcov --list coverage.info[0m
2026-01-01T22:31:01.2928053Z shell: /usr/bin/bash -e {0}
2026-01-01T22:31:01.2928288Z ##[endgroup]
2026-01-01T22:31:01.7343346Z Capturing coverage data from .
2026-01-01T22:31:01.7344359Z geninfo cmd: '/usr/bin/geninfo . --output-filename coverage.info --ignore-errors mismatch --ignore-errors unused --exclude */build/_deps/* --exclude */test/* --memory 0'
2026-01-01T22:31:01.9540773Z Found gcov version: 13.3.0
2026-01-01T22:31:01.9563831Z Using intermediate gcov format
2026-01-01T22:31:01.9564322Z Writing temporary data to /tmp/geninfo_datik1b
2026-01-01T22:31:01.9564744Z Scanning . for .gcda files ...
2026-01-01T22:31:01.9638615Z Found 9 data files in .
2026-01-01T22:31:01.9639353Z Processing ./CMakeFiles/error_handling_test.dir/test/error_handling_test.cpp.gcda
2026-01-01T22:31:02.0570544Z geninfo: WARNING: /usr/include/c++/13/bits/new_allocator.h:88: unexecuted block on non-branch line with non-zero hit count.  Use "geninfo --rc geninfo_unexecuted_blocks=1 to set count to zero.
2026-01-01T22:31:02.0637355Z Processing ./CMakeFiles/csv_parsing_test.dir/test/csv_parsing_test.cpp.gcda
2026-01-01T22:31:02.1316630Z geninfo: WARNING: /usr/include/c++/13/bits/allocator.h:178: unexecuted block on non-branch line with non-zero hit count.  Use "geninfo --rc geninfo_unexecuted_blocks=1 to set count to zero.
2026-01-01T22:31:02.1318585Z 	(use "geninfo --ignore-errors gcov,gcov ..." to suppress this warning)
2026-01-01T22:31:02.1450005Z Processing ./CMakeFiles/simdcsv_test.dir/test/csv_parser_test.cpp.gcda
2026-01-01T22:31:02.1860531Z geninfo: WARNING: /usr/include/c++/13/bits/stl_iterator_base_funcs.h:106: unexecuted block on non-branch line with non-zero hit count.  Use "geninfo --rc geninfo_unexecuted_blocks=1 to set count to zero.
2026-01-01T22:31:02.1861422Z 	(use "geninfo --ignore-errors gcov,gcov ..." to suppress this warning)
2026-01-01T22:31:02.1914394Z Processing ./CMakeFiles/simdcsv_lib.dir/src/error.cpp.gcda
2026-01-01T22:31:02.2023133Z geninfo: WARNING: /usr/include/c++/13/bits/new_allocator.h:88: unexecuted block on non-branch line with non-zero hit count.  Use "geninfo --rc geninfo_unexecuted_blocks=1 to set count to zero.
2026-01-01T22:31:02.2023987Z 	(use "geninfo --ignore-errors gcov,gcov ..." to suppress this warning)
2026-01-01T22:31:02.2045043Z Processing ./CMakeFiles/simdcsv_lib.dir/src/io_util.cpp.gcda
2026-01-01T22:31:02.2140815Z Processing ./_deps/highway-build/CMakeFiles/hwy_list_targets.dir/hwy/tests/list_targets.cc.gcda
2026-01-01T22:31:02.2236409Z Processing ./_deps/highway-build/CMakeFiles/hwy.dir/hwy/targets.cc.gcda
2026-01-01T22:31:02.2346185Z Processing ./_deps/highway-build/CMakeFiles/hwy.dir/hwy/abort.cc.gcda
2026-01-01T22:31:02.2457876Z Processing ./_deps/googletest-build/googletest/CMakeFiles/gtest.dir/src/gtest-all.cc.gcda
2026-01-01T22:31:02.4624052Z geninfo: WARNING: /usr/include/c++/13/bits/new_allocator.h:88: unexecuted block on non-branch line with non-zero hit count.  Use "geninfo --rc geninfo_unexecuted_blocks=1 to set count to zero.
2026-01-01T22:31:02.4625094Z 	(use "geninfo --ignore-errors gcov,gcov ..." to suppress this warning)
2026-01-01T22:31:02.6941504Z Excluded data for 34 files due to include/exclude options
2026-01-01T22:31:02.6942039Z Finished .info-file creation
2026-01-01T22:31:02.9462255Z                                                |Lines      |Functions|Branches  
2026-01-01T22:31:02.9463008Z Filename                                       |Rate    Num|Rate  Num|Rate   Num
2026-01-01T22:31:02.9463735Z ================================================================================
2026-01-01T22:31:02.9464539Z /home/runner/work/simd...imdcsv/include/error.h|44.1%    34| 0.0%  15|    -    0
2026-01-01T22:31:02.9465843Z /home/runner/work/simd...csv/include/mem_util.h|66.7%     3| 0.0%   1|    -    0
2026-01-01T22:31:02.9467337Z /home/runner/work/simd...include/simd_highway.h| 1.8%    57| 0.0%   1|    -    0
2026-01-01T22:31:02.9468203Z /home/runner/work/simd...csv/include/two_pass.h| 9.3%    86| 0.0%   8|    -    0
2026-01-01T22:31:02.9468998Z /home/runner/work/simdcsv/simdcsv/src/error.cpp| 7.8%    64| 0.0%   5|    -    0
2026-01-01T22:31:02.9469793Z /home/runner/work/simd...imdcsv/src/io_util.cpp|11.8%    17| 0.0%   2|    -    0
2026-01-01T22:31:02.9470547Z /usr/include/c++/13/atomic                     | 400%     1| 0.0%   1|    -    0
2026-01-01T22:31:02.9471271Z /usr/include/c++/13/bits/alloc_traits.h        | 0.0%    14|    -   0|    -    0
2026-01-01T22:31:02.9472018Z /usr/include/c++/13/bits/allocated_ptr.h       | 177%    13| 0.0%  10|    -    0
2026-01-01T22:31:02.9472754Z /usr/include/c++/13/bits/allocator.h           | 0.0%     4|    -   0|    -    0
2026-01-01T22:31:02.9473498Z /usr/include/c++/13/bits/atomic_base.h         |25.0%    20| 0.0%   4|    -    0
2026-01-01T22:31:02.9474149Z /usr/include/c++/13/bits/atomic_futex.h        |33.3%     9| 0.0%   1|    -    0
2026-01-01T22:31:02.9474719Z /usr/include/c++/13/bits/basic_string.h        |77.1%    35| 0.0%  11|    -    0
2026-01-01T22:31:02.9475260Z /usr/include/c++/13/bits/basic_string.tcc      | 100%    12| 0.0%   6|    -    0
2026-01-01T22:31:02.9475793Z /usr/include/c++/13/bits/char_traits.h         | 186%     7| 0.0%   2|    -    0
2026-01-01T22:31:02.9476318Z /usr/include/c++/13/bits/chrono.h              |80.0%    25| 0.0%  20|    -    0
2026-01-01T22:31:02.9477218Z /usr/include/c++/13/bits/cpp_type_traits.h     | 400%     2| 0.0%   3|    -    0
2026-01-01T22:31:02.9477762Z /usr/include/c++/13/bits/exception_ptr.h       | 112%     8| 0.0%   3|    -    0
2026-01-01T22:31:02.9478291Z /usr/include/c++/13/bits/fs_dir.h              | 100%     1| 0.0%   1|    -    0
2026-01-01T22:31:02.9478789Z /usr/include/c++/13/bits/fs_ops.h              |50.0%     6| 0.0%   3|    -    0
2026-01-01T22:31:02.9479292Z /usr/include/c++/13/bits/fs_path.h             |55.6%     9| 0.0%   5|    -    0
2026-01-01T22:31:02.9479828Z /usr/include/c++/13/bits/functional_hash.h     |50.0%     2| 0.0%   1|    -    0
2026-01-01T22:31:02.9480385Z /usr/include/c++/13/bits/hashtable.h           |27.0%   141| 0.0%  34|    -    0
2026-01-01T22:31:02.9480932Z /usr/include/c++/13/bits/hashtable_policy.h    |51.0%   102| 0.0%  46|    -    0
2026-01-01T22:31:02.9481473Z /usr/include/c++/13/bits/invoke.h              | 178%     9| 0.0%  16|    -    0
2026-01-01T22:31:02.9481993Z /usr/include/c++/13/bits/ios_base.h            |    -     0|    -   0|    -    0
2026-01-01T22:31:02.9482515Z /usr/include/c++/13/bits/list.tcc              |    -     0|    -   0|    -    0
2026-01-01T22:31:02.9483027Z /usr/include/c++/13/bits/move.h                |1715%    13| 0.0% 131|    -    0
2026-01-01T22:31:02.9483558Z /usr/include/c++/13/bits/new_allocator.h       | 733%    12| 0.0%  49|    -    0
2026-01-01T22:31:02.9484132Z /usr/include/c++/13/bits/predefined_ops.h      | 111%    28| 0.0%  21|    -    0
2026-01-01T22:31:02.9484688Z /usr/include/c++/13/bits/ptr_traits.h          | 200%     4| 0.0%   6|    -    0
2026-01-01T22:31:02.9485130Z /usr/include/c++/13/bits/shared_ptr.h          | 125%    12| 0.0%   9|    -    0
2026-01-01T22:31:02.9485600Z /usr/include/c++/13/bits/shared_ptr_base.h     |85.0%   100| 0.0%  46|    -    0
2026-01-01T22:31:02.9486055Z /usr/include/c++/13/bits/std_function.h        |70.0%    50| 0.0%  28|    -    0
2026-01-01T22:31:02.9486475Z /usr/include/c++/13/bits/std_thread.h          |86.7%    30| 0.0%  25|    -    0
2026-01-01T22:31:02.9487066Z /usr/include/c++/13/bits/stl_algo.h            |36.9%   111| 0.0%  29|    -    0
2026-01-01T22:31:02.9487487Z /usr/include/c++/13/bits/stl_algobase.h        | 126%    90| 0.0%  45|    -    0
2026-01-01T22:31:02.9487907Z /usr/include/c++/13/bits/stl_construct.h       | 479%    14| 0.0%  44|    -    0
2026-01-01T22:31:02.9488476Z /usr/include/c++/13/bits/stl_function.h        | 600%     2| 0.0%   1|    -    0
2026-01-01T22:31:02.9488900Z /usr/include/c++/13/bits/stl_iterator.h        | 302%    64| 0.0% 126|    -    0
2026-01-01T22:31:02.9489323Z /usr/include/c++/13/bi..._iterator_base_funcs.h|20.0%    10| 0.0%   1|    -    0
2026-01-01T22:31:02.9489740Z /usr/include/c++/13/bi..._iterator_base_types.h| 0.0%     1|    -   0|    -    0
2026-01-01T22:31:02.9490152Z /usr/include/c++/13/bits/stl_list.h            |    -     0|    -   0|    -    0
2026-01-01T22:31:02.9490562Z /usr/include/c++/13/bits/stl_map.h             | 333%     6| 0.0%   4|    -    0
2026-01-01T22:31:02.9490968Z /usr/include/c++/13/bits/stl_pair.h            | 500%    10| 0.0%  31|    -    0
2026-01-01T22:31:02.9491367Z /usr/include/c++/13/bits/stl_set.h             | 350%     2| 0.0%   2|    -    0
2026-01-01T22:31:02.9491775Z /usr/include/c++/13/bits/stl_tempbuf.h         |28.1%    32| 0.0%   9|    -    0
2026-01-01T22:31:02.9492191Z /usr/include/c++/13/bits/stl_tree.h            | 468%    34| 0.0%  19|    -    0
2026-01-01T22:31:02.9492605Z /usr/include/c++/13/bits/stl_uninitialized.h   | 166%    47| 0.0%  43|    -    0
2026-01-01T22:31:02.9493030Z /usr/include/c++/13/bits/stl_vector.h          | 258%   166| 0.0% 268|    -    0
2026-01-01T22:31:02.9493454Z /usr/include/c++/13/bits/unique_ptr.h          | 272%    64| 0.0% 110|    -    0
2026-01-01T22:31:02.9493880Z /usr/include/c++/13/bits/unordered_set.h       |62.5%     8| 0.0%   5|    -    0
2026-01-01T22:31:02.9494311Z /usr/include/c++/13/bits/vector.tcc            |49.0%    49| 0.0%  12|    -    0
2026-01-01T22:31:02.9494831Z /usr/include/c++/13/cmath                      |    -     0|    -   0|    -    0
2026-01-01T22:31:02.9495239Z /usr/include/c++/13/ext/aligned_buffer.h       | 425%     8| 0.0%  12|    -    0
2026-01-01T22:31:02.9495674Z /usr/include/c++/13/ext/alloc_traits.h         | 0.0%     2|    -   0|    -    0
2026-01-01T22:31:02.9496099Z /usr/include/c++/13/ext/atomicity.h            | 0.0%     7|    -   0|    -    0
2026-01-01T22:31:02.9496510Z /usr/include/c++/13/future                     |82.6%    92| 0.0%  60|    -    0
2026-01-01T22:31:02.9497093Z /usr/include/c++/13/initializer_list           | 300%     3| 0.0%   6|    -    0
2026-01-01T22:31:02.9497503Z /usr/include/c++/13/iomanip                    | 150%     2| 0.0%   1|    -    0
2026-01-01T22:31:02.9497894Z /usr/include/c++/13/limits                     |    -     0|    -   0|    -    0
2026-01-01T22:31:02.9498278Z /usr/include/c++/13/mutex                      |66.7%    15| 0.0%  10|    -    0
2026-01-01T22:31:02.9498658Z /usr/include/c++/13/new                        | 100%     2| 0.0%   1|    -    0
2026-01-01T22:31:02.9499053Z /usr/include/c++/13/string_view                | 114%     7| 0.0%   3|    -    0
2026-01-01T22:31:02.9499462Z /usr/include/c++/13/system_error               |    -     0|    -   0|    -    0
2026-01-01T22:31:02.9499855Z /usr/include/c++/13/tuple                      | 798%    46| 0.0% 256|    -    0
2026-01-01T22:31:02.9500254Z /usr/include/c++/13/typeinfo                   |    -     0|    -   0|    -    0
2026-01-01T22:31:02.9500666Z /usr/include/x86_64-li...++/13/bits/c++config.h|50.0%     2| 0.0%   1|    -    0
2026-01-01T22:31:02.9501103Z /usr/include/x86_64-li...13/bits/gthr-default.h|40.0%     5| 0.0%   2|    -    0
2026-01-01T22:31:02.9501529Z /usr/lib/gcc/x86_64-li...13/include/emmintrin.h| 0.0%     7|    -   0|    -    0
2026-01-01T22:31:02.9501861Z ================================================================================
2026-01-01T22:31:02.9502128Z                                          Total:| 149%  1838| 0.0%  1k|    -    0
2026-01-01T22:31:02.9616081Z ##[group]Run codecov/codecov-action@v4
2026-01-01T22:31:02.9616358Z with:
2026-01-01T22:31:02.9616540Z   files: ./build/coverage.info
2026-01-01T22:31:02.9617017Z   fail_ci_if_error: false
2026-01-01T22:31:02.9617232Z   verbose: true
2026-01-01T22:31:02.9617899Z   token: ***
2026-01-01T22:31:02.9618096Z ##[endgroup]
2026-01-01T22:31:03.0451946Z ==> linux OS detected
2026-01-01T22:31:03.3449417Z https://cli.codecov.io/latest/linux/codecov.SHA256SUM
2026-01-01T22:31:03.4073197Z Received SHA256SUM fd34214e2b2c738e48e3ac90b2c23ec4e975d0e9aee51f2cebe81b5704af3f6c  codecov
2026-01-01T22:31:03.4489537Z Received SHA256SUM signature -----BEGIN PGP SIGNATURE-----
2026-01-01T22:31:03.4490041Z 
2026-01-01T22:31:03.4490439Z iQIzBAABCgAdFiEEJwNOf9uFDgu8LGL/gGuyiu13mGkFAmky+uQACgkQgGuyiu13
2026-01-01T22:31:03.4491384Z mGm0iw/+JPGbw2dfazP8PlNL9cQF0lZW6FLi9RNrFq7m1chd9jBARGwg9wA5kKN3
2026-01-01T22:31:03.4492406Z N6S6Ik7g3fwJuvBHzchjaECafijs0QAC1oKNmrv6IFbqBiAVHkSdspJWBQQ8kiwX
2026-01-01T22:31:03.4493699Z dLs0oFd8zE/WsGuiKxUYoGv1v72X8cPWnb6SZrBMbHwE4XwfEho1oDgZYslNwQc8
2026-01-01T22:31:03.4494632Z LjI+vLJZ6SdSxelnYdAu8xRKR7xpdxExY01HhUzlMpWhfaI/Fry5gwkYAMAvvzhk
2026-01-01T22:31:03.4495640Z qROeLTSZKXD5yI+2bj0rpALwsJuiq9EBpCAH0wIqRZMwquD8fsTHglgQeiL/Qxbo
2026-01-01T22:31:03.4496543Z 277AYy4HJSzbQU9sGZr5G/fJd7gvWLBLNSdUBbeuiT29P1rCKtQ/3E8qC0S8707N
2026-01-01T22:31:03.4497666Z z64m1q/FglaAJt5ph8Cdgk4Rc1sPV8w3NAVcaGcmR4TC+MLkxLHo4JAhLqUG7Aq5
2026-01-01T22:31:03.4498579Z ajhqmrrXUZTxF3wg5UpA2/h1wjH9VU7OieOTlNaV+yyQ8r/1powGXcC5Xbp/iaua
2026-01-01T22:31:03.4499495Z VrE2qqn0kTjMRd15WPD2ImyyI8TIK7knsdg7xx88zInoWH0Xhl9QiH8IvgDGbDzY
2026-01-01T22:31:03.4500508Z lv+/wzIDroZK+1Ve+FPYw2yNtRrwoPCxI+QtzhOdF0fxXa9Ni7ubTNBuYflkid/i
2026-01-01T22:31:03.4501389Z fyRU1ZXP+SZPUy02K30sj33kRlcUuKt6jIvj/HZ8GzDzuwwuyyc=
2026-01-01T22:31:03.4501947Z =y23a
2026-01-01T22:31:03.4502326Z -----END PGP SIGNATURE-----
2026-01-01T22:31:03.4502649Z 
2026-01-01T22:31:03.4578650Z gpg: directory '/home/runner/.gnupg' created
2026-01-01T22:31:03.4583483Z gpg: keybox '/home/runner/.gnupg/pubring.kbx' created
2026-01-01T22:31:03.4606282Z gpg: /home/runner/.gnupg/trustdb.gpg: trustdb created
2026-01-01T22:31:03.4608452Z gpg: key 806BB28AED779869: public key "Codecov Uploader (Codecov Uploader Verification Key) <security@codecov.io>" imported
2026-01-01T22:31:03.4767931Z gpg: Total number processed: 1
2026-01-01T22:31:03.4768786Z gpg:               imported: 1
2026-01-01T22:31:03.4833109Z gpg: Signature made Fri Dec  5 15:31:48 2025 UTC
2026-01-01T22:31:03.4833899Z gpg:                using RSA key 27034E7FDB850E0BBC2C62FF806BB28AED779869
2026-01-01T22:31:03.4836493Z gpg: Good signature from "Codecov Uploader (Codecov Uploader Verification Key) <security@codecov.io>" [unknown]
2026-01-01T22:31:03.4837637Z gpg: WARNING: This key is not certified with a trusted signature!
2026-01-01T22:31:03.4838329Z gpg:          There is no indication that the signature belongs to the owner.
2026-01-01T22:31:03.4839083Z Primary key fingerprint: 2703 4E7F DB85 0E0B BC2C  62FF 806B B28A ED77 9869
2026-01-01T22:31:03.5063354Z ==> Uploader SHASUM verified (fd34214e2b2c738e48e3ac90b2c23ec4e975d0e9aee51f2cebe81b5704af3f6c  codecov)
2026-01-01T22:31:03.5064214Z ==> Running version latest
2026-01-01T22:31:03.5911443Z Could not pull latest version information: SyntaxError: Unexpected token '<', "<!DOCTYPE "... is not valid JSON
2026-01-01T22:31:03.5913176Z ==> Running git config --global --add safe.directory /home/runner/work/simdcsv/simdcsv
2026-01-01T22:31:03.6000486Z [command]/usr/bin/git config --global --add safe.directory /home/runner/work/simdcsv/simdcsv
2026-01-01T22:31:03.6048586Z ==> Running command '/home/runner/work/_actions/codecov/codecov-action/v4/dist/codecov -v create-commit'
2026-01-01T22:31:03.6051247Z [command]/home/runner/work/_actions/codecov/codecov-action/v4/dist/codecov -v create-commit --git-service github -C 917c228b53037d10e905b18503218484c35f7743
2026-01-01T22:31:03.9551905Z info - 2026-01-01 22:31:03,954 -- ci service found: github-actions
2026-01-01T22:31:03.9584722Z debug - 2026-01-01 22:31:03,958 -- versioning system found: <class 'codecov_cli.helpers.versioning_systems.GitVersioningSystem'>
2026-01-01T22:31:03.9613919Z debug - 2026-01-01 22:31:03,961 -- versioning system found: <class 'codecov_cli.helpers.versioning_systems.GitVersioningSystem'>
2026-01-01T22:31:03.9645033Z debug - 2026-01-01 22:31:03,964 -- Loading config from /home/runner/work/simdcsv/simdcsv/codecov.yml
2026-01-01T22:31:03.9974197Z debug - 2026-01-01 22:31:03,996 -- Starting create commit process --- {"verbose": true, "auto_load_params_from": null, "codecov_yml_path": null, "enterprise_url": null, "disable_telem": false, "version": "cli-11.2.6", "command": "create-commit", "git_service": "github", "commit_sha": "917c228b53037d10e905b18503218484c35f7743", "parent_sha": null, "pull_request_number": "6", "branch": "claude/production-readiness-plan-kJg1k", "fail_on_error": false, "slug": "jimhester/simdcsv"}
2026-01-01T22:31:03.9976386Z info - 2026-01-01 22:31:03,997 -- Using token to create a commit for protected branch `claude/production-readiness-plan-kJg1k`
2026-01-01T22:31:04.5693325Z info - 2026-01-01 22:31:04,568 -- Process Commit creating complete
2026-01-01T22:31:04.5694898Z debug - 2026-01-01 22:31:04,569 -- Commit creating result --- {"result": "RequestResult(error=None, warnings=[], status_code=202, text='{\"status\":\"queued\"}\\n')"}
2026-01-01T22:31:04.6711831Z Sentry is attempting to send 2 pending events
2026-01-01T22:31:04.6712295Z Waiting up to 2 seconds
2026-01-01T22:31:04.6712625Z Press Ctrl-C to quit
2026-01-01T22:31:04.7939204Z ==> Running command '/home/runner/work/_actions/codecov/codecov-action/v4/dist/codecov -v create-report'
2026-01-01T22:31:04.7941348Z [command]/home/runner/work/_actions/codecov/codecov-action/v4/dist/codecov -v create-report --git-service github -C 917c228b53037d10e905b18503218484c35f7743
2026-01-01T22:31:05.1411099Z info - 2026-01-01 22:31:05,140 -- ci service found: github-actions
2026-01-01T22:31:05.1444639Z debug - 2026-01-01 22:31:05,144 -- versioning system found: <class 'codecov_cli.helpers.versioning_systems.GitVersioningSystem'>
2026-01-01T22:31:05.1474542Z debug - 2026-01-01 22:31:05,147 -- versioning system found: <class 'codecov_cli.helpers.versioning_systems.GitVersioningSystem'>
2026-01-01T22:31:05.1506067Z debug - 2026-01-01 22:31:05,150 -- Loading config from /home/runner/work/simdcsv/simdcsv/codecov.yml
2026-01-01T22:31:05.1834134Z debug - 2026-01-01 22:31:05,182 -- Starting create report process --- {"verbose": true, "auto_load_params_from": null, "codecov_yml_path": null, "enterprise_url": null, "disable_telem": false, "version": "cli-11.2.6", "command": "create-report", "git_service": "github", "commit_sha": "917c228b53037d10e905b18503218484c35f7743", "code": "default", "pull_request_number": "6", "fail_on_error": false, "slug": "jimhester/simdcsv"}
2026-01-01T22:31:05.6985712Z info - 2026-01-01 22:31:05,698 -- Process Report creating complete
2026-01-01T22:31:05.6992306Z debug - 2026-01-01 22:31:05,698 -- Report creating result --- {"result": "RequestResult(error=None, warnings=[], status_code=202, text='{\"status\":\"queued\"}\\n')"}
2026-01-01T22:31:05.6993749Z info - 2026-01-01 22:31:05,699 -- Finished creating report successfully --- {"response": "{\"status\":\"queued\"}\n"}
2026-01-01T22:31:05.8013378Z Sentry is attempting to send 2 pending events
2026-01-01T22:31:05.8013813Z Waiting up to 2 seconds
2026-01-01T22:31:05.8014109Z Press Ctrl-C to quit
2026-01-01T22:31:05.8655963Z ==> Running command '/home/runner/work/_actions/codecov/codecov-action/v4/dist/codecov -v do-upload'
2026-01-01T22:31:05.8658198Z [command]/home/runner/work/_actions/codecov/codecov-action/v4/dist/codecov -v do-upload -f ./build/coverage.info --git-service github -C 917c228b53037d10e905b18503218484c35f7743
2026-01-01T22:31:06.2258614Z info - 2026-01-01 22:31:06,225 -- ci service found: github-actions
2026-01-01T22:31:06.2294009Z debug - 2026-01-01 22:31:06,228 -- versioning system found: <class 'codecov_cli.helpers.versioning_systems.GitVersioningSystem'>
2026-01-01T22:31:06.2325015Z debug - 2026-01-01 22:31:06,232 -- versioning system found: <class 'codecov_cli.helpers.versioning_systems.GitVersioningSystem'>
2026-01-01T22:31:06.2356545Z debug - 2026-01-01 22:31:06,235 -- Loading config from /home/runner/work/simdcsv/simdcsv/codecov.yml
2026-01-01T22:31:06.2712996Z debug - 2026-01-01 22:31:06,270 -- Starting upload processing --- {"verbose": true, "auto_load_params_from": null, "codecov_yml_path": null, "enterprise_url": null, "disable_telem": false, "version": "cli-11.2.6", "command": "do-upload", "git_service": "github", "commit_sha": "917c228b53037d10e905b18503218484c35f7743", "report_code": "default", "network_root_folder": "/home/runner/work/simdcsv/simdcsv", "files_search_root_folder": "/home/runner/work/simdcsv/simdcsv", "files_search_exclude_folders": [], "recurse_submodules": false, "disable_search": false, "disable_file_fixes": false, "build_code": "20646672714", "build_url": "https://github.com/jimhester/simdcsv/actions/runs/20646672714", "job_code": "CI", "name": "20646672714", "branch": "claude/production-readiness-plan-kJg1k", "pull_request_number": "6", "env_vars": {}, "flags": [], "plugin_names": ["xcode", "gcov", "pycoverage"], "dry_run": false, "use_legacy_uploader": false, "handle_no_reports_found": false, "report_type_str": "coverage", "network_filter": null, "network_prefix": null, "gcov_args": null, "gcov_ignore": null, "gcov_include": null, "gcov_executable": null, "swift_project": null, "fail_on_error": false, "slug": "jimhester/simdcsv"}
2026-01-01T22:31:06.2718925Z debug - 2026-01-01 22:31:06,270 -- Selected preparation plugins --- {"selected_plugins": ["<class 'codecov_cli.plugins.xcode.XcodePlugin'>", "<class 'codecov_cli.plugins.gcov.GcovPlugin'>", "<class 'codecov_cli.plugins.pycoverage.Pycoverage'>"], "cli_config": {}}
2026-01-01T22:31:06.2720703Z debug - 2026-01-01 22:31:06,270 -- Running preparation plugin: <class 'codecov_cli.plugins.xcode.XcodePlugin'>
2026-01-01T22:31:06.2721673Z debug - 2026-01-01 22:31:06,270 -- Running xcode plugin...
2026-01-01T22:31:06.2722143Z warning - 2026-01-01 22:31:06,271 -- xcrun is not installed or can't be found.
2026-01-01T22:31:06.2723134Z debug - 2026-01-01 22:31:06,271 -- Running preparation plugin: <class 'codecov_cli.plugins.gcov.GcovPlugin'>
2026-01-01T22:31:06.2781895Z debug - 2026-01-01 22:31:06,271 -- Running gcov plugin...
2026-01-01T22:31:06.2782625Z debug - 2026-01-01 22:31:06,272 -- Translating `*.gcno` into `(?s:[^/]*\.gcno)\Z`
2026-01-01T22:31:06.2978905Z warning - 2026-01-01 22:31:06,297 -- Running gcov on the following list of files:
2026-01-01T22:31:06.2980221Z warning - 2026-01-01 22:31:06,297 -- /home/runner/work/simdcsv/simdcsv/build/CMakeFiles/error_handling_test.dir/test/error_handling_test.cpp.gcno
2026-01-01T22:31:06.2981724Z warning - 2026-01-01 22:31:06,297 -- /home/runner/work/simdcsv/simdcsv/build/CMakeFiles/simdcsv.dir/src/main.cpp.gcno
2026-01-01T22:31:06.2983186Z warning - 2026-01-01 22:31:06,297 -- /home/runner/work/simdcsv/simdcsv/build/CMakeFiles/csv_parsing_test.dir/test/csv_parsing_test.cpp.gcno
2026-01-01T22:31:06.2984764Z warning - 2026-01-01 22:31:06,298 -- /home/runner/work/simdcsv/simdcsv/build/CMakeFiles/simdcsv_test.dir/test/csv_parser_test.cpp.gcno
2026-01-01T22:31:06.2986202Z warning - 2026-01-01 22:31:06,298 -- /home/runner/work/simdcsv/simdcsv/build/CMakeFiles/simdcsv_lib.dir/src/error.cpp.gcno
2026-01-01T22:31:06.2987843Z warning - 2026-01-01 22:31:06,298 -- /home/runner/work/simdcsv/simdcsv/build/CMakeFiles/simdcsv_lib.dir/src/io_util.cpp.gcno
2026-01-01T22:31:06.2989392Z warning - 2026-01-01 22:31:06,298 -- /home/runner/work/simdcsv/simdcsv/build/_deps/highway-build/CMakeFiles/hwy_test.dir/hwy/tests/test_util.cc.gcno
2026-01-01T22:31:06.2991155Z warning - 2026-01-01 22:31:06,298 -- /home/runner/work/simdcsv/simdcsv/build/_deps/highway-build/CMakeFiles/hwy_list_targets.dir/hwy/tests/list_targets.cc.gcno
2026-01-01T22:31:06.2993212Z warning - 2026-01-01 22:31:06,298 -- /home/runner/work/simdcsv/simdcsv/build/_deps/highway-build/CMakeFiles/hwy.dir/hwy/targets.cc.gcno
2026-01-01T22:31:06.2994778Z warning - 2026-01-01 22:31:06,298 -- /home/runner/work/simdcsv/simdcsv/build/_deps/highway-build/CMakeFiles/hwy.dir/hwy/profiler.cc.gcno
2026-01-01T22:31:06.2996285Z warning - 2026-01-01 22:31:06,298 -- /home/runner/work/simdcsv/simdcsv/build/_deps/highway-build/CMakeFiles/hwy.dir/hwy/timer.cc.gcno
2026-01-01T22:31:06.2997969Z warning - 2026-01-01 22:31:06,298 -- /home/runner/work/simdcsv/simdcsv/build/_deps/highway-build/CMakeFiles/hwy.dir/hwy/per_target.cc.gcno
2026-01-01T22:31:06.2999514Z warning - 2026-01-01 22:31:06,298 -- /home/runner/work/simdcsv/simdcsv/build/_deps/highway-build/CMakeFiles/hwy.dir/hwy/nanobenchmark.cc.gcno
2026-01-01T22:31:06.3001042Z warning - 2026-01-01 22:31:06,299 -- /home/runner/work/simdcsv/simdcsv/build/_deps/highway-build/CMakeFiles/hwy.dir/hwy/abort.cc.gcno
2026-01-01T22:31:06.3002597Z warning - 2026-01-01 22:31:06,299 -- /home/runner/work/simdcsv/simdcsv/build/_deps/highway-build/CMakeFiles/hwy.dir/hwy/aligned_allocator.cc.gcno
2026-01-01T22:31:06.3004177Z warning - 2026-01-01 22:31:06,299 -- /home/runner/work/simdcsv/simdcsv/build/_deps/highway-build/CMakeFiles/hwy.dir/hwy/print.cc.gcno
2026-01-01T22:31:06.3005686Z warning - 2026-01-01 22:31:06,299 -- /home/runner/work/simdcsv/simdcsv/build/_deps/highway-build/CMakeFiles/hwy.dir/hwy/perf_counters.cc.gcno
2026-01-01T22:31:06.3007593Z warning - 2026-01-01 22:31:06,299 -- /home/runner/work/simdcsv/simdcsv/build/_deps/highway-build/CMakeFiles/hwy_contrib.dir/hwy/contrib/thread_pool/topology.cc.gcno
2026-01-01T22:31:06.3009518Z warning - 2026-01-01 22:31:06,299 -- /home/runner/work/simdcsv/simdcsv/build/_deps/highway-build/CMakeFiles/hwy_contrib.dir/hwy/contrib/sort/vqsort_i32a.cc.gcno
2026-01-01T22:31:06.3011331Z warning - 2026-01-01 22:31:06,299 -- /home/runner/work/simdcsv/simdcsv/build/_deps/highway-build/CMakeFiles/hwy_contrib.dir/hwy/contrib/sort/vqsort_f64d.cc.gcno
2026-01-01T22:31:06.3013189Z warning - 2026-01-01 22:31:06,299 -- /home/runner/work/simdcsv/simdcsv/build/_deps/highway-build/CMakeFiles/hwy_contrib.dir/hwy/contrib/sort/vqsort_kv128d.cc.gcno
2026-01-01T22:31:06.3015329Z warning - 2026-01-01 22:31:06,299 -- /home/runner/work/simdcsv/simdcsv/build/_deps/highway-build/CMakeFiles/hwy_contrib.dir/hwy/contrib/sort/vqsort_128d.cc.gcno
2026-01-01T22:31:06.3017356Z warning - 2026-01-01 22:31:06,300 -- /home/runner/work/simdcsv/simdcsv/build/_deps/highway-build/CMakeFiles/hwy_contrib.dir/hwy/contrib/sort/vqsort_u16d.cc.gcno
2026-01-01T22:31:06.3019201Z warning - 2026-01-01 22:31:06,300 -- /home/runner/work/simdcsv/simdcsv/build/_deps/highway-build/CMakeFiles/hwy_contrib.dir/hwy/contrib/sort/vqsort_kv64d.cc.gcno
2026-01-01T22:31:06.3021048Z warning - 2026-01-01 22:31:06,300 -- /home/runner/work/simdcsv/simdcsv/build/_deps/highway-build/CMakeFiles/hwy_contrib.dir/hwy/contrib/sort/vqsort_kv128a.cc.gcno
2026-01-01T22:31:06.3022853Z warning - 2026-01-01 22:31:06,300 -- /home/runner/work/simdcsv/simdcsv/build/_deps/highway-build/CMakeFiles/hwy_contrib.dir/hwy/contrib/sort/vqsort.cc.gcno
2026-01-01T22:31:06.3024662Z warning - 2026-01-01 22:31:06,300 -- /home/runner/work/simdcsv/simdcsv/build/_deps/highway-build/CMakeFiles/hwy_contrib.dir/hwy/contrib/sort/vqsort_f64a.cc.gcno
2026-01-01T22:31:06.3026302Z warning - 2026-01-01 22:31:06,300 -- /home/runner/work/simdcsv/simdcsv/build/_deps/highway-build/CMakeFiles/hwy_contrib.dir/hwy/contrib/sort/vqsort_f32a.cc.gcno
2026-01-01T22:31:06.3028322Z warning - 2026-01-01 22:31:06,300 -- /home/runner/work/simdcsv/simdcsv/build/_deps/highway-build/CMakeFiles/hwy_contrib.dir/hwy/contrib/sort/vqsort_f16a.cc.gcno
2026-01-01T22:31:06.3030069Z warning - 2026-01-01 22:31:06,300 -- /home/runner/work/simdcsv/simdcsv/build/_deps/highway-build/CMakeFiles/hwy_contrib.dir/hwy/contrib/sort/vqsort_128a.cc.gcno
2026-01-01T22:31:06.3031728Z warning - 2026-01-01 22:31:06,300 -- /home/runner/work/simdcsv/simdcsv/build/_deps/highway-build/CMakeFiles/hwy_contrib.dir/hwy/contrib/sort/vqsort_u64d.cc.gcno
2026-01-01T22:31:06.3033739Z warning - 2026-01-01 22:31:06,300 -- /home/runner/work/simdcsv/simdcsv/build/_deps/highway-build/CMakeFiles/hwy_contrib.dir/hwy/contrib/sort/vqsort_kv64a.cc.gcno
2026-01-01T22:31:06.3035572Z warning - 2026-01-01 22:31:06,300 -- /home/runner/work/simdcsv/simdcsv/build/_deps/highway-build/CMakeFiles/hwy_contrib.dir/hwy/contrib/sort/vqsort_u64a.cc.gcno
2026-01-01T22:31:06.3037446Z warning - 2026-01-01 22:31:06,301 -- /home/runner/work/simdcsv/simdcsv/build/_deps/highway-build/CMakeFiles/hwy_contrib.dir/hwy/contrib/sort/vqsort_u16a.cc.gcno
2026-01-01T22:31:06.3038970Z warning - 2026-01-01 22:31:06,301 -- /home/runner/work/simdcsv/simdcsv/build/_deps/highway-build/CMakeFiles/hwy_contrib.dir/hwy/contrib/sort/vqsort_i64a.cc.gcno
2026-01-01T22:31:06.3040537Z warning - 2026-01-01 22:31:06,301 -- /home/runner/work/simdcsv/simdcsv/build/_deps/highway-build/CMakeFiles/hwy_contrib.dir/hwy/contrib/sort/vqsort_f32d.cc.gcno
2026-01-01T22:31:06.3042147Z warning - 2026-01-01 22:31:06,301 -- /home/runner/work/simdcsv/simdcsv/build/_deps/highway-build/CMakeFiles/hwy_contrib.dir/hwy/contrib/sort/vqsort_f16d.cc.gcno
2026-01-01T22:31:06.3043784Z warning - 2026-01-01 22:31:06,301 -- /home/runner/work/simdcsv/simdcsv/build/_deps/highway-build/CMakeFiles/hwy_contrib.dir/hwy/contrib/sort/vqsort_u32d.cc.gcno
2026-01-01T22:31:06.3045273Z warning - 2026-01-01 22:31:06,301 -- /home/runner/work/simdcsv/simdcsv/build/_deps/highway-build/CMakeFiles/hwy_contrib.dir/hwy/contrib/sort/vqsort_u32a.cc.gcno
2026-01-01T22:31:06.3046951Z warning - 2026-01-01 22:31:06,301 -- /home/runner/work/simdcsv/simdcsv/build/_deps/highway-build/CMakeFiles/hwy_contrib.dir/hwy/contrib/sort/vqsort_i16d.cc.gcno
2026-01-01T22:31:06.3048537Z warning - 2026-01-01 22:31:06,301 -- /home/runner/work/simdcsv/simdcsv/build/_deps/highway-build/CMakeFiles/hwy_contrib.dir/hwy/contrib/sort/vqsort_i64d.cc.gcno
2026-01-01T22:31:06.3050214Z warning - 2026-01-01 22:31:06,301 -- /home/runner/work/simdcsv/simdcsv/build/_deps/highway-build/CMakeFiles/hwy_contrib.dir/hwy/contrib/sort/vqsort_i32d.cc.gcno
2026-01-01T22:31:06.3052124Z warning - 2026-01-01 22:31:06,301 -- /home/runner/work/simdcsv/simdcsv/build/_deps/highway-build/CMakeFiles/hwy_contrib.dir/hwy/contrib/sort/vqsort_i16a.cc.gcno
2026-01-01T22:31:06.3053062Z warning - 2026-01-01 22:31:06,302 -- /home/runner/work/simdcsv/simdcsv/build/_deps/highway-build/CMakeFiles/hwy_contrib.dir/hwy/contrib/image/image.cc.gcno
2026-01-01T22:31:06.3053967Z warning - 2026-01-01 22:31:06,302 -- /home/runner/work/simdcsv/simdcsv/build/_deps/googletest-build/googlemock/CMakeFiles/gmock.dir/src/gmock-all.cc.gcno
2026-01-01T22:31:06.3054882Z warning - 2026-01-01 22:31:06,302 -- /home/runner/work/simdcsv/simdcsv/build/_deps/googletest-build/googlemock/CMakeFiles/gmock_main.dir/src/gmock_main.cc.gcno
2026-01-01T22:31:06.3055812Z warning - 2026-01-01 22:31:06,302 -- /home/runner/work/simdcsv/simdcsv/build/_deps/googletest-build/googletest/CMakeFiles/gtest_main.dir/src/gtest_main.cc.gcno
2026-01-01T22:31:06.3057116Z warning - 2026-01-01 22:31:06,302 -- /home/runner/work/simdcsv/simdcsv/build/_deps/googletest-build/googletest/CMakeFiles/gtest.dir/src/gtest-all.cc.gcno
2026-01-01T22:31:08.3091580Z debug - 2026-01-01 22:31:08,308 -- Running preparation plugin: <class 'codecov_cli.plugins.pycoverage.Pycoverage'>
2026-01-01T22:31:08.3093431Z warning - 2026-01-01 22:31:08,309 -- coverage.py is not installed or can't be found.
2026-01-01T22:31:08.3095072Z debug - 2026-01-01 22:31:08,309 -- Collecting relevant files
2026-01-01T22:31:08.3178807Z debug - 2026-01-01 22:31:08,317 -- Translating `*.*js` into `(?s:[^/]*\.[^/]*js)\Z`
2026-01-01T22:31:08.3179693Z debug - 2026-01-01 22:31:08,317 -- Translating `*.SHA256SUM` into `(?s:[^/]*\.SHA256SUM)\Z`
2026-01-01T22:31:08.3180543Z debug - 2026-01-01 22:31:08,317 -- Translating `*.am` into `(?s:[^/]*\.am)\Z`
2026-01-01T22:31:08.3181280Z debug - 2026-01-01 22:31:08,317 -- Translating `*.bash` into `(?s:[^/]*\.bash)\Z`
2026-01-01T22:31:08.3182275Z debug - 2026-01-01 22:31:08,318 -- Translating `*.bat` into `(?s:[^/]*\.bat)\Z`
2026-01-01T22:31:08.3183403Z debug - 2026-01-01 22:31:08,318 -- Translating `*.bw` into `(?s:[^/]*\.bw)\Z`
2026-01-01T22:31:08.3184181Z debug - 2026-01-01 22:31:08,318 -- Translating `*.cfg` into `(?s:[^/]*\.cfg)\Z`
2026-01-01T22:31:08.3184945Z debug - 2026-01-01 22:31:08,318 -- Translating `*.class` into `(?s:[^/]*\.class)\Z`
2026-01-01T22:31:08.3185737Z debug - 2026-01-01 22:31:08,318 -- Translating `*.cmake` into `(?s:[^/]*\.cmake)\Z`
2026-01-01T22:31:08.3186499Z debug - 2026-01-01 22:31:08,318 -- Translating `*.conf` into `(?s:[^/]*\.conf)\Z`
2026-01-01T22:31:08.3187494Z debug - 2026-01-01 22:31:08,318 -- Translating `*.coverage` into `(?s:[^/]*\.coverage)\Z`
2026-01-01T22:31:08.3188285Z debug - 2026-01-01 22:31:08,318 -- Translating `*.cp` into `(?s:[^/]*\.cp)\Z`
2026-01-01T22:31:08.3189005Z debug - 2026-01-01 22:31:08,318 -- Translating `*.cpp` into `(?s:[^/]*\.cpp)\Z`
2026-01-01T22:31:08.3189878Z debug - 2026-01-01 22:31:08,318 -- Translating `*.crt` into `(?s:[^/]*\.crt)\Z`
2026-01-01T22:31:08.3190611Z debug - 2026-01-01 22:31:08,318 -- Translating `*.csg` into `(?s:[^/]*\.csg)\Z`
2026-01-01T22:31:08.3191358Z debug - 2026-01-01 22:31:08,318 -- Translating `*.css` into `(?s:[^/]*\.css)\Z`
2026-01-01T22:31:08.3192083Z debug - 2026-01-01 22:31:08,319 -- Translating `*.csv` into `(?s:[^/]*\.csv)\Z`
2026-01-01T22:31:08.3193101Z debug - 2026-01-01 22:31:08,319 -- Translating `*.dart` into `(?s:[^/]*\.dart)\Z`
2026-01-01T22:31:08.3193866Z debug - 2026-01-01 22:31:08,319 -- Translating `*.data` into `(?s:[^/]*\.data)\Z`
2026-01-01T22:31:08.3194605Z debug - 2026-01-01 22:31:08,319 -- Translating `*.db` into `(?s:[^/]*\.db)\Z`
2026-01-01T22:31:08.3195349Z debug - 2026-01-01 22:31:08,319 -- Translating `*.dox` into `(?s:[^/]*\.dox)\Z`
2026-01-01T22:31:08.3196269Z debug - 2026-01-01 22:31:08,319 -- Translating `*.ec` into `(?s:[^/]*\.ec)\Z`
2026-01-01T22:31:08.3197191Z debug - 2026-01-01 22:31:08,319 -- Translating `*.egg` into `(?s:[^/]*\.egg)\Z`
2026-01-01T22:31:08.3198204Z debug - 2026-01-01 22:31:08,319 -- Translating `*.egg-info` into `(?s:[^/]*\.egg\-info)\Z`
2026-01-01T22:31:08.3199291Z debug - 2026-01-01 22:31:08,319 -- Translating `*.el` into `(?s:[^/]*\.el)\Z`
2026-01-01T22:31:08.3200070Z debug - 2026-01-01 22:31:08,319 -- Translating `*.env` into `(?s:[^/]*\.env)\Z`
2026-01-01T22:31:08.3200795Z debug - 2026-01-01 22:31:08,319 -- Translating `*.erb` into `(?s:[^/]*\.erb)\Z`
2026-01-01T22:31:08.3201507Z debug - 2026-01-01 22:31:08,319 -- Translating `*.err` into `(?s:[^/]*\.err)\Z`
2026-01-01T22:31:08.3202233Z debug - 2026-01-01 22:31:08,320 -- Translating `*.exe` into `(?s:[^/]*\.exe)\Z`
2026-01-01T22:31:08.3202998Z debug - 2026-01-01 22:31:08,320 -- Translating `*.feature` into `(?s:[^/]*\.feature)\Z`
2026-01-01T22:31:08.3203842Z debug - 2026-01-01 22:31:08,320 -- Translating `*.ftl` into `(?s:[^/]*\.ftl)\Z`
2026-01-01T22:31:08.3204567Z debug - 2026-01-01 22:31:08,320 -- Translating `*.gif` into `(?s:[^/]*\.gif)\Z`
2026-01-01T22:31:08.3205277Z debug - 2026-01-01 22:31:08,320 -- Translating `*.go` into `(?s:[^/]*\.go)\Z`
2026-01-01T22:31:08.3206255Z debug - 2026-01-01 22:31:08,320 -- Translating `*.gradle` into `(?s:[^/]*\.gradle)\Z`
2026-01-01T22:31:08.3207363Z debug - 2026-01-01 22:31:08,320 -- Translating `*.gz` into `(?s:[^/]*\.gz)\Z`
2026-01-01T22:31:08.3208102Z debug - 2026-01-01 22:31:08,320 -- Translating `*.h` into `(?s:[^/]*\.h)\Z`
2026-01-01T22:31:08.3209284Z debug - 2026-01-01 22:31:08,320 -- Translating `*.html` into `(?s:[^/]*\.html)\Z`
2026-01-01T22:31:08.3210032Z debug - 2026-01-01 22:31:08,320 -- Translating `*.in` into `(?s:[^/]*\.in)\Z`
2026-01-01T22:31:08.3210807Z debug - 2026-01-01 22:31:08,320 -- Translating `*.jade` into `(?s:[^/]*\.jade)\Z`
2026-01-01T22:31:08.3211606Z debug - 2026-01-01 22:31:08,320 -- Translating `*.jar*` into `(?s:[^/]*\.jar[^/]*)\Z`
2026-01-01T22:31:08.3212391Z debug - 2026-01-01 22:31:08,321 -- Translating `*.jpeg` into `(?s:[^/]*\.jpeg)\Z`
2026-01-01T22:31:08.3213139Z debug - 2026-01-01 22:31:08,321 -- Translating `*.jpg` into `(?s:[^/]*\.jpg)\Z`
2026-01-01T22:31:08.3214318Z debug - 2026-01-01 22:31:08,321 -- Translating `*.js` into `(?s:[^/]*\.js)\Z`
2026-01-01T22:31:08.3215116Z debug - 2026-01-01 22:31:08,321 -- Translating `*.less` into `(?s:[^/]*\.less)\Z`
2026-01-01T22:31:08.3215894Z debug - 2026-01-01 22:31:08,321 -- Translating `*.library` into `(?s:[^/]*\.library)\Z`
2026-01-01T22:31:08.3216674Z debug - 2026-01-01 22:31:08,321 -- Translating `*.log` into `(?s:[^/]*\.log)\Z`
2026-01-01T22:31:08.3217582Z debug - 2026-01-01 22:31:08,321 -- Translating `*.m4` into `(?s:[^/]*\.m4)\Z`
2026-01-01T22:31:08.3218379Z debug - 2026-01-01 22:31:08,321 -- Translating `*.mak*` into `(?s:[^/]*\.mak[^/]*)\Z`
2026-01-01T22:31:08.3219148Z debug - 2026-01-01 22:31:08,321 -- Translating `*.map` into `(?s:[^/]*\.map)\Z`
2026-01-01T22:31:08.3219881Z debug - 2026-01-01 22:31:08,321 -- Translating `*.md` into `(?s:[^/]*\.md)\Z`
2026-01-01T22:31:08.3221558Z debug - 2026-01-01 22:31:08,321 -- Translating `*.module` into `(?s:[^/]*\.module)\Z`
2026-01-01T22:31:08.3222399Z debug - 2026-01-01 22:31:08,322 -- Translating `*.mp4` into `(?s:[^/]*\.mp4)\Z`
2026-01-01T22:31:08.3223435Z debug - 2026-01-01 22:31:08,322 -- Translating `*.o` into `(?s:[^/]*\.o)\Z`
2026-01-01T22:31:08.3224279Z debug - 2026-01-01 22:31:08,322 -- Translating `*.p12` into `(?s:[^/]*\.p12)\Z`
2026-01-01T22:31:08.3225712Z debug - 2026-01-01 22:31:08,322 -- Translating `*.pem` into `(?s:[^/]*\.pem)\Z`
2026-01-01T22:31:08.3226433Z debug - 2026-01-01 22:31:08,322 -- Translating `*.png` into `(?s:[^/]*\.png)\Z`
2026-01-01T22:31:08.3227441Z debug - 2026-01-01 22:31:08,322 -- Translating `*.pom*` into `(?s:[^/]*\.pom[^/]*)\Z`
2026-01-01T22:31:08.3228309Z debug - 2026-01-01 22:31:08,322 -- Translating `*.profdata` into `(?s:[^/]*\.profdata)\Z`
2026-01-01T22:31:08.3229400Z debug - 2026-01-01 22:31:08,322 -- Translating `*.proto` into `(?s:[^/]*\.proto)\Z`
2026-01-01T22:31:08.3230554Z debug - 2026-01-01 22:31:08,322 -- Translating `*.prototxt` into `(?s:[^/]*\.prototxt)\Z`
2026-01-01T22:31:08.3231535Z debug - 2026-01-01 22:31:08,323 -- Translating `*.ps1` into `(?s:[^/]*\.ps1)\Z`
2026-01-01T22:31:08.3232625Z debug - 2026-01-01 22:31:08,323 -- Translating `*.pth` into `(?s:[^/]*\.pth)\Z`
2026-01-01T22:31:08.3233616Z debug - 2026-01-01 22:31:08,323 -- Translating `*.py` into `(?s:[^/]*\.py)\Z`
2026-01-01T22:31:08.3234683Z debug - 2026-01-01 22:31:08,323 -- Translating `*.pyc` into `(?s:[^/]*\.pyc)\Z`
2026-01-01T22:31:08.3235728Z debug - 2026-01-01 22:31:08,323 -- Translating `*.pyo` into `(?s:[^/]*\.pyo)\Z`
2026-01-01T22:31:08.3236975Z debug - 2026-01-01 22:31:08,323 -- Translating `*.rake` into `(?s:[^/]*\.rake)\Z`
2026-01-01T22:31:08.3238130Z debug - 2026-01-01 22:31:08,323 -- Translating `*.rb` into `(?s:[^/]*\.rb)\Z`
2026-01-01T22:31:08.3239267Z debug - 2026-01-01 22:31:08,323 -- Translating `*.rsp` into `(?s:[^/]*\.rsp)\Z`
2026-01-01T22:31:08.3240231Z debug - 2026-01-01 22:31:08,323 -- Translating `*.rst` into `(?s:[^/]*\.rst)\Z`
2026-01-01T22:31:08.3241297Z debug - 2026-01-01 22:31:08,323 -- Translating `*.ru` into `(?s:[^/]*\.ru)\Z`
2026-01-01T22:31:08.3242266Z debug - 2026-01-01 22:31:08,324 -- Translating `*.sbt` into `(?s:[^/]*\.sbt)\Z`
2026-01-01T22:31:08.3243395Z debug - 2026-01-01 22:31:08,324 -- Translating `*.scss` into `(?s:[^/]*\.scss)\Z`
2026-01-01T22:31:08.3244555Z debug - 2026-01-01 22:31:08,324 -- Translating `*.serialized` into `(?s:[^/]*\.serialized)\Z`
2026-01-01T22:31:08.3245426Z debug - 2026-01-01 22:31:08,324 -- Translating `*.sh` into `(?s:[^/]*\.sh)\Z`
2026-01-01T22:31:08.3246644Z debug - 2026-01-01 22:31:08,324 -- Translating `*.sha256sum` into `(?s:[^/]*\.sha256sum)\Z`
2026-01-01T22:31:08.3247852Z debug - 2026-01-01 22:31:08,324 -- Translating `*.snapshot` into `(?s:[^/]*\.snapshot)\Z`
2026-01-01T22:31:08.3248857Z debug - 2026-01-01 22:31:08,324 -- Translating `*.sql` into `(?s:[^/]*\.sql)\Z`
2026-01-01T22:31:08.3249912Z debug - 2026-01-01 22:31:08,324 -- Translating `*.svg` into `(?s:[^/]*\.svg)\Z`
2026-01-01T22:31:08.3251038Z debug - 2026-01-01 22:31:08,324 -- Translating `*.tar.tz` into `(?s:[^/]*\.tar\.tz)\Z`
2026-01-01T22:31:08.3252331Z debug - 2026-01-01 22:31:08,325 -- Translating `*.template` into `(?s:[^/]*\.template)\Z`
2026-01-01T22:31:08.3253111Z debug - 2026-01-01 22:31:08,325 -- Translating `*.ts` into `(?s:[^/]*\.ts)\Z`
2026-01-01T22:31:08.3254193Z debug - 2026-01-01 22:31:08,325 -- Translating `*.whl` into `(?s:[^/]*\.whl)\Z`
2026-01-01T22:31:08.3255316Z debug - 2026-01-01 22:31:08,325 -- Translating `*.xcconfig` into `(?s:[^/]*\.xcconfig)\Z`
2026-01-01T22:31:08.3256499Z debug - 2026-01-01 22:31:08,325 -- Translating `*.xcoverage.*` into `(?s:[^/]*\.xcoverage\.[^/]*)\Z`
2026-01-01T22:31:08.3257639Z debug - 2026-01-01 22:31:08,325 -- Translating `*.yaml` into `(?s:[^/]*\.yaml)\Z`
2026-01-01T22:31:08.3258627Z debug - 2026-01-01 22:31:08,325 -- Translating `*.yml` into `(?s:[^/]*\.yml)\Z`
2026-01-01T22:31:08.3259693Z debug - 2026-01-01 22:31:08,325 -- Translating `*.zip` into `(?s:[^/]*\.zip)\Z`
2026-01-01T22:31:08.3261132Z debug - 2026-01-01 22:31:08,325 -- Translating `*/classycle/report.xml` into `(?s:[^/]+/classycle/report\.xml)\Z`
2026-01-01T22:31:08.3262092Z debug - 2026-01-01 22:31:08,326 -- Translating `*codecov.yml` into `(?s:[^/]*codecov\.yml)\Z`
2026-01-01T22:31:08.3262958Z debug - 2026-01-01 22:31:08,326 -- Translating `*~` into `(?s:[^/]*\~)\Z`
2026-01-01T22:31:08.3264233Z debug - 2026-01-01 22:31:08,326 -- Translating `.*coveragerc` into `(?s:\.[^/]*coveragerc)\Z`
2026-01-01T22:31:08.3265283Z debug - 2026-01-01 22:31:08,326 -- Translating `.coverage*` into `(?s:\.coverage[^/]*)\Z`
2026-01-01T22:31:08.3266355Z debug - 2026-01-01 22:31:08,326 -- Translating `.ds_store` into `(?s:\.ds_store)\Z`
2026-01-01T22:31:08.3267596Z debug - 2026-01-01 22:31:08,326 -- Translating `.git*` into `(?s:\.git[^/]*)\Z`
2026-01-01T22:31:08.3268559Z debug - 2026-01-01 22:31:08,326 -- Translating `.nvmrc` into `(?s:\.nvmrc)\Z`
2026-01-01T22:31:08.3269859Z debug - 2026-01-01 22:31:08,326 -- Translating `codecov.SHA256SUM` into `(?s:codecov\.SHA256SUM)\Z`
2026-01-01T22:31:08.3271085Z debug - 2026-01-01 22:31:08,326 -- Translating `codecov.SHA256SUM.sig` into `(?s:codecov\.SHA256SUM\.sig)\Z`
2026-01-01T22:31:08.3272209Z debug - 2026-01-01 22:31:08,327 -- Translating `codecov.yaml` into `(?s:codecov\.yaml)\Z`
2026-01-01T22:31:08.3273900Z debug - 2026-01-01 22:31:08,327 -- Translating `coverage-summary.json` into `(?s:coverage\-summary\.json)\Z`
2026-01-01T22:31:08.3274898Z debug - 2026-01-01 22:31:08,327 -- Translating `createdFiles.lst` into `(?s:createdFiles\.lst)\Z`
2026-01-01T22:31:08.3275926Z debug - 2026-01-01 22:31:08,327 -- Translating `fullLocaleNames.lst` into `(?s:fullLocaleNames\.lst)\Z`
2026-01-01T22:31:08.3276946Z debug - 2026-01-01 22:31:08,327 -- Translating `include.lst` into `(?s:include\.lst)\Z`
2026-01-01T22:31:08.3277808Z debug - 2026-01-01 22:31:08,327 -- Translating `inputFiles.lst` into `(?s:inputFiles\.lst)\Z`
2026-01-01T22:31:08.3278928Z debug - 2026-01-01 22:31:08,327 -- Translating `phpunit-code-coverage.xml` into `(?s:phpunit\-code\-coverage\.xml)\Z`
2026-01-01T22:31:08.3280026Z debug - 2026-01-01 22:31:08,327 -- Translating `phpunit-coverage.xml` into `(?s:phpunit\-coverage\.xml)\Z`
2026-01-01T22:31:08.3281265Z debug - 2026-01-01 22:31:08,327 -- Translating `remapInstanbul.coverage*.json` into `(?s:remapInstanbul\.coverage[^/]*\.json)\Z`
2026-01-01T22:31:08.3282372Z debug - 2026-01-01 22:31:08,328 -- Translating `scoverage.measurements.*` into `(?s:scoverage\.measurements\.[^/]*)\Z`
2026-01-01T22:31:08.3283625Z debug - 2026-01-01 22:31:08,328 -- Translating `test-result-*-codecoverage.json` into `(?s:test\-result\-[^/]*\-codecoverage\.json)\Z`
2026-01-01T22:31:08.3284801Z debug - 2026-01-01 22:31:08,328 -- Translating `test_*_coverage.txt` into `(?s:test_[^/]*_coverage\.txt)\Z`
2026-01-01T22:31:08.3285516Z debug - 2026-01-01 22:31:08,328 -- Translating `testrunner-coverage*` into `(?s:testrunner\-coverage[^/]*)\Z`
2026-01-01T22:31:08.3338383Z debug - 2026-01-01 22:31:08,333 -- Translating `coverage.info` into `(?s:coverage\.info)\Z`
2026-01-01T22:31:08.3342552Z debug - 2026-01-01 22:31:08,333 -- Translating `/home/runner/work/simdcsv/simdcsv/build/coverage.info` into `(?s:/home/runner/work/simdcsv/simdcsv/build/coverage\.info)\Z`
2026-01-01T22:31:08.3574798Z debug - 2026-01-01 22:31:08,357 -- Translating `*.clover` into `(?s:[^/]*\.clover)\Z`
2026-01-01T22:31:08.3575879Z debug - 2026-01-01 22:31:08,357 -- Translating `*.codecov.*` into `(?s:[^/]*\.codecov\.[^/]*)\Z`
2026-01-01T22:31:08.3578493Z debug - 2026-01-01 22:31:08,357 -- Translating `*.gcov` into `(?s:[^/]*\.gcov)\Z`
2026-01-01T22:31:08.3579420Z debug - 2026-01-01 22:31:08,357 -- Translating `*.lcov` into `(?s:[^/]*\.lcov)\Z`
2026-01-01T22:31:08.3580328Z debug - 2026-01-01 22:31:08,357 -- Translating `*.lst` into `(?s:[^/]*\.lst)\Z`
2026-01-01T22:31:08.3581336Z debug - 2026-01-01 22:31:08,357 -- Translating `*coverage*.*` into `(?s:[^/]*coverage[^/]*\.[^/]*)\Z`
2026-01-01T22:31:08.3582447Z debug - 2026-01-01 22:31:08,357 -- Translating `*Jacoco*.xml` into `(?s:[^/]*Jacoco[^/]*\.xml)\Z`
2026-01-01T22:31:08.3583489Z debug - 2026-01-01 22:31:08,357 -- Translating `clover.xml` into `(?s:clover\.xml)\Z`
2026-01-01T22:31:08.3584519Z debug - 2026-01-01 22:31:08,357 -- Translating `cobertura.xml` into `(?s:cobertura\.xml)\Z`
2026-01-01T22:31:08.3585668Z debug - 2026-01-01 22:31:08,358 -- Translating `codecov-result.json` into `(?s:codecov\-result\.json)\Z`
2026-01-01T22:31:08.3586599Z debug - 2026-01-01 22:31:08,358 -- Translating `codecov.*` into `(?s:codecov\.[^/]*)\Z`
2026-01-01T22:31:08.3587521Z debug - 2026-01-01 22:31:08,358 -- Translating `cover.out` into `(?s:cover\.out)\Z`
2026-01-01T22:31:08.3588412Z debug - 2026-01-01 22:31:08,358 -- Translating `coverage-final.json` into `(?s:coverage\-final\.json)\Z`
2026-01-01T22:31:08.3589401Z debug - 2026-01-01 22:31:08,358 -- Translating `excoveralls.json` into `(?s:excoveralls\.json)\Z`
2026-01-01T22:31:08.3590291Z debug - 2026-01-01 22:31:08,358 -- Translating `gcov.info` into `(?s:gcov\.info)\Z`
2026-01-01T22:31:08.3591155Z debug - 2026-01-01 22:31:08,358 -- Translating `jacoco*.xml` into `(?s:jacoco[^/]*\.xml)\Z`
2026-01-01T22:31:08.3592466Z debug - 2026-01-01 22:31:08,359 -- Translating `lcov.dat` into `(?s:lcov\.dat)\Z`
2026-01-01T22:31:08.3593479Z debug - 2026-01-01 22:31:08,359 -- Translating `pylcov.dat` into `(?s:pylcov\.dat)\Z`
2026-01-01T22:31:08.3594424Z debug - 2026-01-01 22:31:08,359 -- Translating `lcov.info` into `(?s:lcov\.info)\Z`
2026-01-01T22:31:08.3595497Z debug - 2026-01-01 22:31:08,359 -- Translating `luacov.report.out` into `(?s:luacov\.report\.out)\Z`
2026-01-01T22:31:08.3596708Z debug - 2026-01-01 22:31:08,359 -- Translating `naxsi.info` into `(?s:naxsi\.info)\Z`
2026-01-01T22:31:08.3597761Z debug - 2026-01-01 22:31:08,359 -- Translating `nosetests.xml` into `(?s:nosetests\.xml)\Z`
2026-01-01T22:31:08.3601563Z debug - 2026-01-01 22:31:08,359 -- Translating `report.xml` into `(?s:report\.xml)\Z`
2026-01-01T22:31:08.3602441Z debug - 2026-01-01 22:31:08,359 -- Translating `test_cov.xml` into `(?s:test_cov\.xml)\Z`
2026-01-01T22:31:08.3877245Z info - 2026-01-01 22:31:08,387 -- Found 195 coverage files to report
2026-01-01T22:31:08.3878098Z debug - 2026-01-01 22:31:08,387 -- Found 70 network files to report, (70 without filtering)
2026-01-01T22:31:08.3882893Z info - 2026-01-01 22:31:08,387 -- > /home/runner/work/simdcsv/simdcsv/#usr#include#c++#13#bits#stl_uninitialized.h.gcov
2026-01-01T22:31:08.3884260Z info - 2026-01-01 22:31:08,387 -- > /home/runner/work/simdcsv/simdcsv/#usr#lib#gcc#x86_64-linux-gnu#13#include#avx512fp16vlintrin.h.gcov
2026-01-01T22:31:08.3885873Z info - 2026-01-01 22:31:08,387 -- > /home/runner/work/simdcsv/simdcsv/#home#runner#work#simdcsv#simdcsv#build#_deps#highway-src#hwy#contrib#sort#vqsort_kv64a.cc.gcov
2026-01-01T22:31:08.3887851Z info - 2026-01-01 22:31:08,387 -- > /home/runner/work/simdcsv/simdcsv/#home#runner#work#simdcsv#simdcsv#build#_deps#googletest-src#googletest#src#gtest-matchers.cc.gcov
2026-01-01T22:31:08.3889346Z info - 2026-01-01 22:31:08,387 -- > /home/runner/work/simdcsv/simdcsv/#usr#include#c++#13#bits#shared_ptr.h.gcov
2026-01-01T22:31:08.3891078Z info - 2026-01-01 22:31:08,388 -- > /home/runner/work/simdcsv/simdcsv/#home#runner#work#simdcsv#simdcsv#build#_deps#highway-src#hwy#contrib#sort#vqsort_kv128a.cc.gcov
2026-01-01T22:31:08.3892581Z info - 2026-01-01 22:31:08,388 -- > /home/runner/work/simdcsv/simdcsv/#usr#include#c++#13#bits#random.tcc.gcov
2026-01-01T22:31:08.3893972Z info - 2026-01-01 22:31:08,388 -- > /home/runner/work/simdcsv/simdcsv/#home#runner#work#simdcsv#simdcsv#build#_deps#highway-src#hwy#ops#shared-inl.h.gcov
2026-01-01T22:31:08.3895639Z info - 2026-01-01 22:31:08,388 -- > /home/runner/work/simdcsv/simdcsv/#home#runner#work#simdcsv#simdcsv#build#_deps#highway-src#hwy#tests#test_util.h.gcov
2026-01-01T22:31:08.3897244Z info - 2026-01-01 22:31:08,388 -- > /home/runner/work/simdcsv/simdcsv/#usr#include#c++#13#bits#allocator.h.gcov
2026-01-01T22:31:08.3898530Z info - 2026-01-01 22:31:08,388 -- > /home/runner/work/simdcsv/simdcsv/#home#runner#work#simdcsv#simdcsv#test#error_handling_test.cpp.gcov
2026-01-01T22:31:08.3900141Z info - 2026-01-01 22:31:08,388 -- > /home/runner/work/simdcsv/simdcsv/#home#runner#work#simdcsv#simdcsv#build#_deps#highway-src#hwy#contrib#sort#vqsort_f16a.cc.gcov
2026-01-01T22:31:08.3901983Z info - 2026-01-01 22:31:08,388 -- > /home/runner/work/simdcsv/simdcsv/#home#runner#work#simdcsv#simdcsv#build#_deps#googletest-src#googlemock#src#gmock-internal-utils.cc.gcov
2026-01-01T22:31:08.3903778Z info - 2026-01-01 22:31:08,388 -- > /home/runner/work/simdcsv/simdcsv/#home#runner#work#simdcsv#simdcsv#build#_deps#highway-src#hwy#print.cc.gcov
2026-01-01T22:31:08.3905324Z info - 2026-01-01 22:31:08,388 -- > /home/runner/work/simdcsv/simdcsv/#home#runner#work#simdcsv#simdcsv#build#_deps#highway-src#hwy#timer.h.gcov
2026-01-01T22:31:08.3907098Z info - 2026-01-01 22:31:08,389 -- > /home/runner/work/simdcsv/simdcsv/#home#runner#work#simdcsv#simdcsv#build#_deps#highway-src#hwy#perf_counters.h.gcov
2026-01-01T22:31:08.3908566Z info - 2026-01-01 22:31:08,389 -- > /home/runner/work/simdcsv/simdcsv/#usr#lib#gcc#x86_64-linux-gnu#13#include#avxintrin.h.gcov
2026-01-01T22:31:08.3910260Z info - 2026-01-01 22:31:08,389 -- > /home/runner/work/simdcsv/simdcsv/#home#runner#work#simdcsv#simdcsv#build#_deps#highway-src#hwy#bit_set.h.gcov
2026-01-01T22:31:08.3911915Z info - 2026-01-01 22:31:08,389 -- > /home/runner/work/simdcsv/simdcsv/#home#runner#work#simdcsv#simdcsv#build#_deps#highway-src#hwy#contrib#sort#vqsort_128a.cc.gcov
2026-01-01T22:31:08.3913336Z info - 2026-01-01 22:31:08,389 -- > /home/runner/work/simdcsv/simdcsv/#usr#include#c++#13#bits#random.h.gcov
2026-01-01T22:31:08.3914854Z info - 2026-01-01 22:31:08,389 -- > /home/runner/work/simdcsv/simdcsv/#home#runner#work#simdcsv#simdcsv#build#_deps#googletest-src#googletest#include#gtest#gtest-printers.h.gcov
2026-01-01T22:31:08.3916737Z info - 2026-01-01 22:31:08,389 -- > /home/runner/work/simdcsv/simdcsv/#home#runner#work#simdcsv#simdcsv#build#_deps#highway-src#hwy#contrib#sort#vqsort_i32a.cc.gcov
2026-01-01T22:31:08.3918463Z info - 2026-01-01 22:31:08,389 -- > /home/runner/work/simdcsv/simdcsv/#usr#lib#gcc#x86_64-linux-gnu#13#include#emmintrin.h.gcov
2026-01-01T22:31:08.3920114Z info - 2026-01-01 22:31:08,389 -- > /home/runner/work/simdcsv/simdcsv/#home#runner#work#simdcsv#simdcsv#build#_deps#googletest-src#googletest#include#gtest#gtest-test-part.h.gcov
2026-01-01T22:31:08.3921678Z info - 2026-01-01 22:31:08,389 -- > /home/runner/work/simdcsv/simdcsv/#usr#include#c++#13#bits#charconv.h.gcov
2026-01-01T22:31:08.3923239Z info - 2026-01-01 22:31:08,390 -- > /home/runner/work/simdcsv/simdcsv/#home#runner#work#simdcsv#simdcsv#build#_deps#googletest-src#googlemock#include#gmock#gmock-cardinalities.h.gcov
2026-01-01T22:31:08.3924917Z info - 2026-01-01 22:31:08,390 -- > /home/runner/work/simdcsv/simdcsv/#usr#lib#gcc#x86_64-linux-gnu#13#include#avx512vlbwintrin.h.gcov
2026-01-01T22:31:08.3926517Z info - 2026-01-01 22:31:08,390 -- > /home/runner/work/simdcsv/simdcsv/#home#runner#work#simdcsv#simdcsv#build#_deps#googletest-src#googletest#src#gtest-filepath.cc.gcov
2026-01-01T22:31:08.3928348Z info - 2026-01-01 22:31:08,390 -- > /home/runner/work/simdcsv/simdcsv/#usr#include#c++#13#bits#chrono.h.gcov
2026-01-01T22:31:08.3929799Z info - 2026-01-01 22:31:08,390 -- > /home/runner/work/simdcsv/simdcsv/#home#runner#work#simdcsv#simdcsv#build#_deps#highway-src#hwy#contrib#sort#vqsort_i64a.cc.gcov
2026-01-01T22:31:08.3931511Z info - 2026-01-01 22:31:08,390 -- > /home/runner/work/simdcsv/simdcsv/#home#runner#work#simdcsv#simdcsv#build#_deps#highway-src#hwy#perf_counters.cc.gcov
2026-01-01T22:31:08.3933127Z info - 2026-01-01 22:31:08,390 -- > /home/runner/work/simdcsv/simdcsv/#home#runner#work#simdcsv#simdcsv#build#_deps#highway-src#hwy#profiler.cc.gcov
2026-01-01T22:31:08.3940302Z info - 2026-01-01 22:31:08,390 -- > /home/runner/work/simdcsv/simdcsv/#home#runner#work#simdcsv#simdcsv#build#_deps#googletest-src#googletest#include#gtest#gtest.h.gcov
2026-01-01T22:31:08.3941509Z info - 2026-01-01 22:31:08,390 -- > /home/runner/work/simdcsv/simdcsv/#home#runner#work#simdcsv#simdcsv#build#_deps#highway-src#hwy#ops#x86_512-inl.h.gcov
2026-01-01T22:31:08.3942813Z info - 2026-01-01 22:31:08,390 -- > /home/runner/work/simdcsv/simdcsv/#home#runner#work#simdcsv#simdcsv#build#_deps#highway-src#hwy#targets.h.gcov
2026-01-01T22:31:08.3944833Z info - 2026-01-01 22:31:08,391 -- > /home/runner/work/simdcsv/simdcsv/#home#runner#work#simdcsv#simdcsv#build#_deps#googletest-src#googletest#src#gtest-death-test.cc.gcov
2026-01-01T22:31:08.3946142Z info - 2026-01-01 22:31:08,391 -- > /home/runner/work/simdcsv/simdcsv/#usr#include#c++#13#iomanip.gcov
2026-01-01T22:31:08.3947632Z info - 2026-01-01 22:31:08,391 -- > /home/runner/work/simdcsv/simdcsv/#home#runner#work#simdcsv#simdcsv#build#_deps#googletest-src#googletest#src#gtest-printers.cc.gcov
2026-01-01T22:31:08.3949273Z info - 2026-01-01 22:31:08,391 -- > /home/runner/work/simdcsv/simdcsv/#home#runner#work#simdcsv#simdcsv#build#_deps#highway-src#hwy#contrib#sort#vqsort_u32d.cc.gcov
2026-01-01T22:31:08.3950593Z info - 2026-01-01 22:31:08,391 -- > /home/runner/work/simdcsv/simdcsv/#usr#include#c++#13#system_error.gcov
2026-01-01T22:31:08.3952109Z info - 2026-01-01 22:31:08,391 -- > /home/runner/work/simdcsv/simdcsv/#home#runner#work#simdcsv#simdcsv#build#_deps#highway-src#hwy#contrib#sort#traits-inl.h.gcov
2026-01-01T22:31:08.3953528Z info - 2026-01-01 22:31:08,391 -- > /home/runner/work/simdcsv/simdcsv/#usr#include#c++#13#bits#stl_iterator_base_types.h.gcov
2026-01-01T22:31:08.3954631Z info - 2026-01-01 22:31:08,391 -- > /home/runner/work/simdcsv/simdcsv/#usr#include#c++#13#bits#stl_algobase.h.gcov
2026-01-01T22:31:08.3955956Z info - 2026-01-01 22:31:08,391 -- > /home/runner/work/simdcsv/simdcsv/#home#runner#work#simdcsv#simdcsv#build#_deps#highway-src#hwy#contrib#sort#vqsort_kv128d.cc.gcov
2026-01-01T22:31:08.3957409Z info - 2026-01-01 22:31:08,391 -- > /home/runner/work/simdcsv/simdcsv/#usr#include#c++#13#bits#stl_pair.h.gcov
2026-01-01T22:31:08.3958534Z info - 2026-01-01 22:31:08,391 -- > /home/runner/work/simdcsv/simdcsv/#home#runner#work#simdcsv#simdcsv#include#simd_highway.h.gcov
2026-01-01T22:31:08.3959934Z info - 2026-01-01 22:31:08,392 -- > /home/runner/work/simdcsv/simdcsv/#home#runner#work#simdcsv#simdcsv#build#_deps#highway-src#hwy#contrib#image#image.cc.gcov
2026-01-01T22:31:08.3961506Z info - 2026-01-01 22:31:08,392 -- > /home/runner/work/simdcsv/simdcsv/#home#runner#work#simdcsv#simdcsv#build#_deps#highway-src#hwy#contrib#sort#vqsort_128d.cc.gcov
2026-01-01T22:31:08.3963250Z info - 2026-01-01 22:31:08,392 -- > /home/runner/work/simdcsv/simdcsv/#home#runner#work#simdcsv#simdcsv#build#_deps#googletest-src#googletest#include#gtest#internal#gtest-param-util.h.gcov
2026-01-01T22:31:08.3964826Z info - 2026-01-01 22:31:08,392 -- > /home/runner/work/simdcsv/simdcsv/#home#runner#work#simdcsv#simdcsv#test#csv_parser_test.cpp.gcov
2026-01-01T22:31:08.3966041Z info - 2026-01-01 22:31:08,392 -- > /home/runner/work/simdcsv/simdcsv/#usr#include#x86_64-linux-gnu#c++#13#bits#c++config.h.gcov
2026-01-01T22:31:08.3967265Z info - 2026-01-01 22:31:08,392 -- > /home/runner/work/simdcsv/simdcsv/#usr#include#c++#13#bits#unique_ptr.h.gcov
2026-01-01T22:31:08.3968466Z info - 2026-01-01 22:31:08,392 -- > /home/runner/work/simdcsv/simdcsv/#usr#include#c++#13#bits#std_function.h.gcov
2026-01-01T22:31:08.3969730Z info - 2026-01-01 22:31:08,392 -- > /home/runner/work/simdcsv/simdcsv/#home#runner#work#simdcsv#simdcsv#build#_deps#highway-src#hwy#cache_control.h.gcov
2026-01-01T22:31:08.3971337Z info - 2026-01-01 22:31:08,392 -- > /home/runner/work/simdcsv/simdcsv/#home#runner#work#simdcsv#simdcsv#build#_deps#googletest-src#googletest#src#gtest-test-part.cc.gcov
2026-01-01T22:31:08.3972641Z info - 2026-01-01 22:31:08,392 -- > /home/runner/work/simdcsv/simdcsv/#usr#include#c++#13#future.gcov
2026-01-01T22:31:08.3973867Z info - 2026-01-01 22:31:08,393 -- > /home/runner/work/simdcsv/simdcsv/#home#runner#work#simdcsv#simdcsv#build#_deps#googletest-src#googlemock#src#gmock.cc.gcov
2026-01-01T22:31:08.3975563Z info - 2026-01-01 22:31:08,393 -- > /home/runner/work/simdcsv/simdcsv/#home#runner#work#simdcsv#simdcsv#build#_deps#googletest-src#googletest#include#gtest#internal#gtest-port.h.gcov
2026-01-01T22:31:08.3977137Z info - 2026-01-01 22:31:08,393 -- > /home/runner/work/simdcsv/simdcsv/#usr#include#c++#13#bits#stl_list.h.gcov
2026-01-01T22:31:08.3978126Z info - 2026-01-01 22:31:08,393 -- > /home/runner/work/simdcsv/simdcsv/#usr#include#c++#13#bits#fs_ops.h.gcov
2026-01-01T22:31:08.3979055Z info - 2026-01-01 22:31:08,393 -- > /home/runner/work/simdcsv/simdcsv/#usr#include#c++#13#bit.gcov
2026-01-01T22:31:08.3980027Z info - 2026-01-01 22:31:08,393 -- > /home/runner/work/simdcsv/simdcsv/#usr#include#c++#13#bits#cpp_type_traits.h.gcov
2026-01-01T22:31:08.3981552Z info - 2026-01-01 22:31:08,393 -- > /home/runner/work/simdcsv/simdcsv/#home#runner#work#simdcsv#simdcsv#build#_deps#googletest-src#googlemock#include#gmock#internal#gmock-internal-utils.h.gcov
2026-01-01T22:31:08.3983327Z info - 2026-01-01 22:31:08,393 -- > /home/runner/work/simdcsv/simdcsv/#home#runner#work#simdcsv#simdcsv#build#_deps#highway-src#hwy#contrib#sort#vqsort_f64a.cc.gcov
2026-01-01T22:31:08.3984831Z info - 2026-01-01 22:31:08,393 -- > /home/runner/work/simdcsv/simdcsv/#usr#include#c++#13#bits#unordered_set.h.gcov
2026-01-01T22:31:08.3986201Z info - 2026-01-01 22:31:08,394 -- > /home/runner/work/simdcsv/simdcsv/#home#runner#work#simdcsv#simdcsv#build#_deps#highway-src#hwy#contrib#sort#sorting_networks-inl.h.gcov
2026-01-01T22:31:08.3987694Z info - 2026-01-01 22:31:08,394 -- > /home/runner/work/simdcsv/simdcsv/#usr#include#c++#13#bits#new_allocator.h.gcov
2026-01-01T22:31:08.3988671Z info - 2026-01-01 22:31:08,394 -- > /home/runner/work/simdcsv/simdcsv/#usr#include#c++#13#cmath.gcov
2026-01-01T22:31:08.3989559Z info - 2026-01-01 22:31:08,394 -- > /home/runner/work/simdcsv/simdcsv/#usr#include#c++#13#limits.gcov
2026-01-01T22:31:08.3990804Z info - 2026-01-01 22:31:08,394 -- > /home/runner/work/simdcsv/simdcsv/#home#runner#work#simdcsv#simdcsv#build#_deps#highway-src#hwy#contrib#sort#shared-inl.h.gcov
2026-01-01T22:31:08.3992138Z info - 2026-01-01 22:31:08,394 -- > /home/runner/work/simdcsv/simdcsv/#usr#include#c++#13#atomic.gcov
2026-01-01T22:31:08.3993219Z info - 2026-01-01 22:31:08,394 -- > /home/runner/work/simdcsv/simdcsv/#usr#lib#gcc#x86_64-linux-gnu#13#include#avx512dqintrin.h.gcov
2026-01-01T22:31:08.3994361Z info - 2026-01-01 22:31:08,395 -- > /home/runner/work/simdcsv/simdcsv/#usr#include#c++#13#bits#predefined_ops.h.gcov
2026-01-01T22:31:08.3995677Z info - 2026-01-01 22:31:08,395 -- > /home/runner/work/simdcsv/simdcsv/#home#runner#work#simdcsv#simdcsv#build#_deps#highway-src#hwy#contrib#algo#copy-inl.h.gcov
2026-01-01T22:31:08.3997474Z info - 2026-01-01 22:31:08,395 -- > /home/runner/work/simdcsv/simdcsv/#home#runner#work#simdcsv#simdcsv#build#_deps#googletest-src#googletest#include#gtest#gtest-message.h.gcov
2026-01-01T22:31:08.3998941Z info - 2026-01-01 22:31:08,395 -- > /home/runner/work/simdcsv/simdcsv/#home#runner#work#simdcsv#simdcsv#include#mem_util.h.gcov
2026-01-01T22:31:08.4000439Z info - 2026-01-01 22:31:08,395 -- > /home/runner/work/simdcsv/simdcsv/#home#runner#work#simdcsv#simdcsv#build#_deps#highway-src#hwy#ops#x86_128-inl.h.gcov
2026-01-01T22:31:08.4001660Z info - 2026-01-01 22:31:08,395 -- > /home/runner/work/simdcsv/simdcsv/#usr#include#c++#13#typeinfo.gcov
2026-01-01T22:31:08.4002875Z info - 2026-01-01 22:31:08,395 -- > /home/runner/work/simdcsv/simdcsv/#home#runner#work#simdcsv#simdcsv#build#_deps#highway-src#hwy#ops#x86_avx3-inl.h.gcov
2026-01-01T22:31:08.4004556Z info - 2026-01-01 22:31:08,395 -- > /home/runner/work/simdcsv/simdcsv/#home#runner#work#simdcsv#simdcsv#build#_deps#googletest-src#googletest#include#gtest#internal#gtest-internal.h.gcov
2026-01-01T22:31:08.4005943Z info - 2026-01-01 22:31:08,396 -- > /home/runner/work/simdcsv/simdcsv/#usr#include#c++#13#array.gcov
2026-01-01T22:31:08.4006950Z info - 2026-01-01 22:31:08,396 -- > /home/runner/work/simdcsv/simdcsv/#usr#include#c++#13#new.gcov
2026-01-01T22:31:08.4007893Z info - 2026-01-01 22:31:08,396 -- > /home/runner/work/simdcsv/simdcsv/#usr#include#c++#13#bits#invoke.h.gcov
2026-01-01T22:31:08.4009101Z info - 2026-01-01 22:31:08,396 -- > /home/runner/work/simdcsv/simdcsv/#home#runner#work#simdcsv#simdcsv#build#_deps#highway-src#hwy#highway.h.gcov
2026-01-01T22:31:08.4010388Z info - 2026-01-01 22:31:08,396 -- > /home/runner/work/simdcsv/simdcsv/#home#runner#work#simdcsv#simdcsv#include#error.h.gcov
2026-01-01T22:31:08.4011481Z info - 2026-01-01 22:31:08,396 -- > /home/runner/work/simdcsv/simdcsv/#usr#include#c++#13#bits#stl_function.h.gcov
2026-01-01T22:31:08.4012773Z info - 2026-01-01 22:31:08,396 -- > /home/runner/work/simdcsv/simdcsv/#home#runner#work#simdcsv#simdcsv#build#_deps#highway-src#hwy#tests#list_targets.cc.gcov
2026-01-01T22:31:08.4014353Z info - 2026-01-01 22:31:08,396 -- > /home/runner/work/simdcsv/simdcsv/#home#runner#work#simdcsv#simdcsv#build#_deps#highway-src#hwy#contrib#sort#vqsort_u16d.cc.gcov
2026-01-01T22:31:08.4015664Z info - 2026-01-01 22:31:08,397 -- > /home/runner/work/simdcsv/simdcsv/#usr#include#c++#13#bits#stl_iterator.h.gcov
2026-01-01T22:31:08.4017110Z info - 2026-01-01 22:31:08,397 -- > /home/runner/work/simdcsv/simdcsv/#home#runner#work#simdcsv#simdcsv#build#_deps#googletest-src#googlemock#src#gmock_main.cc.gcov
2026-01-01T22:31:08.4018872Z info - 2026-01-01 22:31:08,397 -- > /home/runner/work/simdcsv/simdcsv/#home#runner#work#simdcsv#simdcsv#build#_deps#highway-src#hwy#contrib#sort#vqsort_f32a.cc.gcov
2026-01-01T22:31:08.4020281Z info - 2026-01-01 22:31:08,397 -- > /home/runner/work/simdcsv/simdcsv/#usr#include#x86_64-linux-gnu#c++#13#bits#gthr-default.h.gcov
2026-01-01T22:31:08.4021609Z info - 2026-01-01 22:31:08,397 -- > /home/runner/work/simdcsv/simdcsv/#home#runner#work#simdcsv#simdcsv#build#_deps#highway-src#hwy#x86_cpuid.h.gcov
2026-01-01T22:31:08.4023204Z info - 2026-01-01 22:31:08,397 -- > /home/runner/work/simdcsv/simdcsv/#home#runner#work#simdcsv#simdcsv#build#_deps#googletest-src#googletest#include#gtest#gtest-matchers.h.gcov
2026-01-01T22:31:08.4024883Z info - 2026-01-01 22:31:08,397 -- > /home/runner/work/simdcsv/simdcsv/#home#runner#work#simdcsv#simdcsv#build#_deps#highway-src#hwy#contrib#sort#vqsort_i32d.cc.gcov
2026-01-01T22:31:08.4026202Z info - 2026-01-01 22:31:08,397 -- > /home/runner/work/simdcsv/simdcsv/#usr#include#c++#13#bits#atomic_futex.h.gcov
2026-01-01T22:31:08.4027669Z info - 2026-01-01 22:31:08,398 -- > /home/runner/work/simdcsv/simdcsv/#home#runner#work#simdcsv#simdcsv#build#_deps#highway-src#hwy#contrib#thread_pool#topology.cc.gcov
2026-01-01T22:31:08.4028991Z info - 2026-01-01 22:31:08,398 -- > /home/runner/work/simdcsv/simdcsv/#usr#include#c++#13#bits#fs_path.h.gcov
2026-01-01T22:31:08.4030278Z info - 2026-01-01 22:31:08,398 -- > /home/runner/work/simdcsv/simdcsv/#home#runner#work#simdcsv#simdcsv#build#_deps#highway-src#hwy#contrib#sort#vqsort_f64d.cc.gcov
2026-01-01T22:31:08.4031608Z info - 2026-01-01 22:31:08,398 -- > /home/runner/work/simdcsv/simdcsv/#usr#include#c++#13#bits#uniform_int_dist.h.gcov
2026-01-01T22:31:08.4032669Z info - 2026-01-01 22:31:08,398 -- > /home/runner/work/simdcsv/simdcsv/#usr#include#c++#13#bits#stl_algo.h.gcov
2026-01-01T22:31:08.4033887Z info - 2026-01-01 22:31:08,398 -- > /home/runner/work/simdcsv/simdcsv/#home#runner#work#simdcsv#simdcsv#src#main.cpp.gcov
2026-01-01T22:31:08.4035238Z info - 2026-01-01 22:31:08,398 -- > /home/runner/work/simdcsv/simdcsv/#home#runner#work#simdcsv#simdcsv#build#_deps#highway-src#hwy#contrib#sort#order.h.gcov
2026-01-01T22:31:08.4036514Z info - 2026-01-01 22:31:08,398 -- > /home/runner/work/simdcsv/simdcsv/#usr#include#c++#13#bits#stl_vector.h.gcov
2026-01-01T22:31:08.4037784Z info - 2026-01-01 22:31:08,399 -- > /home/runner/work/simdcsv/simdcsv/#home#runner#work#simdcsv#simdcsv#test#csv_parsing_test.cpp.gcov
2026-01-01T22:31:08.4039217Z info - 2026-01-01 22:31:08,399 -- > /home/runner/work/simdcsv/simdcsv/#home#runner#work#simdcsv#simdcsv#build#_deps#highway-src#hwy#contrib#sort#vqsort_f32d.cc.gcov
2026-01-01T22:31:08.4040786Z info - 2026-01-01 22:31:08,399 -- > /home/runner/work/simdcsv/simdcsv/#home#runner#work#simdcsv#simdcsv#build#_deps#highway-src#hwy#ops#generic_ops-inl.h.gcov
2026-01-01T22:31:08.4042265Z info - 2026-01-01 22:31:08,399 -- > /home/runner/work/simdcsv/simdcsv/#home#runner#work#simdcsv#simdcsv#build#_deps#highway-src#hwy#targets.cc.gcov
2026-01-01T22:31:08.4043777Z info - 2026-01-01 22:31:08,399 -- > /home/runner/work/simdcsv/simdcsv/#home#runner#work#simdcsv#simdcsv#build#_deps#highway-src#hwy#contrib#sort#vqsort-inl.h.gcov
2026-01-01T22:31:08.4045081Z info - 2026-01-01 22:31:08,399 -- > /home/runner/work/simdcsv/simdcsv/#usr#include#c++#13#bits#basic_string.h.gcov
2026-01-01T22:31:08.4046462Z info - 2026-01-01 22:31:08,399 -- > /home/runner/work/simdcsv/simdcsv/#home#runner#work#simdcsv#simdcsv#build#_deps#googletest-src#googlemock#src#gmock-cardinalities.cc.gcov
2026-01-01T22:31:08.4047948Z info - 2026-01-01 22:31:08,400 -- > /home/runner/work/simdcsv/simdcsv/#usr#include#c++#13#bits#alloc_traits.h.gcov
2026-01-01T22:31:08.4048975Z info - 2026-01-01 22:31:08,400 -- > /home/runner/work/simdcsv/simdcsv/#usr#include#c++#13#bits#hashtable.h.gcov
2026-01-01T22:31:08.4050456Z info - 2026-01-01 22:31:08,400 -- > /home/runner/work/simdcsv/simdcsv/#home#runner#work#simdcsv#simdcsv#build#_deps#highway-src#hwy#robust_statistics.h.gcov
2026-01-01T22:31:08.4051713Z info - 2026-01-01 22:31:08,400 -- > /home/runner/work/simdcsv/simdcsv/#usr#include#c++#13#bits#stl_map.h.gcov
2026-01-01T22:31:08.4052712Z info - 2026-01-01 22:31:08,400 -- > /home/runner/work/simdcsv/simdcsv/#usr#include#c++#13#bits#stl_heap.h.gcov
2026-01-01T22:31:08.4054011Z info - 2026-01-01 22:31:08,400 -- > /home/runner/work/simdcsv/simdcsv/#home#runner#work#simdcsv#simdcsv#build#_deps#highway-src#hwy#contrib#sort#vqsort_u64a.cc.gcov
2026-01-01T22:31:08.4055601Z info - 2026-01-01 22:31:08,400 -- > /home/runner/work/simdcsv/simdcsv/#home#runner#work#simdcsv#simdcsv#build#_deps#highway-src#hwy#contrib#sort#vqsort_kv64d.cc.gcov
2026-01-01T22:31:08.4057032Z info - 2026-01-01 22:31:08,400 -- > /home/runner/work/simdcsv/simdcsv/#usr#include#c++#13#bits#ptr_traits.h.gcov
2026-01-01T22:31:08.4058133Z info - 2026-01-01 22:31:08,401 -- > /home/runner/work/simdcsv/simdcsv/#usr#include#c++#13#bits#stl_iterator_base_funcs.h.gcov
2026-01-01T22:31:08.4059253Z info - 2026-01-01 22:31:08,401 -- > /home/runner/work/simdcsv/simdcsv/#usr#include#c++#13#bits#hashtable_policy.h.gcov
2026-01-01T22:31:08.4060299Z info - 2026-01-01 22:31:08,401 -- > /home/runner/work/simdcsv/simdcsv/#usr#include#c++#13#bits#stl_tree.h.gcov
2026-01-01T22:31:08.4061499Z info - 2026-01-01 22:31:08,401 -- > /home/runner/work/simdcsv/simdcsv/#home#runner#work#simdcsv#simdcsv#build#_deps#highway-src#hwy#timer.cc.gcov
2026-01-01T22:31:08.4063196Z info - 2026-01-01 22:31:08,401 -- > /home/runner/work/simdcsv/simdcsv/#home#runner#work#simdcsv#simdcsv#build#_deps#googletest-src#googletest#include#gtest#internal#gtest-death-test-internal.h.gcov
2026-01-01T22:31:08.4064779Z info - 2026-01-01 22:31:08,401 -- > /home/runner/work/simdcsv/simdcsv/#usr#lib#gcc#x86_64-linux-gnu#13#include#xmmintrin.h.gcov
2026-01-01T22:31:08.4066080Z info - 2026-01-01 22:31:08,401 -- > /home/runner/work/simdcsv/simdcsv/#home#runner#work#simdcsv#simdcsv#src#error.cpp.gcov
2026-01-01T22:31:08.4067381Z info - 2026-01-01 22:31:08,401 -- > /home/runner/work/simdcsv/simdcsv/#usr#lib#gcc#x86_64-linux-gnu#13#include#tmmintrin.h.gcov
2026-01-01T22:31:08.4068406Z info - 2026-01-01 22:31:08,402 -- > /home/runner/work/simdcsv/simdcsv/#usr#include#c++#13#mutex.gcov
2026-01-01T22:31:08.4069662Z info - 2026-01-01 22:31:08,402 -- > /home/runner/work/simdcsv/simdcsv/#home#runner#work#simdcsv#simdcsv#build#_deps#highway-src#hwy#contrib#sort#traits128-inl.h.gcov
2026-01-01T22:31:08.4071258Z info - 2026-01-01 22:31:08,402 -- > /home/runner/work/simdcsv/simdcsv/#home#runner#work#simdcsv#simdcsv#build#_deps#highway-src#hwy#contrib#sort#vqsort_i64d.cc.gcov
2026-01-01T22:31:08.4072960Z info - 2026-01-01 22:31:08,402 -- > /home/runner/work/simdcsv/simdcsv/#home#runner#work#simdcsv#simdcsv#build#_deps#googletest-src#googlemock#include#gmock#gmock-spec-builders.h.gcov
2026-01-01T22:31:08.4074627Z info - 2026-01-01 22:31:08,402 -- > /home/runner/work/simdcsv/simdcsv/#home#runner#work#simdcsv#simdcsv#build#_deps#highway-src#hwy#nanobenchmark.cc.gcov
2026-01-01T22:31:08.4076155Z info - 2026-01-01 22:31:08,402 -- > /home/runner/work/simdcsv/simdcsv/#home#runner#work#simdcsv#simdcsv#build#_deps#googletest-src#googletest#src#gtest.cc.gcov
2026-01-01T22:31:08.4077623Z info - 2026-01-01 22:31:08,402 -- > /home/runner/work/simdcsv/simdcsv/#home#runner#work#simdcsv#simdcsv#include#two_pass.h.gcov
2026-01-01T22:31:08.4078832Z info - 2026-01-01 22:31:08,402 -- > /home/runner/work/simdcsv/simdcsv/#usr#lib#gcc#x86_64-linux-gnu#13#include#avx512fp16intrin.h.gcov
2026-01-01T22:31:08.4080247Z info - 2026-01-01 22:31:08,403 -- > /home/runner/work/simdcsv/simdcsv/#home#runner#work#simdcsv#simdcsv#build#_deps#googletest-src#googletest#src#gtest_main.cc.gcov
2026-01-01T22:31:08.4081807Z info - 2026-01-01 22:31:08,403 -- > /home/runner/work/simdcsv/simdcsv/#home#runner#work#simdcsv#simdcsv#build#_deps#highway-src#hwy#ops#x86_256-inl.h.gcov
2026-01-01T22:31:08.4083198Z info - 2026-01-01 22:31:08,403 -- > /home/runner/work/simdcsv/simdcsv/#usr#include#c++#13#bits#list.tcc.gcov
2026-01-01T22:31:08.4084171Z info - 2026-01-01 22:31:08,403 -- > /home/runner/work/simdcsv/simdcsv/#usr#include#c++#13#bits#move.h.gcov
2026-01-01T22:31:08.4085189Z info - 2026-01-01 22:31:08,403 -- > /home/runner/work/simdcsv/simdcsv/#usr#include#c++#13#bits#basic_string.tcc.gcov
2026-01-01T22:31:08.4086294Z info - 2026-01-01 22:31:08,403 -- > /home/runner/work/simdcsv/simdcsv/#home#runner#work#simdcsv#simdcsv#src#io_util.cpp.gcov
2026-01-01T22:31:08.4087853Z info - 2026-01-01 22:31:08,403 -- > /home/runner/work/simdcsv/simdcsv/#home#runner#work#simdcsv#simdcsv#build#_deps#googletest-src#googletest#src#gtest-internal-inl.h.gcov
2026-01-01T22:31:08.4089500Z info - 2026-01-01 22:31:08,403 -- > /home/runner/work/simdcsv/simdcsv/#home#runner#work#simdcsv#simdcsv#build#_deps#highway-src#hwy#contrib#sort#vqsort_i16d.cc.gcov
2026-01-01T22:31:08.4090797Z info - 2026-01-01 22:31:08,404 -- > /home/runner/work/simdcsv/simdcsv/#usr#include#c++#13#bits#ios_base.h.gcov
2026-01-01T22:31:08.4091834Z info - 2026-01-01 22:31:08,404 -- > /home/runner/work/simdcsv/simdcsv/#usr#include#c++#13#bits#stl_numeric.h.gcov
2026-01-01T22:31:08.4093150Z info - 2026-01-01 22:31:08,404 -- > /home/runner/work/simdcsv/simdcsv/#home#runner#work#simdcsv#simdcsv#build#_deps#highway-src#hwy#contrib#sort#vqsort_u64d.cc.gcov
2026-01-01T22:31:08.4094744Z info - 2026-01-01 22:31:08,404 -- > /home/runner/work/simdcsv/simdcsv/#home#runner#work#simdcsv#simdcsv#build#_deps#highway-src#hwy#contrib#sort#vqsort_u16a.cc.gcov
2026-01-01T22:31:08.4096333Z info - 2026-01-01 22:31:08,404 -- > /home/runner/work/simdcsv/simdcsv/#home#runner#work#simdcsv#simdcsv#build#_deps#googletest-src#googletest#src#gtest-port.cc.gcov
2026-01-01T22:31:08.4097873Z info - 2026-01-01 22:31:08,404 -- > /home/runner/work/simdcsv/simdcsv/#usr#lib#gcc#x86_64-linux-gnu#13#include#avx512vldqintrin.h.gcov
2026-01-01T22:31:08.4099144Z info - 2026-01-01 22:31:08,404 -- > /home/runner/work/simdcsv/simdcsv/#usr#include#c++#13#ext#atomicity.h.gcov
2026-01-01T22:31:08.4100170Z info - 2026-01-01 22:31:08,404 -- > /home/runner/work/simdcsv/simdcsv/#usr#include#c++#13#ext#alloc_traits.h.gcov
2026-01-01T22:31:08.4101377Z info - 2026-01-01 22:31:08,405 -- > /home/runner/work/simdcsv/simdcsv/#home#runner#work#simdcsv#simdcsv#build#_deps#highway-src#hwy#base.h.gcov
2026-01-01T22:31:08.4102650Z info - 2026-01-01 22:31:08,405 -- > /home/runner/work/simdcsv/simdcsv/#usr#lib#gcc#x86_64-linux-gnu#13#include#smmintrin.h.gcov
2026-01-01T22:31:08.4103830Z info - 2026-01-01 22:31:08,405 -- > /home/runner/work/simdcsv/simdcsv/#usr#lib#gcc#x86_64-linux-gnu#13#include#avx512fintrin.h.gcov
2026-01-01T22:31:08.4105274Z info - 2026-01-01 22:31:08,405 -- > /home/runner/work/simdcsv/simdcsv/#home#runner#work#simdcsv#simdcsv#build#_deps#googletest-src#googletest#src#gtest-typed-test.cc.gcov
2026-01-01T22:31:08.4106653Z info - 2026-01-01 22:31:08,405 -- > /home/runner/work/simdcsv/simdcsv/#usr#include#c++#13#bits#functional_hash.h.gcov
2026-01-01T22:31:08.4108222Z info - 2026-01-01 22:31:08,405 -- > /home/runner/work/simdcsv/simdcsv/#home#runner#work#simdcsv#simdcsv#build#_deps#googletest-src#googletest#src#gtest-assertion-result.cc.gcov
2026-01-01T22:31:08.4109694Z info - 2026-01-01 22:31:08,405 -- > /home/runner/work/simdcsv/simdcsv/#home#runner#work#simdcsv#simdcsv#build#_deps#googletest-src#googlemock#src#gmock-spec-builders.cc.gcov
2026-01-01T22:31:08.4110500Z info - 2026-01-01 22:31:08,405 -- > /home/runner/work/simdcsv/simdcsv/#usr#include#c++#13#initializer_list.gcov
2026-01-01T22:31:08.4111339Z info - 2026-01-01 22:31:08,406 -- > /home/runner/work/simdcsv/simdcsv/#home#runner#work#simdcsv#simdcsv#build#_deps#googletest-src#googletest#include#gtest#internal#gtest-type-util.h.gcov
2026-01-01T22:31:08.4112220Z info - 2026-01-01 22:31:08,406 -- > /home/runner/work/simdcsv/simdcsv/#home#runner#work#simdcsv#simdcsv#include#timing.h.gcov
2026-01-01T22:31:08.4112882Z info - 2026-01-01 22:31:08,406 -- > /home/runner/work/simdcsv/simdcsv/#usr#include#c++#13#bits#allocated_ptr.h.gcov
2026-01-01T22:31:08.4113799Z info - 2026-01-01 22:31:08,406 -- > /home/runner/work/simdcsv/simdcsv/#home#runner#work#simdcsv#simdcsv#build#_deps#highway-src#hwy#abort.cc.gcov
2026-01-01T22:31:08.4114560Z info - 2026-01-01 22:31:08,406 -- > /home/runner/work/simdcsv/simdcsv/#usr#lib#gcc#x86_64-linux-gnu#13#include#avx512vlintrin.h.gcov
2026-01-01T22:31:08.4115226Z info - 2026-01-01 22:31:08,406 -- > /home/runner/work/simdcsv/simdcsv/#usr#include#c++#13#bits#atomic_base.h.gcov
2026-01-01T22:31:08.4115870Z info - 2026-01-01 22:31:08,406 -- > /home/runner/work/simdcsv/simdcsv/#usr#lib#gcc#x86_64-linux-gnu#13#include#bmi2intrin.h.gcov
2026-01-01T22:31:08.4116551Z info - 2026-01-01 22:31:08,406 -- > /home/runner/work/simdcsv/simdcsv/#usr#lib#gcc#x86_64-linux-gnu#13#include#avx512bwintrin.h.gcov
2026-01-01T22:31:08.4117370Z info - 2026-01-01 22:31:08,407 -- > /home/runner/work/simdcsv/simdcsv/#usr#include#c++#13#tuple.gcov
2026-01-01T22:31:08.4117950Z info - 2026-01-01 22:31:08,407 -- > /home/runner/work/simdcsv/simdcsv/#usr#include#c++#13#bits#stl_construct.h.gcov
2026-01-01T22:31:08.4118729Z info - 2026-01-01 22:31:08,407 -- > /home/runner/work/simdcsv/simdcsv/#home#runner#work#simdcsv#simdcsv#build#_deps#googletest-src#googlemock#src#gmock-matchers.cc.gcov
2026-01-01T22:31:08.4119495Z info - 2026-01-01 22:31:08,407 -- > /home/runner/work/simdcsv/simdcsv/#usr#include#c++#13#bits#vector.tcc.gcov
2026-01-01T22:31:08.4120070Z info - 2026-01-01 22:31:08,407 -- > /home/runner/work/simdcsv/simdcsv/#usr#include#c++#13#bits#fs_dir.h.gcov
2026-01-01T22:31:08.4120849Z info - 2026-01-01 22:31:08,407 -- > /home/runner/work/simdcsv/simdcsv/#home#runner#work#simdcsv#simdcsv#build#_deps#googletest-src#googlemock#include#gmock#gmock-matchers.h.gcov
2026-01-01T22:31:08.4121650Z info - 2026-01-01 22:31:08,407 -- > /home/runner/work/simdcsv/simdcsv/#usr#include#c++#13#bits#unordered_map.h.gcov
2026-01-01T22:31:08.4122489Z info - 2026-01-01 22:31:08,407 -- > /home/runner/work/simdcsv/simdcsv/#home#runner#work#simdcsv#simdcsv#build#_deps#highway-src#hwy#per_target.cc.gcov
2026-01-01T22:31:08.4123190Z info - 2026-01-01 22:31:08,408 -- > /home/runner/work/simdcsv/simdcsv/#usr#include#c++#13#string_view.gcov
2026-01-01T22:31:08.4123789Z info - 2026-01-01 22:31:08,408 -- > /home/runner/work/simdcsv/simdcsv/#usr#include#c++#13#bits#char_traits.h.gcov
2026-01-01T22:31:08.4124623Z info - 2026-01-01 22:31:08,408 -- > /home/runner/work/simdcsv/simdcsv/#home#runner#work#simdcsv#simdcsv#build#_deps#googletest-src#googletest#include#gtest#internal#gtest-filepath.h.gcov
2026-01-01T22:31:08.4125389Z info - 2026-01-01 22:31:08,408 -- > /home/runner/work/simdcsv/simdcsv/build/coverage.info
2026-01-01T22:31:08.4125934Z info - 2026-01-01 22:31:08,408 -- > /home/runner/work/simdcsv/simdcsv/#usr#include#c++#13#bits#exception_ptr.h.gcov
2026-01-01T22:31:08.4126676Z info - 2026-01-01 22:31:08,408 -- > /home/runner/work/simdcsv/simdcsv/#home#runner#work#simdcsv#simdcsv#build#_deps#highway-src#hwy#tests#test_util.cc.gcov
2026-01-01T22:31:08.4127793Z info - 2026-01-01 22:31:08,408 -- > /home/runner/work/simdcsv/simdcsv/#home#runner#work#simdcsv#simdcsv#build#_deps#highway-src#hwy#contrib#sort#vqsort_i16a.cc.gcov
2026-01-01T22:31:08.4128560Z info - 2026-01-01 22:31:08,408 -- > /home/runner/work/simdcsv/simdcsv/#usr#include#c++#13#ext#aligned_buffer.h.gcov
2026-01-01T22:31:08.4129184Z info - 2026-01-01 22:31:08,409 -- > /home/runner/work/simdcsv/simdcsv/#usr#include#c++#13#bits#shared_ptr_base.h.gcov
2026-01-01T22:31:08.4129791Z info - 2026-01-01 22:31:08,409 -- > /home/runner/work/simdcsv/simdcsv/#usr#include#c++#13#bits#std_thread.h.gcov
2026-01-01T22:31:08.4130376Z info - 2026-01-01 22:31:08,409 -- > /home/runner/work/simdcsv/simdcsv/#usr#include#c++#13#bits#stl_set.h.gcov
2026-01-01T22:31:08.4131120Z info - 2026-01-01 22:31:08,409 -- > /home/runner/work/simdcsv/simdcsv/#home#runner#work#simdcsv#simdcsv#build#_deps#highway-src#hwy#aligned_allocator.cc.gcov
2026-01-01T22:31:08.4132049Z info - 2026-01-01 22:31:08,409 -- > /home/runner/work/simdcsv/simdcsv/#home#runner#work#simdcsv#simdcsv#build#_deps#highway-src#hwy#contrib#sort#vqsort_f16d.cc.gcov
2026-01-01T22:31:08.4132959Z info - 2026-01-01 22:31:08,409 -- > /home/runner/work/simdcsv/simdcsv/#usr#include#c++#13#bits#stl_tempbuf.h.gcov
2026-01-01T22:31:08.4133603Z info - 2026-01-01 22:31:08,409 -- > /home/runner/work/simdcsv/simdcsv/#usr#lib#gcc#x86_64-linux-gnu#13#include#avx2intrin.h.gcov
2026-01-01T22:31:08.4134310Z info - 2026-01-01 22:31:08,409 -- > /home/runner/work/simdcsv/simdcsv/#usr#lib#gcc#x86_64-linux-gnu#13#include#avx512vbmi2intrin.h.gcov
2026-01-01T22:31:08.4135116Z info - 2026-01-01 22:31:08,410 -- > /home/runner/work/simdcsv/simdcsv/#home#runner#work#simdcsv#simdcsv#build#_deps#highway-src#hwy#contrib#sort#vqsort.cc.gcov
2026-01-01T22:31:08.4136083Z info - 2026-01-01 22:31:08,410 -- > /home/runner/work/simdcsv/simdcsv/#home#runner#work#simdcsv#simdcsv#build#_deps#googletest-src#googletest#include#gtest#gtest-assertion-result.h.gcov
2026-01-01T22:31:08.4137187Z info - 2026-01-01 22:31:08,410 -- > /home/runner/work/simdcsv/simdcsv/#home#runner#work#simdcsv#simdcsv#build#_deps#highway-src#hwy#contrib#sort#vqsort_u32a.cc.gcov
2026-01-01T22:31:08.4138082Z info - 2026-01-01 22:31:08,410 -- > /home/runner/work/simdcsv/simdcsv/#home#runner#work#simdcsv#simdcsv#build#_deps#highway-src#hwy#aligned_allocator.h.gcov
2026-01-01T22:31:08.4181203Z debug - 2026-01-01 22:31:08,417 -- Selected uploader to use: <class 'codecov_cli.services.upload.upload_sender.UploadSender'>
2026-01-01T22:31:09.2280461Z debug - 2026-01-01 22:31:09,227 -- Sending upload request to Codecov
2026-01-01T22:31:09.5840388Z info - 2026-01-01 22:31:09,583 -- Your upload is now processing. When finished, results will be available at: https://app.codecov.io/github/jimhester/simdcsv/commit/917c228b53037d10e905b18503218484c35f7743
2026-01-01T22:31:09.5844878Z debug - 2026-01-01 22:31:09,583 -- Upload request to Codecov complete. --- {"response": {"raw_upload_location": "https://storage.googleapis.com/codecov-production/shelter/github/jimhester%3A%3A%3A%3Asimdcsv/917c228b53037d10e905b18503218484c35f7743/64cedb40-4796-44b7-b601-e98f23223f36.txt?X-Amz-Algorithm=AWS4-HMAC-SHA256&X-Amz-Credential=GOOG1EJWQHUGIBILH4J7Q6ZUSCIFNEOLYSNDS7L3B4N5SIBQ2J4YLYE5CRFCD%2F20260101%2Fus%2Fs3%2Faws4_request&X-Amz-Date=20260101T223109Z&X-Amz-Expires=30&X-Amz-SignedHeaders=host&X-Amz-Signature=517cb7f809210b018565d3ebff02506b9e0b06e4b016de320008c04720bd3388", "url": "https://app.codecov.io/github/jimhester/simdcsv/commit/917c228b53037d10e905b18503218484c35f7743"}}
2026-01-01T22:31:09.5848182Z debug - 2026-01-01 22:31:09,584 -- Sending upload (4857188 bytes) to storage
2026-01-01T22:31:10.2607762Z info - 2026-01-01 22:31:10,260 -- Process Upload complete
2026-01-01T22:31:10.2608980Z debug - 2026-01-01 22:31:10,260 -- Upload result --- {"result": "RequestResult(error=None, warnings=[], status_code=200, text='')"}
2026-01-01T22:31:10.3647843Z Sentry is attempting to send 2 pending events
2026-01-01T22:31:10.3648342Z Waiting up to 2 seconds
2026-01-01T22:31:10.3648690Z Press Ctrl-C to quit
2026-01-01T22:31:10.4411562Z Post job cleanup.
2026-01-01T22:31:10.5325903Z [command]/usr/bin/git version
2026-01-01T22:31:10.5361174Z git version 2.52.0
2026-01-01T22:31:10.5397336Z Copying '/home/runner/.gitconfig' to '/home/runner/work/_temp/e51f3c27-0f99-4d66-acd2-60150a6fed25/.gitconfig'
2026-01-01T22:31:10.5413509Z Temporarily overriding HOME='/home/runner/work/_temp/e51f3c27-0f99-4d66-acd2-60150a6fed25' before making global git config changes
2026-01-01T22:31:10.5414500Z Adding repository directory to the temporary git global config as a safe directory
2026-01-01T22:31:10.5418517Z [command]/usr/bin/git config --global --add safe.directory /home/runner/work/simdcsv/simdcsv
2026-01-01T22:31:10.5450892Z [command]/usr/bin/git config --local --name-only --get-regexp core\.sshCommand
2026-01-01T22:31:10.5481821Z [command]/usr/bin/git submodule foreach --recursive sh -c "git config --local --name-only --get-regexp 'core\.sshCommand' && git config --local --unset-all 'core.sshCommand' || :"
2026-01-01T22:31:10.5703776Z [command]/usr/bin/git config --local --name-only --get-regexp http\.https\:\/\/github\.com\/\.extraheader
2026-01-01T22:31:10.5723741Z http.https://github.com/.extraheader
2026-01-01T22:31:10.5736010Z [command]/usr/bin/git config --local --unset-all http.https://github.com/.extraheader
2026-01-01T22:31:10.5765720Z [command]/usr/bin/git submodule foreach --recursive sh -c "git config --local --name-only --get-regexp 'http\.https\:\/\/github\.com\/\.extraheader' && git config --local --unset-all 'http.https://github.com/.extraheader' || :"
2026-01-01T22:31:10.5979669Z [command]/usr/bin/git config --local --name-only --get-regexp ^includeIf\.gitdir:
2026-01-01T22:31:10.6009541Z [command]/usr/bin/git submodule foreach --recursive git config --local --show-origin --name-only --get-regexp remote.origin.url
2026-01-01T22:31:10.6333025Z Cleaning up orphan processes
