2026-01-02T00:05:18.4668491Z Current runner version: '2.330.0'
2026-01-02T00:05:18.4691034Z ##[group]Runner Image Provisioner
2026-01-02T00:05:18.4692077Z Hosted Compute Agent
2026-01-02T00:05:18.4692647Z Version: 20251211.462
2026-01-02T00:05:18.4693198Z Commit: 6cbad8c2bb55d58165063d031ccabf57e2d2db61
2026-01-02T00:05:18.4693958Z Build Date: 2025-12-11T16:28:49Z
2026-01-02T00:05:18.4694589Z Worker ID: {ccea1641-e3e0-4e32-a894-e84ca487d081}
2026-01-02T00:05:18.4695259Z ##[endgroup]
2026-01-02T00:05:18.4695776Z ##[group]Operating System
2026-01-02T00:05:18.4696349Z Ubuntu
2026-01-02T00:05:18.4696777Z 24.04.3
2026-01-02T00:05:18.4697282Z LTS
2026-01-02T00:05:18.4697700Z ##[endgroup]
2026-01-02T00:05:18.4698172Z ##[group]Runner Image
2026-01-02T00:05:18.4698724Z Image: ubuntu-24.04
2026-01-02T00:05:18.4699207Z Version: 20251215.174.1
2026-01-02T00:05:18.4700225Z Included Software: https://github.com/actions/runner-images/blob/ubuntu24/20251215.174/images/ubuntu/Ubuntu2404-Readme.md
2026-01-02T00:05:18.4702143Z Image Release: https://github.com/actions/runner-images/releases/tag/ubuntu24%2F20251215.174
2026-01-02T00:05:18.4703105Z ##[endgroup]
2026-01-02T00:05:18.4705755Z ##[group]GITHUB_TOKEN Permissions
2026-01-02T00:05:18.4708001Z Actions: write
2026-01-02T00:05:18.4708650Z ArtifactMetadata: write
2026-01-02T00:05:18.4709200Z Attestations: write
2026-01-02T00:05:18.4709669Z Checks: write
2026-01-02T00:05:18.4710205Z Contents: write
2026-01-02T00:05:18.4710676Z Deployments: write
2026-01-02T00:05:18.4711376Z Discussions: write
2026-01-02T00:05:18.4711932Z Issues: write
2026-01-02T00:05:18.4712412Z Metadata: read
2026-01-02T00:05:18.4712852Z Models: read
2026-01-02T00:05:18.4713384Z Packages: write
2026-01-02T00:05:18.4713878Z Pages: write
2026-01-02T00:05:18.4714359Z PullRequests: write
2026-01-02T00:05:18.4715030Z RepositoryProjects: write
2026-01-02T00:05:18.4715560Z SecurityEvents: write
2026-01-02T00:05:18.4716062Z Statuses: write
2026-01-02T00:05:18.4716577Z ##[endgroup]
2026-01-02T00:05:18.4718526Z Secret source: Actions
2026-01-02T00:05:18.4719243Z Prepare workflow directory
2026-01-02T00:05:18.5028887Z Prepare all required actions
2026-01-02T00:05:18.5065428Z Getting action download info
2026-01-02T00:05:18.7294648Z Download action repository 'actions/checkout@v4' (SHA:34e114876b0b11c390a56381ad16ebd13914f8d5)
2026-01-02T00:05:18.9080191Z Complete job name: ubuntu-latest - Debug
2026-01-02T00:05:18.9813125Z ##[group]Run actions/checkout@v4
2026-01-02T00:05:18.9813907Z with:
2026-01-02T00:05:18.9814301Z   repository: jimhester/simdcsv
2026-01-02T00:05:18.9814912Z   token: ***
2026-01-02T00:05:18.9815278Z   ssh-strict: true
2026-01-02T00:05:18.9815670Z   ssh-user: git
2026-01-02T00:05:18.9816056Z   persist-credentials: true
2026-01-02T00:05:18.9816488Z   clean: true
2026-01-02T00:05:18.9816918Z   sparse-checkout-cone-mode: true
2026-01-02T00:05:18.9817389Z   fetch-depth: 1
2026-01-02T00:05:18.9817758Z   fetch-tags: false
2026-01-02T00:05:18.9818143Z   show-progress: true
2026-01-02T00:05:18.9818529Z   lfs: false
2026-01-02T00:05:18.9818915Z   submodules: false
2026-01-02T00:05:18.9819309Z   set-safe-directory: true
2026-01-02T00:05:18.9819928Z ##[endgroup]
2026-01-02T00:05:19.0883986Z Syncing repository: jimhester/simdcsv
2026-01-02T00:05:19.0885743Z ##[group]Getting Git version info
2026-01-02T00:05:19.0886387Z Working directory is '/home/runner/work/simdcsv/simdcsv'
2026-01-02T00:05:19.0887343Z [command]/usr/bin/git version
2026-01-02T00:05:19.0982126Z git version 2.52.0
2026-01-02T00:05:19.1008263Z ##[endgroup]
2026-01-02T00:05:19.1022980Z Temporarily overriding HOME='/home/runner/work/_temp/91f7238d-b3b7-4dce-844d-aa6955dd9892' before making global git config changes
2026-01-02T00:05:19.1025337Z Adding repository directory to the temporary git global config as a safe directory
2026-01-02T00:05:19.1028019Z [command]/usr/bin/git config --global --add safe.directory /home/runner/work/simdcsv/simdcsv
2026-01-02T00:05:19.1069656Z Deleting the contents of '/home/runner/work/simdcsv/simdcsv'
2026-01-02T00:05:19.1074393Z ##[group]Initializing the repository
2026-01-02T00:05:19.1078033Z [command]/usr/bin/git init /home/runner/work/simdcsv/simdcsv
2026-01-02T00:05:19.1222271Z hint: Using 'master' as the name for the initial branch. This default branch name
2026-01-02T00:05:19.1223463Z hint: will change to "main" in Git 3.0. To configure the initial branch name
2026-01-02T00:05:19.1224439Z hint: to use in all of your new repositories, which will suppress this warning,
2026-01-02T00:05:19.1225194Z hint: call:
2026-01-02T00:05:19.1225582Z hint:
2026-01-02T00:05:19.1226080Z hint: 	git config --global init.defaultBranch <name>
2026-01-02T00:05:19.1226699Z hint:
2026-01-02T00:05:19.1227280Z hint: Names commonly chosen instead of 'master' are 'main', 'trunk' and
2026-01-02T00:05:19.1228255Z hint: 'development'. The just-created branch can be renamed via this command:
2026-01-02T00:05:19.1229042Z hint:
2026-01-02T00:05:19.1229450Z hint: 	git branch -m <name>
2026-01-02T00:05:19.1229915Z hint:
2026-01-02T00:05:19.1230555Z hint: Disable this message with "git config set advice.defaultBranchName false"
2026-01-02T00:05:19.1234502Z Initialized empty Git repository in /home/runner/work/simdcsv/simdcsv/.git/
2026-01-02T00:05:19.1245146Z [command]/usr/bin/git remote add origin https://github.com/jimhester/simdcsv
2026-01-02T00:05:19.1276872Z ##[endgroup]
2026-01-02T00:05:19.1277576Z ##[group]Disabling automatic garbage collection
2026-01-02T00:05:19.1280874Z [command]/usr/bin/git config --local gc.auto 0
2026-01-02T00:05:19.1307894Z ##[endgroup]
2026-01-02T00:05:19.1308542Z ##[group]Setting up auth
2026-01-02T00:05:19.1314772Z [command]/usr/bin/git config --local --name-only --get-regexp core\.sshCommand
2026-01-02T00:05:19.1343438Z [command]/usr/bin/git submodule foreach --recursive sh -c "git config --local --name-only --get-regexp 'core\.sshCommand' && git config --local --unset-all 'core.sshCommand' || :"
2026-01-02T00:05:19.1672187Z [command]/usr/bin/git config --local --name-only --get-regexp http\.https\:\/\/github\.com\/\.extraheader
2026-01-02T00:05:19.1700810Z [command]/usr/bin/git submodule foreach --recursive sh -c "git config --local --name-only --get-regexp 'http\.https\:\/\/github\.com\/\.extraheader' && git config --local --unset-all 'http.https://github.com/.extraheader' || :"
2026-01-02T00:05:19.1916060Z [command]/usr/bin/git config --local --name-only --get-regexp ^includeIf\.gitdir:
2026-01-02T00:05:19.1948358Z [command]/usr/bin/git submodule foreach --recursive git config --local --show-origin --name-only --get-regexp remote.origin.url
2026-01-02T00:05:19.2166336Z [command]/usr/bin/git config --local http.https://github.com/.extraheader AUTHORIZATION: basic ***
2026-01-02T00:05:19.2198553Z ##[endgroup]
2026-01-02T00:05:19.2199778Z ##[group]Fetching the repository
2026-01-02T00:05:19.2208358Z [command]/usr/bin/git -c protocol.version=2 fetch --no-tags --prune --no-recurse-submodules --depth=1 origin +84c33e9d3b3440709432811be97670b5aea84f74:refs/remotes/pull/9/merge
2026-01-02T00:05:19.4065930Z From https://github.com/jimhester/simdcsv
2026-01-02T00:05:19.4067608Z  * [new ref]         84c33e9d3b3440709432811be97670b5aea84f74 -> pull/9/merge
2026-01-02T00:05:19.4100586Z ##[endgroup]
2026-01-02T00:05:19.4102039Z ##[group]Determining the checkout info
2026-01-02T00:05:19.4104501Z ##[endgroup]
2026-01-02T00:05:19.4109100Z [command]/usr/bin/git sparse-checkout disable
2026-01-02T00:05:19.4148869Z [command]/usr/bin/git config --local --unset-all extensions.worktreeConfig
2026-01-02T00:05:19.4177323Z ##[group]Checking out the ref
2026-01-02T00:05:19.4179541Z [command]/usr/bin/git checkout --progress --force refs/remotes/pull/9/merge
2026-01-02T00:05:19.4280349Z Note: switching to 'refs/remotes/pull/9/merge'.
2026-01-02T00:05:19.4282162Z 
2026-01-02T00:05:19.4283355Z You are in 'detached HEAD' state. You can look around, make experimental
2026-01-02T00:05:19.4285528Z changes and commit them, and you can discard any commits you make in this
2026-01-02T00:05:19.4287594Z state without impacting any branches by switching back to a branch.
2026-01-02T00:05:19.4288927Z 
2026-01-02T00:05:19.4290153Z If you want to create a new branch to retain commits you create, you may
2026-01-02T00:05:19.4292217Z do so (now or later) by using -c with the switch command. Example:
2026-01-02T00:05:19.4293316Z 
2026-01-02T00:05:19.4293824Z   git switch -c <new-branch-name>
2026-01-02T00:05:19.4294721Z 
2026-01-02T00:05:19.4295204Z Or undo this operation with:
2026-01-02T00:05:19.4296000Z 
2026-01-02T00:05:19.4296406Z   git switch -
2026-01-02T00:05:19.4297019Z 
2026-01-02T00:05:19.4297979Z Turn off this advice by setting config variable advice.detachedHead to false
2026-01-02T00:05:19.4299345Z 
2026-01-02T00:05:19.4300919Z HEAD is now at 84c33e9 Merge 1f416b776237f6aadd0bc4f13f7ee24735015d31 into a72ab56a38333a119fd94ae1bd8b714443d64b30
2026-01-02T00:05:19.4304227Z ##[endgroup]
2026-01-02T00:05:19.4327243Z [command]/usr/bin/git log -1 --format=%H
2026-01-02T00:05:19.4348718Z 84c33e9d3b3440709432811be97670b5aea84f74
2026-01-02T00:05:19.4594577Z ##[group]Run sudo apt-get update
2026-01-02T00:05:19.4595728Z [36;1msudo apt-get update[0m
2026-01-02T00:05:19.4596879Z [36;1msudo apt-get install -y cmake build-essential[0m
2026-01-02T00:05:19.4634827Z shell: /usr/bin/bash -e {0}
2026-01-02T00:05:19.4635799Z ##[endgroup]
2026-01-02T00:05:19.5475750Z Get:1 file:/etc/apt/apt-mirrors.txt Mirrorlist [144 B]
2026-01-02T00:05:19.5879676Z Hit:2 http://azure.archive.ubuntu.com/ubuntu noble InRelease
2026-01-02T00:05:19.5885247Z Hit:6 https://packages.microsoft.com/repos/azure-cli noble InRelease
2026-01-02T00:05:19.5890803Z Get:7 https://packages.microsoft.com/ubuntu/24.04/prod noble InRelease [3600 B]
2026-01-02T00:05:19.5903088Z Get:3 http://azure.archive.ubuntu.com/ubuntu noble-updates InRelease [126 kB]
2026-01-02T00:05:19.5939555Z Get:4 http://azure.archive.ubuntu.com/ubuntu noble-backports InRelease [126 kB]
2026-01-02T00:05:19.5972411Z Get:5 http://azure.archive.ubuntu.com/ubuntu noble-security InRelease [126 kB]
2026-01-02T00:05:19.7603083Z Get:8 https://packages.microsoft.com/ubuntu/24.04/prod noble/main amd64 Packages [77.3 kB]
2026-01-02T00:05:19.7746650Z Get:9 https://packages.microsoft.com/ubuntu/24.04/prod noble/main arm64 Packages [59.0 kB]
2026-01-02T00:05:19.7844369Z Get:10 https://packages.microsoft.com/ubuntu/24.04/prod noble/main armhf Packages [11.4 kB]
2026-01-02T00:05:19.8094865Z Get:11 http://azure.archive.ubuntu.com/ubuntu noble-updates/main amd64 Packages [1684 kB]
2026-01-02T00:05:19.8191754Z Get:12 http://azure.archive.ubuntu.com/ubuntu noble-updates/main Translation-en [311 kB]
2026-01-02T00:05:19.8221996Z Get:13 http://azure.archive.ubuntu.com/ubuntu noble-updates/main amd64 Components [175 kB]
2026-01-02T00:05:19.8243526Z Get:14 http://azure.archive.ubuntu.com/ubuntu noble-updates/main amd64 c-n-f Metadata [15.8 kB]
2026-01-02T00:05:19.8368215Z Get:15 http://azure.archive.ubuntu.com/ubuntu noble-updates/universe amd64 Packages [1506 kB]
2026-01-02T00:05:19.8440654Z Get:16 http://azure.archive.ubuntu.com/ubuntu noble-updates/universe Translation-en [306 kB]
2026-01-02T00:05:19.8475749Z Get:17 http://azure.archive.ubuntu.com/ubuntu noble-updates/universe amd64 Components [377 kB]
2026-01-02T00:05:19.8513202Z Get:18 http://azure.archive.ubuntu.com/ubuntu noble-updates/universe amd64 c-n-f Metadata [31.4 kB]
2026-01-02T00:05:19.8524535Z Get:19 http://azure.archive.ubuntu.com/ubuntu noble-updates/restricted amd64 Packages [2413 kB]
2026-01-02T00:05:19.8702411Z Get:20 http://azure.archive.ubuntu.com/ubuntu noble-updates/restricted Translation-en [550 kB]
2026-01-02T00:05:19.9143607Z Get:21 http://azure.archive.ubuntu.com/ubuntu noble-updates/restricted amd64 Components [212 B]
2026-01-02T00:05:19.9153124Z Get:22 http://azure.archive.ubuntu.com/ubuntu noble-updates/restricted amd64 c-n-f Metadata [516 B]
2026-01-02T00:05:19.9159568Z Get:23 http://azure.archive.ubuntu.com/ubuntu noble-updates/multiverse amd64 Packages [30.3 kB]
2026-01-02T00:05:19.9183950Z Get:24 http://azure.archive.ubuntu.com/ubuntu noble-updates/multiverse Translation-en [6048 B]
2026-01-02T00:05:19.9199132Z Get:25 http://azure.archive.ubuntu.com/ubuntu noble-updates/multiverse amd64 Components [940 B]
2026-01-02T00:05:19.9216945Z Get:26 http://azure.archive.ubuntu.com/ubuntu noble-updates/multiverse amd64 c-n-f Metadata [488 B]
2026-01-02T00:05:19.9227729Z Get:27 http://azure.archive.ubuntu.com/ubuntu noble-backports/main amd64 Packages [40.4 kB]
2026-01-02T00:05:19.9235879Z Get:28 http://azure.archive.ubuntu.com/ubuntu noble-backports/main amd64 Components [7308 B]
2026-01-02T00:05:19.9246564Z Get:29 http://azure.archive.ubuntu.com/ubuntu noble-backports/main amd64 c-n-f Metadata [368 B]
2026-01-02T00:05:19.9256482Z Get:30 http://azure.archive.ubuntu.com/ubuntu noble-backports/universe amd64 Packages [29.5 kB]
2026-01-02T00:05:19.9320316Z Get:31 http://azure.archive.ubuntu.com/ubuntu noble-backports/universe Translation-en [17.9 kB]
2026-01-02T00:05:19.9325611Z Get:32 http://azure.archive.ubuntu.com/ubuntu noble-backports/universe amd64 Components [10.5 kB]
2026-01-02T00:05:19.9328267Z Get:33 http://azure.archive.ubuntu.com/ubuntu noble-backports/universe amd64 c-n-f Metadata [1444 B]
2026-01-02T00:05:19.9330630Z Get:34 http://azure.archive.ubuntu.com/ubuntu noble-backports/restricted amd64 Components [212 B]
2026-01-02T00:05:19.9778054Z Get:35 http://azure.archive.ubuntu.com/ubuntu noble-backports/multiverse amd64 Components [212 B]
2026-01-02T00:05:19.9793978Z Get:36 http://azure.archive.ubuntu.com/ubuntu noble-security/main Translation-en [225 kB]
2026-01-02T00:05:19.9819008Z Get:37 http://azure.archive.ubuntu.com/ubuntu noble-security/main amd64 Components [21.5 kB]
2026-01-02T00:05:19.9830828Z Get:38 http://azure.archive.ubuntu.com/ubuntu noble-security/main amd64 c-n-f Metadata [9504 B]
2026-01-02T00:05:19.9840796Z Get:39 http://azure.archive.ubuntu.com/ubuntu noble-security/universe amd64 Components [71.3 kB]
2026-01-02T00:05:19.9855578Z Get:40 http://azure.archive.ubuntu.com/ubuntu noble-security/restricted amd64 Components [208 B]
2026-01-02T00:05:19.9863466Z Get:41 http://azure.archive.ubuntu.com/ubuntu noble-security/multiverse amd64 Components [208 B]
2026-01-02T00:05:28.2305686Z Fetched 8374 kB in 1s (7378 kB/s)
2026-01-02T00:05:28.9797054Z Reading package lists...
2026-01-02T00:05:29.0118292Z Reading package lists...
2026-01-02T00:05:29.2049936Z Building dependency tree...
2026-01-02T00:05:29.2058474Z Reading state information...
2026-01-02T00:05:29.3610850Z The following additional packages will be installed:
2026-01-02T00:05:29.3620525Z   cmake-data libjsoncpp25 librhash0
2026-01-02T00:05:29.3627618Z Suggested packages:
2026-01-02T00:05:29.3628102Z   cmake-doc cmake-format elpa-cmake-mode ninja-build
2026-01-02T00:05:29.3800467Z The following NEW packages will be installed:
2026-01-02T00:05:29.3807110Z   build-essential cmake cmake-data libjsoncpp25 librhash0
2026-01-02T00:05:29.3977645Z 0 upgraded, 5 newly installed, 0 to remove and 69 not upgraded.
2026-01-02T00:05:29.3978344Z Need to get 13.6 MB of archives.
2026-01-02T00:05:29.3979078Z After this operation, 49.1 MB of additional disk space will be used.
2026-01-02T00:05:29.3979740Z Get:1 file:/etc/apt/apt-mirrors.txt Mirrorlist [144 B]
2026-01-02T00:05:29.4170684Z Get:2 http://azure.archive.ubuntu.com/ubuntu noble/main amd64 build-essential amd64 12.10ubuntu1 [4928 B]
2026-01-02T00:05:29.4195885Z Get:3 http://azure.archive.ubuntu.com/ubuntu noble/main amd64 libjsoncpp25 amd64 1.9.5-6build1 [82.8 kB]
2026-01-02T00:05:29.4234666Z Get:4 http://azure.archive.ubuntu.com/ubuntu noble/main amd64 librhash0 amd64 1.4.3-3build1 [129 kB]
2026-01-02T00:05:29.4275366Z Get:5 http://azure.archive.ubuntu.com/ubuntu noble/main amd64 cmake-data all 3.28.3-1build7 [2155 kB]
2026-01-02T00:05:29.4583336Z Get:6 http://azure.archive.ubuntu.com/ubuntu noble/main amd64 cmake amd64 3.28.3-1build7 [11.2 MB]
2026-01-02T00:05:29.8418924Z Fetched 13.6 MB in 0s (69.1 MB/s)
2026-01-02T00:05:29.8639378Z Selecting previously unselected package build-essential.
2026-01-02T00:05:29.8920587Z (Reading database ... 
2026-01-02T00:05:29.8921919Z (Reading database ... 5%
2026-01-02T00:05:29.8922355Z (Reading database ... 10%
2026-01-02T00:05:29.8923192Z (Reading database ... 15%
2026-01-02T00:05:29.8923551Z (Reading database ... 20%
2026-01-02T00:05:29.8924026Z (Reading database ... 25%
2026-01-02T00:05:29.8924370Z (Reading database ... 30%
2026-01-02T00:05:29.8924789Z (Reading database ... 35%
2026-01-02T00:05:29.8925100Z (Reading database ... 40%
2026-01-02T00:05:29.8925311Z (Reading database ... 45%
2026-01-02T00:05:29.8925514Z (Reading database ... 50%
2026-01-02T00:05:29.9015351Z (Reading database ... 55%
2026-01-02T00:05:30.0170360Z (Reading database ... 60%
2026-01-02T00:05:30.0951517Z (Reading database ... 65%
2026-01-02T00:05:30.1376547Z (Reading database ... 70%
2026-01-02T00:05:30.1773172Z (Reading database ... 75%
2026-01-02T00:05:30.2736966Z (Reading database ... 80%
2026-01-02T00:05:30.3914568Z (Reading database ... 85%
2026-01-02T00:05:30.5505334Z (Reading database ... 90%
2026-01-02T00:05:30.6743355Z (Reading database ... 95%
2026-01-02T00:05:30.6743746Z (Reading database ... 100%
2026-01-02T00:05:30.6744167Z (Reading database ... 217374 files and directories currently installed.)
2026-01-02T00:05:30.6787437Z Preparing to unpack .../build-essential_12.10ubuntu1_amd64.deb ...
2026-01-02T00:05:30.6814443Z Unpacking build-essential (12.10ubuntu1) ...
2026-01-02T00:05:30.7048372Z Selecting previously unselected package libjsoncpp25:amd64.
2026-01-02T00:05:30.7180289Z Preparing to unpack .../libjsoncpp25_1.9.5-6build1_amd64.deb ...
2026-01-02T00:05:30.7204087Z Unpacking libjsoncpp25:amd64 (1.9.5-6build1) ...
2026-01-02T00:05:30.7445822Z Selecting previously unselected package librhash0:amd64.
2026-01-02T00:05:30.7576841Z Preparing to unpack .../librhash0_1.4.3-3build1_amd64.deb ...
2026-01-02T00:05:30.7587825Z Unpacking librhash0:amd64 (1.4.3-3build1) ...
2026-01-02T00:05:30.7886525Z Selecting previously unselected package cmake-data.
2026-01-02T00:05:30.8020857Z Preparing to unpack .../cmake-data_3.28.3-1build7_all.deb ...
2026-01-02T00:05:30.8092811Z Unpacking cmake-data (3.28.3-1build7) ...
2026-01-02T00:05:31.3815386Z Selecting previously unselected package cmake.
2026-01-02T00:05:31.3958521Z Preparing to unpack .../cmake_3.28.3-1build7_amd64.deb ...
2026-01-02T00:05:31.3968083Z Unpacking cmake (3.28.3-1build7) ...
2026-01-02T00:05:31.5842042Z Setting up libjsoncpp25:amd64 (1.9.5-6build1) ...
2026-01-02T00:05:31.5875693Z Setting up librhash0:amd64 (1.4.3-3build1) ...
2026-01-02T00:05:31.5903531Z Setting up build-essential (12.10ubuntu1) ...
2026-01-02T00:05:31.5927841Z Setting up cmake-data (3.28.3-1build7) ...
2026-01-02T00:05:31.6007326Z Setting up cmake (3.28.3-1build7) ...
2026-01-02T00:05:31.6039577Z Processing triggers for man-db (2.12.0-4build2) ...
2026-01-02T00:05:31.6067483Z Not building database; man-db/auto-update is not 'true'.
2026-01-02T00:05:31.6084064Z Processing triggers for libc-bin (2.39-0ubuntu8.6) ...
2026-01-02T00:05:32.3461916Z 
2026-01-02T00:05:32.3462358Z Running kernel seems to be up-to-date.
2026-01-02T00:05:32.3462798Z 
2026-01-02T00:05:32.3462953Z No services need to be restarted.
2026-01-02T00:05:32.3463243Z 
2026-01-02T00:05:32.3463384Z No containers need to be restarted.
2026-01-02T00:05:32.3463710Z 
2026-01-02T00:05:32.3463901Z No user sessions are running outdated binaries.
2026-01-02T00:05:32.3464298Z 
2026-01-02T00:05:32.3464685Z No VM guests are running outdated hypervisor (qemu) binaries on this host.
2026-01-02T00:05:33.2238465Z ##[group]Run cmake -B build -DCMAKE_BUILD_TYPE=Debug
2026-01-02T00:05:33.2238842Z [36;1mcmake -B build -DCMAKE_BUILD_TYPE=Debug[0m
2026-01-02T00:05:33.2272374Z shell: /usr/bin/bash -e {0}
2026-01-02T00:05:33.2272600Z ##[endgroup]
2026-01-02T00:05:34.0390421Z -- The CXX compiler identification is GNU 13.3.0
2026-01-02T00:05:34.0554051Z -- Detecting CXX compiler ABI info
2026-01-02T00:05:34.1497049Z -- Detecting CXX compiler ABI info - done
2026-01-02T00:05:34.1669384Z -- Check for working CXX compiler: /usr/bin/c++ - skipped
2026-01-02T00:05:34.1676080Z -- Detecting CXX compile features
2026-01-02T00:05:34.1685053Z -- Detecting CXX compile features - done
2026-01-02T00:05:36.5100194Z CMake Deprecation Warning at build/_deps/highway-src/CMakeLists.txt:28 (cmake_policy):
2026-01-02T00:05:36.5101234Z   The OLD behavior for policy CMP0111 will be removed from a future version
2026-01-02T00:05:36.5101783Z   of CMake.
2026-01-02T00:05:36.5101940Z 
2026-01-02T00:05:36.5102320Z   The cmake-policies(7) manual explains that the OLD behaviors of all
2026-01-02T00:05:36.5103008Z   policies are deprecated and that a policy should be set to OLD only under
2026-01-02T00:05:36.5103589Z   specific short-term circumstances.  Projects should be ported to the NEW
2026-01-02T00:05:36.5103998Z   behavior and not rely on setting a policy to OLD.
2026-01-02T00:05:36.5104216Z 
2026-01-02T00:05:36.5104220Z 
2026-01-02T00:05:36.6074454Z -- The C compiler identification is GNU 13.3.0
2026-01-02T00:05:36.6349991Z -- Detecting C compiler ABI info
2026-01-02T00:05:36.6982685Z -- Detecting C compiler ABI info - done
2026-01-02T00:05:36.7152647Z -- Check for working C compiler: /usr/bin/cc - skipped
2026-01-02T00:05:36.7156818Z -- Detecting C compile features
2026-01-02T00:05:36.7161933Z -- Detecting C compile features - done
2026-01-02T00:05:36.7262835Z -- Performing Test ATOMICS_LOCK_FREE_INSTRUCTIONS
2026-01-02T00:05:36.9367819Z -- Performing Test ATOMICS_LOCK_FREE_INSTRUCTIONS - Success
2026-01-02T00:05:37.0983213Z -- Performing Test HWY_EMSCRIPTEN
2026-01-02T00:05:37.1286400Z -- Performing Test HWY_EMSCRIPTEN - Failed
2026-01-02T00:05:37.1287317Z -- Performing Test HWY_RISCV
2026-01-02T00:05:37.1553513Z -- Performing Test HWY_RISCV - Failed
2026-01-02T00:05:37.1700258Z -- Performing Test CMAKE_HAVE_LIBC_PTHREAD
2026-01-02T00:05:37.2416486Z -- Performing Test CMAKE_HAVE_LIBC_PTHREAD - Success
2026-01-02T00:05:37.2426713Z -- Found Threads: TRUE
2026-01-02T00:05:37.2451411Z -- Looking for sys/auxv.h
2026-01-02T00:05:37.3027451Z -- Looking for sys/auxv.h - found
2026-01-02T00:05:37.3028259Z -- Looking for asm/hwcap.h
2026-01-02T00:05:37.3282532Z -- Looking for asm/hwcap.h - not found
2026-01-02T00:05:39.4522172Z -- Found Python3: /usr/bin/python3.12 (found version "3.12.3") found components: Interpreter
2026-01-02T00:05:39.4697777Z -- Configuring done (6.2s)
2026-01-02T00:05:39.5249719Z -- Generating done (0.1s)
2026-01-02T00:05:39.5255089Z -- Build files have been written to: /home/runner/work/simdcsv/simdcsv/build
2026-01-02T00:05:39.5339241Z ##[group]Run cmake --build build --config Debug
2026-01-02T00:05:39.5339591Z [36;1mcmake --build build --config Debug[0m
2026-01-02T00:05:39.5371758Z shell: /usr/bin/bash -e {0}
2026-01-02T00:05:39.5371984Z ##[endgroup]
2026-01-02T00:05:39.5586400Z [  1%] Building CXX object _deps/highway-build/CMakeFiles/hwy.dir/hwy/abort.cc.o
2026-01-02T00:05:40.1708620Z [  3%] Building CXX object _deps/highway-build/CMakeFiles/hwy.dir/hwy/aligned_allocator.cc.o
2026-01-02T00:05:40.5996281Z [  4%] Building CXX object _deps/highway-build/CMakeFiles/hwy.dir/hwy/nanobenchmark.cc.o
2026-01-02T00:05:41.4464556Z [  6%] Building CXX object _deps/highway-build/CMakeFiles/hwy.dir/hwy/per_target.cc.o
2026-01-02T00:05:46.2502004Z [  8%] Building CXX object _deps/highway-build/CMakeFiles/hwy.dir/hwy/perf_counters.cc.o
2026-01-02T00:05:46.7705856Z [  9%] Building CXX object _deps/highway-build/CMakeFiles/hwy.dir/hwy/print.cc.o
2026-01-02T00:05:47.0359566Z [ 11%] Building CXX object _deps/highway-build/CMakeFiles/hwy.dir/hwy/profiler.cc.o
2026-01-02T00:05:47.0538733Z [ 13%] Building CXX object _deps/highway-build/CMakeFiles/hwy.dir/hwy/targets.cc.o
2026-01-02T00:05:47.5493420Z [ 14%] Building CXX object _deps/highway-build/CMakeFiles/hwy.dir/hwy/timer.cc.o
2026-01-02T00:05:47.9876321Z [ 16%] Linking CXX static library libhwy.a
2026-01-02T00:05:48.5502048Z [ 16%] Built target hwy
2026-01-02T00:05:48.5568295Z [ 18%] Building CXX object CMakeFiles/simdcsv_lib.dir/src/io_util.cpp.o
2026-01-02T00:05:48.8220052Z [ 19%] Building CXX object CMakeFiles/simdcsv_lib.dir/src/error.cpp.o
2026-01-02T00:05:49.0995058Z [ 21%] Linking CXX static library libsimdcsv_lib.a
2026-01-02T00:05:49.1806009Z [ 21%] Built target simdcsv_lib
2026-01-02T00:05:49.1872126Z [ 22%] Building CXX object CMakeFiles/simdcsv.dir/src/main.cpp.o
2026-01-02T00:05:50.5012223Z [ 24%] Linking CXX executable simdcsv
2026-01-02T00:05:50.5632906Z [ 24%] Built target simdcsv
2026-01-02T00:05:50.5699424Z [ 26%] Building CXX object _deps/googletest-build/googletest/CMakeFiles/gtest.dir/src/gtest-all.cc.o
2026-01-02T00:05:54.3003765Z [ 27%] Linking CXX static library ../../../lib/libgtest.a
2026-01-02T00:05:54.4169671Z [ 27%] Built target gtest
2026-01-02T00:05:54.4239168Z [ 29%] Building CXX object _deps/googletest-build/googletest/CMakeFiles/gtest_main.dir/src/gtest_main.cc.o
2026-01-02T00:05:55.1752790Z [ 31%] Linking CXX static library ../../../lib/libgtest_main.a
2026-01-02T00:05:55.2561656Z [ 31%] Built target gtest_main
2026-01-02T00:05:55.2628792Z [ 32%] Building CXX object CMakeFiles/simdcsv_test.dir/test/csv_parser_test.cpp.o
2026-01-02T00:05:56.6987556Z [ 34%] Linking CXX executable simdcsv_test
2026-01-02T00:05:56.8303415Z [ 34%] Built target simdcsv_test
2026-01-02T00:05:56.8368742Z [ 36%] Building CXX object CMakeFiles/error_handling_test.dir/test/error_handling_test.cpp.o
2026-01-02T00:05:58.3119148Z [ 37%] Linking CXX executable error_handling_test
2026-01-02T00:05:58.4392330Z [ 37%] Built target error_handling_test
2026-01-02T00:05:58.4457661Z [ 39%] Building CXX object CMakeFiles/csv_parsing_test.dir/test/csv_parsing_test.cpp.o
2026-01-02T00:06:00.9893836Z [ 40%] Linking CXX executable csv_parsing_test
2026-01-02T00:06:01.1424772Z [ 40%] Built target csv_parsing_test
2026-01-02T00:06:01.1501667Z [ 42%] Building CXX object _deps/highway-build/CMakeFiles/hwy_contrib.dir/hwy/contrib/sort/vqsort_128a.cc.o
2026-01-02T00:06:09.2312480Z [ 44%] Building CXX object _deps/highway-build/CMakeFiles/hwy_contrib.dir/hwy/contrib/sort/vqsort_128d.cc.o
2026-01-02T00:06:17.2970993Z [ 45%] Building CXX object _deps/highway-build/CMakeFiles/hwy_contrib.dir/hwy/contrib/sort/vqsort_f16a.cc.o
2026-01-02T00:06:23.4394879Z [ 47%] Building CXX object _deps/highway-build/CMakeFiles/hwy_contrib.dir/hwy/contrib/sort/vqsort_f16d.cc.o
2026-01-02T00:06:29.6038389Z [ 49%] Building CXX object _deps/highway-build/CMakeFiles/hwy_contrib.dir/hwy/contrib/sort/vqsort_f32a.cc.o
2026-01-02T00:06:38.2205026Z [ 50%] Building CXX object _deps/highway-build/CMakeFiles/hwy_contrib.dir/hwy/contrib/sort/vqsort_f32d.cc.o
2026-01-02T00:06:46.9302839Z [ 52%] Building CXX object _deps/highway-build/CMakeFiles/hwy_contrib.dir/hwy/contrib/sort/vqsort_f64a.cc.o
2026-01-02T00:06:55.2037458Z [ 54%] Building CXX object _deps/highway-build/CMakeFiles/hwy_contrib.dir/hwy/contrib/sort/vqsort_f64d.cc.o
2026-01-02T00:07:03.5448285Z [ 55%] Building CXX object _deps/highway-build/CMakeFiles/hwy_contrib.dir/hwy/contrib/sort/vqsort_i16a.cc.o
2026-01-02T00:07:12.8108053Z [ 57%] Building CXX object _deps/highway-build/CMakeFiles/hwy_contrib.dir/hwy/contrib/sort/vqsort_i16d.cc.o
2026-01-02T00:07:22.0257911Z [ 59%] Building CXX object _deps/highway-build/CMakeFiles/hwy_contrib.dir/hwy/contrib/sort/vqsort_i32a.cc.o
2026-01-02T00:07:30.6322470Z [ 60%] Building CXX object _deps/highway-build/CMakeFiles/hwy_contrib.dir/hwy/contrib/sort/vqsort_i32d.cc.o
2026-01-02T00:07:39.2721635Z [ 62%] Building CXX object _deps/highway-build/CMakeFiles/hwy_contrib.dir/hwy/contrib/sort/vqsort_i64a.cc.o
2026-01-02T00:07:47.3941939Z [ 63%] Building CXX object _deps/highway-build/CMakeFiles/hwy_contrib.dir/hwy/contrib/sort/vqsort_i64d.cc.o
2026-01-02T00:07:55.5346661Z [ 65%] Building CXX object _deps/highway-build/CMakeFiles/hwy_contrib.dir/hwy/contrib/sort/vqsort_kv128a.cc.o
2026-01-02T00:08:03.5278763Z [ 67%] Building CXX object _deps/highway-build/CMakeFiles/hwy_contrib.dir/hwy/contrib/sort/vqsort_kv128d.cc.o
2026-01-02T00:08:11.5109029Z [ 68%] Building CXX object _deps/highway-build/CMakeFiles/hwy_contrib.dir/hwy/contrib/sort/vqsort_kv64a.cc.o
2026-01-02T00:08:19.6279216Z [ 70%] Building CXX object _deps/highway-build/CMakeFiles/hwy_contrib.dir/hwy/contrib/sort/vqsort_kv64d.cc.o
2026-01-02T00:08:27.7482911Z [ 72%] Building CXX object _deps/highway-build/CMakeFiles/hwy_contrib.dir/hwy/contrib/sort/vqsort_u16a.cc.o
2026-01-02T00:08:36.7588164Z [ 73%] Building CXX object _deps/highway-build/CMakeFiles/hwy_contrib.dir/hwy/contrib/sort/vqsort_u16d.cc.o
2026-01-02T00:08:45.7849860Z [ 75%] Building CXX object _deps/highway-build/CMakeFiles/hwy_contrib.dir/hwy/contrib/sort/vqsort_u32a.cc.o
2026-01-02T00:08:54.3120636Z [ 77%] Building CXX object _deps/highway-build/CMakeFiles/hwy_contrib.dir/hwy/contrib/sort/vqsort_u32d.cc.o
2026-01-02T00:09:02.8472337Z [ 78%] Building CXX object _deps/highway-build/CMakeFiles/hwy_contrib.dir/hwy/contrib/sort/vqsort_u64a.cc.o
2026-01-02T00:09:10.9275808Z [ 80%] Building CXX object _deps/highway-build/CMakeFiles/hwy_contrib.dir/hwy/contrib/sort/vqsort_u64d.cc.o
2026-01-02T00:09:19.0083447Z [ 81%] Building CXX object _deps/highway-build/CMakeFiles/hwy_contrib.dir/hwy/contrib/image/image.cc.o
2026-01-02T00:09:19.3599346Z [ 83%] Building CXX object _deps/highway-build/CMakeFiles/hwy_contrib.dir/hwy/contrib/sort/vqsort.cc.o
2026-01-02T00:09:19.9174836Z [ 85%] Building CXX object _deps/highway-build/CMakeFiles/hwy_contrib.dir/hwy/contrib/thread_pool/topology.cc.o
2026-01-02T00:09:20.5273790Z [ 86%] Linking CXX static library libhwy_contrib.a
2026-01-02T00:09:21.2155465Z [ 86%] Built target hwy_contrib
2026-01-02T00:09:21.2221628Z [ 88%] Building CXX object _deps/highway-build/CMakeFiles/hwy_test.dir/hwy/tests/test_util.cc.o
2026-01-02T00:09:21.5549056Z [ 90%] Linking CXX static library libhwy_test.a
2026-01-02T00:09:21.6351398Z [ 90%] Built target hwy_test
2026-01-02T00:09:21.6417741Z [ 91%] Building CXX object _deps/highway-build/CMakeFiles/hwy_list_targets.dir/hwy/tests/list_targets.cc.o
2026-01-02T00:09:22.1289565Z [ 93%] Linking CXX executable hwy_list_targets
2026-01-02T00:09:22.1798491Z Compiler: GCC 1303
2026-01-02T00:09:22.1799011Z Config: emu128:0 scalar:0 static:0 all_attain:0 is_test:0
2026-01-02T00:09:22.1799800Z Have: constexpr_lanes:0 runtime_dispatch:1 auxv:1 f16 type:1/ops1 bf16 type:1/ops1
2026-01-02T00:09:22.1800446Z Compiled HWY_TARGETS:   AVX10_2 AVX3_SPR AVX3_ZEN4 AVX3_DL AVX3 AVX2 SSE4 SSSE3 SSE2
2026-01-02T00:09:22.1800980Z HWY_ATTAINABLE_TARGETS: AVX10_2 AVX3_SPR AVX3_ZEN4 AVX3_DL AVX3 AVX2 SSE4 SSSE3 SSE2 SCALAR
2026-01-02T00:09:22.1801786Z HWY_BASELINE_TARGETS:   SSE2 SCALAR
2026-01-02T00:09:22.1802470Z HWY_STATIC_TARGET:      SSE2
2026-01-02T00:09:22.1802821Z HWY_BROKEN_TARGETS:     LASX LSX
2026-01-02T00:09:22.1803183Z HWY_DISABLED_TARGETS:  
2026-01-02T00:09:22.1803585Z Current CPU supports:   AVX2 SSE4 SSSE3 SSE2 EMU128 SCALAR
2026-01-02T00:09:22.1823674Z [ 93%] Built target hwy_list_targets
2026-01-02T00:09:22.1890609Z [ 95%] Building CXX object _deps/googletest-build/googlemock/CMakeFiles/gmock.dir/src/gmock-all.cc.o
2026-01-02T00:09:23.9181248Z [ 96%] Linking CXX static library ../../../lib/libgmock.a
2026-01-02T00:09:24.0125734Z [ 96%] Built target gmock
2026-01-02T00:09:24.0193162Z [ 98%] Building CXX object _deps/googletest-build/googlemock/CMakeFiles/gmock_main.dir/src/gmock_main.cc.o
2026-01-02T00:09:24.9734656Z [100%] Linking CXX static library ../../../lib/libgmock_main.a
2026-01-02T00:09:25.0545655Z [100%] Built target gmock_main
2026-01-02T00:09:25.0639639Z ##[group]Run ./build/simdcsv_test
2026-01-02T00:09:25.0640013Z [36;1m./build/simdcsv_test[0m
2026-01-02T00:09:25.0672687Z shell: /usr/bin/bash -e {0}
2026-01-02T00:09:25.0672905Z ##[endgroup]
2026-01-02T00:09:25.0734964Z [==========] Running 42 tests from 1 test suite.
2026-01-02T00:09:25.0735478Z [----------] Global test environment set-up.
2026-01-02T00:09:25.0735882Z [----------] 42 tests from CSVFileTest
2026-01-02T00:09:25.0736274Z [ RUN      ] CSVFileTest.SimpleCSVExists
2026-01-02T00:09:25.0736712Z [       OK ] CSVFileTest.SimpleCSVExists (0 ms)
2026-01-02T00:09:25.0737158Z [ RUN      ] CSVFileTest.SimpleCSVStructure
2026-01-02T00:09:25.0737632Z [       OK ] CSVFileTest.SimpleCSVStructure (0 ms)
2026-01-02T00:09:25.0738131Z [ RUN      ] CSVFileTest.SimpleCSVFieldCount
2026-01-02T00:09:25.0738647Z [       OK ] CSVFileTest.SimpleCSVFieldCount (0 ms)
2026-01-02T00:09:25.0739428Z [ RUN      ] CSVFileTest.SimpleNoHeaderExists
2026-01-02T00:09:25.0739945Z [       OK ] CSVFileTest.SimpleNoHeaderExists (0 ms)
2026-01-02T00:09:25.0740319Z [ RUN      ] CSVFileTest.SingleColumnExists
2026-01-02T00:09:25.0740622Z [       OK ] CSVFileTest.SingleColumnExists (0 ms)
2026-01-02T00:09:25.0740913Z [ RUN      ] CSVFileTest.WideColumnsExists
2026-01-02T00:09:25.0741384Z [       OK ] CSVFileTest.WideColumnsExists (0 ms)
2026-01-02T00:09:25.0741662Z [ RUN      ] CSVFileTest.ManyRowsExists
2026-01-02T00:09:25.0741938Z [       OK ] CSVFileTest.ManyRowsExists (0 ms)
2026-01-02T00:09:25.0742224Z [ RUN      ] CSVFileTest.QuotedFieldsExists
2026-01-02T00:09:25.0742500Z [       OK ] CSVFileTest.QuotedFieldsExists (0 ms)
2026-01-02T00:09:25.0742814Z [ RUN      ] CSVFileTest.QuotedFieldsContainsQuotes
2026-01-02T00:09:25.0743150Z [       OK ] CSVFileTest.QuotedFieldsContainsQuotes (0 ms)
2026-01-02T00:09:25.0743475Z [ RUN      ] CSVFileTest.EscapedQuotesExists
2026-01-02T00:09:25.0743960Z [       OK ] CSVFileTest.EscapedQuotesExists (0 ms)
2026-01-02T00:09:25.0744507Z [ RUN      ] CSVFileTest.EscapedQuotesContainsDoubledQuotes
2026-01-02T00:09:25.0745057Z [       OK ] CSVFileTest.EscapedQuotesContainsDoubledQuotes (0 ms)
2026-01-02T00:09:25.0745393Z [ RUN      ] CSVFileTest.MixedQuotedExists
2026-01-02T00:09:25.0745671Z [       OK ] CSVFileTest.MixedQuotedExists (0 ms)
2026-01-02T00:09:25.0745962Z [ RUN      ] CSVFileTest.EmbeddedSeparatorsExists
2026-01-02T00:09:25.0746276Z [       OK ] CSVFileTest.EmbeddedSeparatorsExists (0 ms)
2026-01-02T00:09:25.0746578Z [ RUN      ] CSVFileTest.NewlinesInQuotesExists
2026-01-02T00:09:25.0746882Z [       OK ] CSVFileTest.NewlinesInQuotesExists (0 ms)
2026-01-02T00:09:25.0747641Z [ RUN      ] CSVFileTest.NewlinesInQuotesContainsEmbeddedNewlines
2026-01-02T00:09:25.0748336Z [       OK ] CSVFileTest.NewlinesInQuotesContainsEmbeddedNewlines (0 ms)
2026-01-02T00:09:25.0748923Z [ RUN      ] CSVFileTest.SemicolonSeparatorExists
2026-01-02T00:09:25.0749299Z [       OK ] CSVFileTest.SemicolonSeparatorExists (0 ms)
2026-01-02T00:09:25.0749631Z [ RUN      ] CSVFileTest.SemicolonSeparatorHasSemicolons
2026-01-02T00:09:25.0749977Z [       OK ] CSVFileTest.SemicolonSeparatorHasSemicolons (0 ms)
2026-01-02T00:09:25.0750307Z [ RUN      ] CSVFileTest.TabSeparatorExists
2026-01-02T00:09:25.0750591Z [       OK ] CSVFileTest.TabSeparatorExists (0 ms)
2026-01-02T00:09:25.0750879Z [ RUN      ] CSVFileTest.TabSeparatorHasTabs
2026-01-02T00:09:25.0751340Z [       OK ] CSVFileTest.TabSeparatorHasTabs (0 ms)
2026-01-02T00:09:25.0751637Z [ RUN      ] CSVFileTest.PipeSeparatorExists
2026-01-02T00:09:25.0751932Z [       OK ] CSVFileTest.PipeSeparatorExists (0 ms)
2026-01-02T00:09:25.0752226Z [ RUN      ] CSVFileTest.PipeSeparatorHasPipes
2026-01-02T00:09:25.0752532Z [       OK ] CSVFileTest.PipeSeparatorHasPipes (0 ms)
2026-01-02T00:09:25.0752827Z [ RUN      ] CSVFileTest.EmptyFieldsExists
2026-01-02T00:09:25.0753108Z [       OK ] CSVFileTest.EmptyFieldsExists (0 ms)
2026-01-02T00:09:25.0753439Z [ RUN      ] CSVFileTest.EmptyFieldsContainsConsecutiveCommas
2026-01-02T00:09:25.0754018Z [       OK ] CSVFileTest.EmptyFieldsContainsConsecutiveCommas (0 ms)
2026-01-02T00:09:25.0754363Z [ RUN      ] CSVFileTest.SingleCellExists
2026-01-02T00:09:25.0754621Z [       OK ] CSVFileTest.SingleCellExists (0 ms)
2026-01-02T00:09:25.0754900Z [ RUN      ] CSVFileTest.SingleRowHeaderOnlyExists
2026-01-02T00:09:25.0755202Z [       OK ] CSVFileTest.SingleRowHeaderOnlyExists (0 ms)
2026-01-02T00:09:25.0755480Z [ RUN      ] CSVFileTest.EmptyFileExists
2026-01-02T00:09:25.0755738Z [       OK ] CSVFileTest.EmptyFileExists (0 ms)
2026-01-02T00:09:25.0755994Z [ RUN      ] CSVFileTest.EmptyFileIsEmpty
2026-01-02T00:09:25.0756254Z [       OK ] CSVFileTest.EmptyFileIsEmpty (0 ms)
2026-01-02T00:09:25.0756523Z [ RUN      ] CSVFileTest.WhitespaceFieldsExists
2026-01-02T00:09:25.0756811Z [       OK ] CSVFileTest.WhitespaceFieldsExists (0 ms)
2026-01-02T00:09:25.0757109Z [ RUN      ] CSVFileTest.CRLFLineEndingsExists
2026-01-02T00:09:25.0757549Z [       OK ] CSVFileTest.CRLFLineEndingsExists (0 ms)
2026-01-02T00:09:25.0757836Z [ RUN      ] CSVFileTest.CRLFLineEndingsHasCRLF
2026-01-02T00:09:25.0758116Z [       OK ] CSVFileTest.CRLFLineEndingsHasCRLF (0 ms)
2026-01-02T00:09:25.0758390Z [ RUN      ] CSVFileTest.LFLineEndingsExists
2026-01-02T00:09:25.0758658Z [       OK ] CSVFileTest.LFLineEndingsExists (0 ms)
2026-01-02T00:09:25.0758922Z [ RUN      ] CSVFileTest.CRLineEndingsExists
2026-01-02T00:09:25.0759183Z [       OK ] CSVFileTest.CRLineEndingsExists (0 ms)
2026-01-02T00:09:25.0759454Z [ RUN      ] CSVFileTest.CRLineEndingsHasCR
2026-01-02T00:09:25.0759720Z [       OK ] CSVFileTest.CRLineEndingsHasCR (0 ms)
2026-01-02T00:09:25.0759985Z [ RUN      ] CSVFileTest.NoFinalNewlineExists
2026-01-02T00:09:25.0760258Z [       OK ] CSVFileTest.NoFinalNewlineExists (0 ms)
2026-01-02T00:09:25.0760560Z [ RUN      ] CSVFileTest.NoFinalNewlineEndsWithoutNewline
2026-01-02T00:09:25.0760900Z [       OK ] CSVFileTest.NoFinalNewlineEndsWithoutNewline (0 ms)
2026-01-02T00:09:25.0761453Z [ RUN      ] CSVFileTest.FinancialDataExists
2026-01-02T00:09:25.0761734Z [       OK ] CSVFileTest.FinancialDataExists (0 ms)
2026-01-02T00:09:25.0762034Z [ RUN      ] CSVFileTest.FinancialDataHasExpectedColumns
2026-01-02T00:09:25.0762361Z [       OK ] CSVFileTest.FinancialDataHasExpectedColumns (0 ms)
2026-01-02T00:09:25.0762668Z [ RUN      ] CSVFileTest.ContactsDataExists
2026-01-02T00:09:25.0762932Z [       OK ] CSVFileTest.ContactsDataExists (0 ms)
2026-01-02T00:09:25.0763203Z [ RUN      ] CSVFileTest.UnicodeDataExists
2026-01-02T00:09:25.0763462Z [       OK ] CSVFileTest.UnicodeDataExists (0 ms)
2026-01-02T00:09:25.0763741Z [ RUN      ] CSVFileTest.UnicodeDataContainsUTF8
2026-01-02T00:09:25.0764031Z [       OK ] CSVFileTest.UnicodeDataContainsUTF8 (0 ms)
2026-01-02T00:09:25.0764315Z [ RUN      ] CSVFileTest.ProductCatalogExists
2026-01-02T00:09:25.0764598Z [       OK ] CSVFileTest.ProductCatalogExists (0 ms)
2026-01-02T00:09:25.0764879Z [ RUN      ] CSVFileTest.AllTestFilesPresent
2026-01-02T00:09:25.0765148Z [       OK ] CSVFileTest.AllTestFilesPresent (0 ms)
2026-01-02T00:09:25.0765422Z [----------] 42 tests from CSVFileTest (0 ms total)
2026-01-02T00:09:25.0765598Z 
2026-01-02T00:09:25.0765694Z [----------] Global test environment tear-down
2026-01-02T00:09:25.0765958Z [==========] 42 tests from 1 test suite ran. (0 ms total)
2026-01-02T00:09:25.0766210Z [  PASSED  ] 42 tests.
2026-01-02T00:09:25.0786767Z ##[group]Run ./build/error_handling_test
2026-01-02T00:09:25.0787207Z [36;1m./build/error_handling_test[0m
2026-01-02T00:09:25.0817440Z shell: /usr/bin/bash -e {0}
2026-01-02T00:09:25.0817662Z ##[endgroup]
2026-01-02T00:09:25.0877291Z [==========] Running 40 tests from 7 test suites.
2026-01-02T00:09:25.0877810Z [----------] Global test environment set-up.
2026-01-02T00:09:25.0878275Z [----------] 2 tests from ErrorHandlingTest
2026-01-02T00:09:25.0878766Z [ RUN      ] ErrorHandlingTest.ErrorCodeToString
2026-01-02T00:09:25.0879329Z [       OK ] ErrorHandlingTest.ErrorCodeToString (0 ms)
2026-01-02T00:09:25.0879894Z [ RUN      ] ErrorHandlingTest.ErrorSeverityToString
2026-01-02T00:09:25.0880462Z [       OK ] ErrorHandlingTest.ErrorSeverityToString (0 ms)
2026-01-02T00:09:25.0881021Z [----------] 2 tests from ErrorHandlingTest (0 ms total)
2026-01-02T00:09:25.0881546Z 
2026-01-02T00:09:25.0881706Z [----------] 2 tests from ParseErrorTest
2026-01-02T00:09:25.0882225Z [ RUN      ] ParseErrorTest.Construction
2026-01-02T00:09:25.0882706Z [       OK ] ParseErrorTest.Construction (0 ms)
2026-01-02T00:09:25.0883167Z [ RUN      ] ParseErrorTest.ToString
2026-01-02T00:09:25.0883602Z [       OK ] ParseErrorTest.ToString (0 ms)
2026-01-02T00:09:25.0884049Z [----------] 2 tests from ParseErrorTest (0 ms total)
2026-01-02T00:09:25.0884373Z 
2026-01-02T00:09:25.0884535Z [----------] 12 tests from ErrorCollectorTest
2026-01-02T00:09:25.0884983Z [ RUN      ] ErrorCollectorTest.DefaultMode
2026-01-02T00:09:25.0885439Z [       OK ] ErrorCollectorTest.DefaultMode (0 ms)
2026-01-02T00:09:25.0886117Z [ RUN      ] ErrorCollectorTest.AddError
2026-01-02T00:09:25.0886556Z [       OK ] ErrorCollectorTest.AddError (0 ms)
2026-01-02T00:09:25.0887035Z [ RUN      ] ErrorCollectorTest.AddErrorConvenience
2026-01-02T00:09:25.0887575Z [       OK ] ErrorCollectorTest.AddErrorConvenience (0 ms)
2026-01-02T00:09:25.0887970Z [ RUN      ] ErrorCollectorTest.StrictModeStopsOnFirstError
2026-01-02T00:09:25.0888351Z [       OK ] ErrorCollectorTest.StrictModeStopsOnFirstError (0 ms)
2026-01-02T00:09:25.0888750Z [ RUN      ] ErrorCollectorTest.PermissiveModeAllowsNonFatalErrors
2026-01-02T00:09:25.0889196Z [       OK ] ErrorCollectorTest.PermissiveModeAllowsNonFatalErrors (0 ms)
2026-01-02T00:09:25.0890034Z [ RUN      ] ErrorCollectorTest.FatalErrorStopsEvenInPermissiveMode
2026-01-02T00:09:25.0890763Z [       OK ] ErrorCollectorTest.FatalErrorStopsEvenInPermissiveMode (0 ms)
2026-01-02T00:09:25.0891493Z [ RUN      ] ErrorCollectorTest.WarningsDontStopParsing
2026-01-02T00:09:25.0891841Z [       OK ] ErrorCollectorTest.WarningsDontStopParsing (0 ms)
2026-01-02T00:09:25.0892160Z [ RUN      ] ErrorCollectorTest.MultipleErrors
2026-01-02T00:09:25.0892444Z [       OK ] ErrorCollectorTest.MultipleErrors (0 ms)
2026-01-02T00:09:25.0892746Z [ RUN      ] ErrorCollectorTest.Clear
2026-01-02T00:09:25.0892995Z [       OK ] ErrorCollectorTest.Clear (0 ms)
2026-01-02T00:09:25.0893240Z [ RUN      ] ErrorCollectorTest.Summary
2026-01-02T00:09:25.0893496Z [       OK ] ErrorCollectorTest.Summary (0 ms)
2026-01-02T00:09:25.0893762Z [ RUN      ] ErrorCollectorTest.SummaryWithFatal
2026-01-02T00:09:25.0894064Z [       OK ] ErrorCollectorTest.SummaryWithFatal (0 ms)
2026-01-02T00:09:25.0894344Z [ RUN      ] ErrorCollectorTest.EmptySummary
2026-01-02T00:09:25.0894612Z [       OK ] ErrorCollectorTest.EmptySummary (0 ms)
2026-01-02T00:09:25.0894902Z [----------] 12 tests from ErrorCollectorTest (0 ms total)
2026-01-02T00:09:25.0895099Z 
2026-01-02T00:09:25.0895188Z [----------] 2 tests from ParseExceptionTest
2026-01-02T00:09:25.0895448Z [ RUN      ] ParseExceptionTest.SingleError
2026-01-02T00:09:25.0895715Z [       OK ] ParseExceptionTest.SingleError (0 ms)
2026-01-02T00:09:25.0895999Z [ RUN      ] ParseExceptionTest.MultipleErrors
2026-01-02T00:09:25.0896274Z [       OK ] ParseExceptionTest.MultipleErrors (0 ms)
2026-01-02T00:09:25.0896572Z [----------] 2 tests from ParseExceptionTest (0 ms total)
2026-01-02T00:09:25.0896759Z 
2026-01-02T00:09:25.0897028Z [----------] 17 tests from MalformedCSVTest
2026-01-02T00:09:25.0897299Z [ RUN      ] MalformedCSVTest.UnclosedQuoteExists
2026-01-02T00:09:25.0897596Z [       OK ] MalformedCSVTest.UnclosedQuoteExists (0 ms)
2026-01-02T00:09:25.0897897Z [ RUN      ] MalformedCSVTest.UnclosedQuoteEOFExists
2026-01-02T00:09:25.0898315Z [       OK ] MalformedCSVTest.UnclosedQuoteEOFExists (0 ms)
2026-01-02T00:09:25.0898644Z [ RUN      ] MalformedCSVTest.QuoteInUnquotedFieldExists
2026-01-02T00:09:25.0898986Z [       OK ] MalformedCSVTest.QuoteInUnquotedFieldExists (0 ms)
2026-01-02T00:09:25.0899327Z [ RUN      ] MalformedCSVTest.InconsistentColumnsExists
2026-01-02T00:09:25.0899662Z [       OK ] MalformedCSVTest.InconsistentColumnsExists (0 ms)
2026-01-02T00:09:25.0900020Z [ RUN      ] MalformedCSVTest.InconsistentColumnsAllRowsExists
2026-01-02T00:09:25.0900398Z [       OK ] MalformedCSVTest.InconsistentColumnsAllRowsExists (0 ms)
2026-01-02T00:09:25.0900758Z [ RUN      ] MalformedCSVTest.InvalidQuoteEscapeExists
2026-01-02T00:09:25.0901292Z [       OK ] MalformedCSVTest.InvalidQuoteEscapeExists (0 ms)
2026-01-02T00:09:25.0901662Z [ RUN      ] MalformedCSVTest.EmptyHeaderExists
2026-01-02T00:09:25.0901953Z [       OK ] MalformedCSVTest.EmptyHeaderExists (0 ms)
2026-01-02T00:09:25.0902338Z [ RUN      ] MalformedCSVTest.DuplicateColumnNamesExists
2026-01-02T00:09:25.0902703Z [       OK ] MalformedCSVTest.DuplicateColumnNamesExists (0 ms)
2026-01-02T00:09:25.0903051Z [ RUN      ] MalformedCSVTest.TrailingQuoteExists
2026-01-02T00:09:25.0903462Z [       OK ] MalformedCSVTest.TrailingQuoteExists (0 ms)
2026-01-02T00:09:25.0903941Z [ RUN      ] MalformedCSVTest.QuoteNotAtStartExists
2026-01-02T00:09:25.0904352Z [       OK ] MalformedCSVTest.QuoteNotAtStartExists (0 ms)
2026-01-02T00:09:25.0904659Z [ RUN      ] MalformedCSVTest.MultipleErrorsExists
2026-01-02T00:09:25.0905071Z [       OK ] MalformedCSVTest.MultipleErrorsExists (0 ms)
2026-01-02T00:09:25.0905390Z [ RUN      ] MalformedCSVTest.MixedLineEndingsExists
2026-01-02T00:09:25.0905807Z [       OK ] MalformedCSVTest.MixedLineEndingsExists (0 ms)
2026-01-02T00:09:25.0906217Z [ RUN      ] MalformedCSVTest.NullByteExists
2026-01-02T00:09:25.0906591Z [       OK ] MalformedCSVTest.NullByteExists (0 ms)
2026-01-02T00:09:25.0906882Z [ RUN      ] MalformedCSVTest.TripleQuoteExists
2026-01-02T00:09:25.0907178Z [       OK ] MalformedCSVTest.TripleQuoteExists (0 ms)
2026-01-02T00:09:25.0907586Z [ RUN      ] MalformedCSVTest.UnescapedQuoteInQuotedExists
2026-01-02T00:09:25.0907933Z [       OK ] MalformedCSVTest.UnescapedQuoteInQuotedExists (0 ms)
2026-01-02T00:09:25.0908277Z [ RUN      ] MalformedCSVTest.QuoteAfterDataExists
2026-01-02T00:09:25.0908575Z [       OK ] MalformedCSVTest.QuoteAfterDataExists (0 ms)
2026-01-02T00:09:25.0908887Z [ RUN      ] MalformedCSVTest.AllMalformedFilesPresent
2026-01-02T00:09:25.0909211Z [       OK ] MalformedCSVTest.AllMalformedFilesPresent (0 ms)
2026-01-02T00:09:25.0909525Z [----------] 17 tests from MalformedCSVTest (0 ms total)
2026-01-02T00:09:25.0909712Z 
2026-01-02T00:09:25.0909800Z [----------] 3 tests from ErrorModeTest
2026-01-02T00:09:25.0910052Z [ RUN      ] ErrorModeTest.StrictModeDefinition
2026-01-02T00:09:25.0910344Z [       OK ] ErrorModeTest.StrictModeDefinition (0 ms)
2026-01-02T00:09:25.0910635Z [ RUN      ] ErrorModeTest.PermissiveModeDefinition
2026-01-02T00:09:25.0910945Z [       OK ] ErrorModeTest.PermissiveModeDefinition (0 ms)
2026-01-02T00:09:25.0911429Z [ RUN      ] ErrorModeTest.BestEffortModeDefinition
2026-01-02T00:09:25.0911723Z [       OK ] ErrorModeTest.BestEffortModeDefinition (0 ms)
2026-01-02T00:09:25.0912024Z [----------] 3 tests from ErrorModeTest (0 ms total)
2026-01-02T00:09:25.0912199Z 
2026-01-02T00:09:25.0912279Z [----------] 2 tests from IOUtilTest
2026-01-02T00:09:25.0912526Z [ RUN      ] IOUtilTest.GetCorpusFileNotFound
2026-01-02T00:09:25.0912799Z [       OK ] IOUtilTest.GetCorpusFileNotFound (0 ms)
2026-01-02T00:09:25.0913078Z [ RUN      ] IOUtilTest.GetCorpusInvalidPath
2026-01-02T00:09:25.0913494Z [       OK ] IOUtilTest.GetCorpusInvalidPath (0 ms)
2026-01-02T00:09:25.0913775Z [----------] 2 tests from IOUtilTest (0 ms total)
2026-01-02T00:09:25.0913945Z 
2026-01-02T00:09:25.0914043Z [----------] Global test environment tear-down
2026-01-02T00:09:25.0914301Z [==========] 40 tests from 7 test suites ran. (0 ms total)
2026-01-02T00:09:25.0914549Z [  PASSED  ] 40 tests.
2026-01-02T00:09:25.0935672Z ##[group]Run cd build && ctest --output-on-failure --build-config Debug
2026-01-02T00:09:25.0936125Z [36;1mcd build && ctest --output-on-failure --build-config Debug[0m
2026-01-02T00:09:25.0965418Z shell: /usr/bin/bash -e {0}
2026-01-02T00:09:25.0965635Z ##[endgroup]
2026-01-02T00:09:25.1240352Z Test project /home/runner/work/simdcsv/simdcsv/build
2026-01-02T00:09:25.1407499Z         Start   1: CSVFileTest.SimpleCSVExists
2026-01-02T00:09:25.1473924Z   1/164 Test   #1: CSVFileTest.SimpleCSVExists ..............................   Passed    0.00 sec
2026-01-02T00:09:25.1475823Z         Start   2: CSVFileTest.SimpleCSVStructure
2026-01-02T00:09:25.1494251Z   2/164 Test   #2: CSVFileTest.SimpleCSVStructure ...........................   Passed    0.00 sec
2026-01-02T00:09:25.1495217Z         Start   3: CSVFileTest.SimpleCSVFieldCount
2026-01-02T00:09:25.1513444Z   3/164 Test   #3: CSVFileTest.SimpleCSVFieldCount ..........................   Passed    0.00 sec
2026-01-02T00:09:25.1514458Z         Start   4: CSVFileTest.SimpleNoHeaderExists
2026-01-02T00:09:25.1532460Z   4/164 Test   #4: CSVFileTest.SimpleNoHeaderExists .........................   Passed    0.00 sec
2026-01-02T00:09:25.1533497Z         Start   5: CSVFileTest.SingleColumnExists
2026-01-02T00:09:25.1551846Z   5/164 Test   #5: CSVFileTest.SingleColumnExists ...........................   Passed    0.00 sec
2026-01-02T00:09:25.1552732Z         Start   6: CSVFileTest.WideColumnsExists
2026-01-02T00:09:25.1571218Z   6/164 Test   #6: CSVFileTest.WideColumnsExists ............................   Passed    0.00 sec
2026-01-02T00:09:25.1572133Z         Start   7: CSVFileTest.ManyRowsExists
2026-01-02T00:09:25.1592374Z   7/164 Test   #7: CSVFileTest.ManyRowsExists ...............................   Passed    0.00 sec
2026-01-02T00:09:25.1593305Z         Start   8: CSVFileTest.QuotedFieldsExists
2026-01-02T00:09:25.1611465Z   8/164 Test   #8: CSVFileTest.QuotedFieldsExists ...........................   Passed    0.00 sec
2026-01-02T00:09:25.1612508Z         Start   9: CSVFileTest.QuotedFieldsContainsQuotes
2026-01-02T00:09:25.1631336Z   9/164 Test   #9: CSVFileTest.QuotedFieldsContainsQuotes ...................   Passed    0.00 sec
2026-01-02T00:09:25.1632190Z         Start  10: CSVFileTest.EscapedQuotesExists
2026-01-02T00:09:25.1650549Z  10/164 Test  #10: CSVFileTest.EscapedQuotesExists ..........................   Passed    0.00 sec
2026-01-02T00:09:25.1651883Z         Start  11: CSVFileTest.EscapedQuotesContainsDoubledQuotes
2026-01-02T00:09:25.1671017Z  11/164 Test  #11: CSVFileTest.EscapedQuotesContainsDoubledQuotes ...........   Passed    0.00 sec
2026-01-02T00:09:25.1672274Z         Start  12: CSVFileTest.MixedQuotedExists
2026-01-02T00:09:25.1690432Z  12/164 Test  #12: CSVFileTest.MixedQuotedExists ............................   Passed    0.00 sec
2026-01-02T00:09:25.1691449Z         Start  13: CSVFileTest.EmbeddedSeparatorsExists
2026-01-02T00:09:25.1709224Z  13/164 Test  #13: CSVFileTest.EmbeddedSeparatorsExists .....................   Passed    0.00 sec
2026-01-02T00:09:25.1710036Z         Start  14: CSVFileTest.NewlinesInQuotesExists
2026-01-02T00:09:25.1728585Z  14/164 Test  #14: CSVFileTest.NewlinesInQuotesExists .......................   Passed    0.00 sec
2026-01-02T00:09:25.1730088Z         Start  15: CSVFileTest.NewlinesInQuotesContainsEmbeddedNewlines
2026-01-02T00:09:25.1748464Z  15/164 Test  #15: CSVFileTest.NewlinesInQuotesContainsEmbeddedNewlines .....   Passed    0.00 sec
2026-01-02T00:09:25.1749352Z         Start  16: CSVFileTest.SemicolonSeparatorExists
2026-01-02T00:09:25.1767397Z  16/164 Test  #16: CSVFileTest.SemicolonSeparatorExists .....................   Passed    0.00 sec
2026-01-02T00:09:25.1768270Z         Start  17: CSVFileTest.SemicolonSeparatorHasSemicolons
2026-01-02T00:09:25.1785969Z  17/164 Test  #17: CSVFileTest.SemicolonSeparatorHasSemicolons ..............   Passed    0.00 sec
2026-01-02T00:09:25.1787102Z         Start  18: CSVFileTest.TabSeparatorExists
2026-01-02T00:09:25.1805707Z  18/164 Test  #18: CSVFileTest.TabSeparatorExists ...........................   Passed    0.00 sec
2026-01-02T00:09:25.1806522Z         Start  19: CSVFileTest.TabSeparatorHasTabs
2026-01-02T00:09:25.1824205Z  19/164 Test  #19: CSVFileTest.TabSeparatorHasTabs ..........................   Passed    0.00 sec
2026-01-02T00:09:25.1825036Z         Start  20: CSVFileTest.PipeSeparatorExists
2026-01-02T00:09:25.1843492Z  20/164 Test  #20: CSVFileTest.PipeSeparatorExists ..........................   Passed    0.00 sec
2026-01-02T00:09:25.1844503Z         Start  21: CSVFileTest.PipeSeparatorHasPipes
2026-01-02T00:09:25.1863461Z  21/164 Test  #21: CSVFileTest.PipeSeparatorHasPipes ........................   Passed    0.00 sec
2026-01-02T00:09:25.1864283Z         Start  22: CSVFileTest.EmptyFieldsExists
2026-01-02T00:09:25.1882171Z  22/164 Test  #22: CSVFileTest.EmptyFieldsExists ............................   Passed    0.00 sec
2026-01-02T00:09:25.1883229Z         Start  23: CSVFileTest.EmptyFieldsContainsConsecutiveCommas
2026-01-02T00:09:25.1901736Z  23/164 Test  #23: CSVFileTest.EmptyFieldsContainsConsecutiveCommas .........   Passed    0.00 sec
2026-01-02T00:09:25.1902604Z         Start  24: CSVFileTest.SingleCellExists
2026-01-02T00:09:25.1920388Z  24/164 Test  #24: CSVFileTest.SingleCellExists .............................   Passed    0.00 sec
2026-01-02T00:09:25.1921500Z         Start  25: CSVFileTest.SingleRowHeaderOnlyExists
2026-01-02T00:09:25.1939407Z  25/164 Test  #25: CSVFileTest.SingleRowHeaderOnlyExists ....................   Passed    0.00 sec
2026-01-02T00:09:25.1940206Z         Start  26: CSVFileTest.EmptyFileExists
2026-01-02T00:09:25.1958016Z  26/164 Test  #26: CSVFileTest.EmptyFileExists ..............................   Passed    0.00 sec
2026-01-02T00:09:25.1958787Z         Start  27: CSVFileTest.EmptyFileIsEmpty
2026-01-02T00:09:25.1981407Z  27/164 Test  #27: CSVFileTest.EmptyFileIsEmpty .............................   Passed    0.00 sec
2026-01-02T00:09:25.1982189Z         Start  28: CSVFileTest.WhitespaceFieldsExists
2026-01-02T00:09:25.1997842Z  28/164 Test  #28: CSVFileTest.WhitespaceFieldsExists .......................   Passed    0.00 sec
2026-01-02T00:09:25.1998785Z         Start  29: CSVFileTest.CRLFLineEndingsExists
2026-01-02T00:09:25.2017726Z  29/164 Test  #29: CSVFileTest.CRLFLineEndingsExists ........................   Passed    0.00 sec
2026-01-02T00:09:25.2018691Z         Start  30: CSVFileTest.CRLFLineEndingsHasCRLF
2026-01-02T00:09:25.2036762Z  30/164 Test  #30: CSVFileTest.CRLFLineEndingsHasCRLF .......................   Passed    0.00 sec
2026-01-02T00:09:25.2037591Z         Start  31: CSVFileTest.LFLineEndingsExists
2026-01-02T00:09:25.2056349Z  31/164 Test  #31: CSVFileTest.LFLineEndingsExists ..........................   Passed    0.00 sec
2026-01-02T00:09:25.2057276Z         Start  32: CSVFileTest.CRLineEndingsExists
2026-01-02T00:09:25.2074713Z  32/164 Test  #32: CSVFileTest.CRLineEndingsExists ..........................   Passed    0.00 sec
2026-01-02T00:09:25.2075549Z         Start  33: CSVFileTest.CRLineEndingsHasCR
2026-01-02T00:09:25.2093478Z  33/164 Test  #33: CSVFileTest.CRLineEndingsHasCR ...........................   Passed    0.00 sec
2026-01-02T00:09:25.2094408Z         Start  34: CSVFileTest.NoFinalNewlineExists
2026-01-02T00:09:25.2112025Z  34/164 Test  #34: CSVFileTest.NoFinalNewlineExists .........................   Passed    0.00 sec
2026-01-02T00:09:25.2112926Z         Start  35: CSVFileTest.NoFinalNewlineEndsWithoutNewline
2026-01-02T00:09:25.2131907Z  35/164 Test  #35: CSVFileTest.NoFinalNewlineEndsWithoutNewline .............   Passed    0.00 sec
2026-01-02T00:09:25.2132785Z         Start  36: CSVFileTest.FinancialDataExists
2026-01-02T00:09:25.2150087Z  36/164 Test  #36: CSVFileTest.FinancialDataExists ..........................   Passed    0.00 sec
2026-01-02T00:09:25.2150895Z         Start  37: CSVFileTest.FinancialDataHasExpectedColumns
2026-01-02T00:09:25.2170149Z  37/164 Test  #37: CSVFileTest.FinancialDataHasExpectedColumns ..............   Passed    0.00 sec
2026-01-02T00:09:25.2171372Z         Start  38: CSVFileTest.ContactsDataExists
2026-01-02T00:09:25.2189884Z  38/164 Test  #38: CSVFileTest.ContactsDataExists ...........................   Passed    0.00 sec
2026-01-02T00:09:25.2190802Z         Start  39: CSVFileTest.UnicodeDataExists
2026-01-02T00:09:25.2208842Z  39/164 Test  #39: CSVFileTest.UnicodeDataExists ............................   Passed    0.00 sec
2026-01-02T00:09:25.2209717Z         Start  40: CSVFileTest.UnicodeDataContainsUTF8
2026-01-02T00:09:25.2228510Z  40/164 Test  #40: CSVFileTest.UnicodeDataContainsUTF8 ......................   Passed    0.00 sec
2026-01-02T00:09:25.2229418Z         Start  41: CSVFileTest.ProductCatalogExists
2026-01-02T00:09:25.2246925Z  41/164 Test  #41: CSVFileTest.ProductCatalogExists .........................   Passed    0.00 sec
2026-01-02T00:09:25.2247660Z         Start  42: CSVFileTest.AllTestFilesPresent
2026-01-02T00:09:25.2265864Z  42/164 Test  #42: CSVFileTest.AllTestFilesPresent ..........................   Passed    0.00 sec
2026-01-02T00:09:25.2266632Z         Start  43: ErrorHandlingTest.ErrorCodeToString
2026-01-02T00:09:25.2284652Z  43/164 Test  #43: ErrorHandlingTest.ErrorCodeToString ......................   Passed    0.00 sec
2026-01-02T00:09:25.2285667Z         Start  44: ErrorHandlingTest.ErrorSeverityToString
2026-01-02T00:09:25.2304807Z  44/164 Test  #44: ErrorHandlingTest.ErrorSeverityToString ..................   Passed    0.00 sec
2026-01-02T00:09:25.2305621Z         Start  45: ParseErrorTest.Construction
2026-01-02T00:09:25.2323142Z  45/164 Test  #45: ParseErrorTest.Construction ..............................   Passed    0.00 sec
2026-01-02T00:09:25.2323860Z         Start  46: ParseErrorTest.ToString
2026-01-02T00:09:25.2341491Z  46/164 Test  #46: ParseErrorTest.ToString ..................................   Passed    0.00 sec
2026-01-02T00:09:25.2342310Z         Start  47: ErrorCollectorTest.DefaultMode
2026-01-02T00:09:25.2359693Z  47/164 Test  #47: ErrorCollectorTest.DefaultMode ...........................   Passed    0.00 sec
2026-01-02T00:09:25.2360434Z         Start  48: ErrorCollectorTest.AddError
2026-01-02T00:09:25.2378450Z  48/164 Test  #48: ErrorCollectorTest.AddError ..............................   Passed    0.00 sec
2026-01-02T00:09:25.2379232Z         Start  49: ErrorCollectorTest.AddErrorConvenience
2026-01-02T00:09:25.2396850Z  49/164 Test  #49: ErrorCollectorTest.AddErrorConvenience ...................   Passed    0.00 sec
2026-01-02T00:09:25.2397711Z         Start  50: ErrorCollectorTest.StrictModeStopsOnFirstError
2026-01-02T00:09:25.2416279Z  50/164 Test  #50: ErrorCollectorTest.StrictModeStopsOnFirstError ...........   Passed    0.00 sec
2026-01-02T00:09:25.2417247Z         Start  51: ErrorCollectorTest.PermissiveModeAllowsNonFatalErrors
2026-01-02T00:09:25.2435953Z  51/164 Test  #51: ErrorCollectorTest.PermissiveModeAllowsNonFatalErrors ....   Passed    0.00 sec
2026-01-02T00:09:25.2436910Z         Start  52: ErrorCollectorTest.FatalErrorStopsEvenInPermissiveMode
2026-01-02T00:09:25.2454617Z  52/164 Test  #52: ErrorCollectorTest.FatalErrorStopsEvenInPermissiveMode ...   Passed    0.00 sec
2026-01-02T00:09:25.2455455Z         Start  53: ErrorCollectorTest.WarningsDontStopParsing
2026-01-02T00:09:25.2474596Z  53/164 Test  #53: ErrorCollectorTest.WarningsDontStopParsing ...............   Passed    0.00 sec
2026-01-02T00:09:25.2475441Z         Start  54: ErrorCollectorTest.MultipleErrors
2026-01-02T00:09:25.2493919Z  54/164 Test  #54: ErrorCollectorTest.MultipleErrors ........................   Passed    0.00 sec
2026-01-02T00:09:25.2494629Z         Start  55: ErrorCollectorTest.Clear
2026-01-02T00:09:25.2512380Z  55/164 Test  #55: ErrorCollectorTest.Clear .................................   Passed    0.00 sec
2026-01-02T00:09:25.2513181Z         Start  56: ErrorCollectorTest.Summary
2026-01-02T00:09:25.2530659Z  56/164 Test  #56: ErrorCollectorTest.Summary ...............................   Passed    0.00 sec
2026-01-02T00:09:25.2531664Z         Start  57: ErrorCollectorTest.SummaryWithFatal
2026-01-02T00:09:25.2550609Z  57/164 Test  #57: ErrorCollectorTest.SummaryWithFatal ......................   Passed    0.00 sec
2026-01-02T00:09:25.2551420Z         Start  58: ErrorCollectorTest.EmptySummary
2026-01-02T00:09:25.2569211Z  58/164 Test  #58: ErrorCollectorTest.EmptySummary ..........................   Passed    0.00 sec
2026-01-02T00:09:25.2570041Z         Start  59: ParseExceptionTest.SingleError
2026-01-02T00:09:25.2588690Z  59/164 Test  #59: ParseExceptionTest.SingleError ...........................   Passed    0.00 sec
2026-01-02T00:09:25.2589567Z         Start  60: ParseExceptionTest.MultipleErrors
2026-01-02T00:09:25.2608421Z  60/164 Test  #60: ParseExceptionTest.MultipleErrors ........................   Passed    0.00 sec
2026-01-02T00:09:25.2609309Z         Start  61: MalformedCSVTest.UnclosedQuoteExists
2026-01-02T00:09:25.2627427Z  61/164 Test  #61: MalformedCSVTest.UnclosedQuoteExists .....................   Passed    0.00 sec
2026-01-02T00:09:25.2628304Z         Start  62: MalformedCSVTest.UnclosedQuoteEOFExists
2026-01-02T00:09:25.2647683Z  62/164 Test  #62: MalformedCSVTest.UnclosedQuoteEOFExists ..................   Passed    0.00 sec
2026-01-02T00:09:25.2648696Z         Start  63: MalformedCSVTest.QuoteInUnquotedFieldExists
2026-01-02T00:09:25.2668659Z  63/164 Test  #63: MalformedCSVTest.QuoteInUnquotedFieldExists ..............   Passed    0.00 sec
2026-01-02T00:09:25.2669499Z         Start  64: MalformedCSVTest.InconsistentColumnsExists
2026-01-02T00:09:25.2688733Z  64/164 Test  #64: MalformedCSVTest.InconsistentColumnsExists ...............   Passed    0.00 sec
2026-01-02T00:09:25.2689671Z         Start  65: MalformedCSVTest.InconsistentColumnsAllRowsExists
2026-01-02T00:09:25.2709009Z  65/164 Test  #65: MalformedCSVTest.InconsistentColumnsAllRowsExists ........   Passed    0.00 sec
2026-01-02T00:09:25.2709894Z         Start  66: MalformedCSVTest.InvalidQuoteEscapeExists
2026-01-02T00:09:25.2729337Z  66/164 Test  #66: MalformedCSVTest.InvalidQuoteEscapeExists ................   Passed    0.00 sec
2026-01-02T00:09:25.2730254Z         Start  67: MalformedCSVTest.EmptyHeaderExists
2026-01-02T00:09:25.2748831Z  67/164 Test  #67: MalformedCSVTest.EmptyHeaderExists .......................   Passed    0.00 sec
2026-01-02T00:09:25.2749627Z         Start  68: MalformedCSVTest.DuplicateColumnNamesExists
2026-01-02T00:09:25.2767962Z  68/164 Test  #68: MalformedCSVTest.DuplicateColumnNamesExists ..............   Passed    0.00 sec
2026-01-02T00:09:25.2768779Z         Start  69: MalformedCSVTest.TrailingQuoteExists
2026-01-02T00:09:25.2788084Z  69/164 Test  #69: MalformedCSVTest.TrailingQuoteExists .....................   Passed    0.00 sec
2026-01-02T00:09:25.2788960Z         Start  70: MalformedCSVTest.QuoteNotAtStartExists
2026-01-02T00:09:25.2807666Z  70/164 Test  #70: MalformedCSVTest.QuoteNotAtStartExists ...................   Passed    0.00 sec
2026-01-02T00:09:25.2808487Z         Start  71: MalformedCSVTest.MultipleErrorsExists
2026-01-02T00:09:25.2827713Z  71/164 Test  #71: MalformedCSVTest.MultipleErrorsExists ....................   Passed    0.00 sec
2026-01-02T00:09:25.2828631Z         Start  72: MalformedCSVTest.MixedLineEndingsExists
2026-01-02T00:09:25.2847883Z  72/164 Test  #72: MalformedCSVTest.MixedLineEndingsExists ..................   Passed    0.00 sec
2026-01-02T00:09:25.2848754Z         Start  73: MalformedCSVTest.NullByteExists
2026-01-02T00:09:25.2866902Z  73/164 Test  #73: MalformedCSVTest.NullByteExists ..........................   Passed    0.00 sec
2026-01-02T00:09:25.2867676Z         Start  74: MalformedCSVTest.TripleQuoteExists
2026-01-02T00:09:25.2885746Z  74/164 Test  #74: MalformedCSVTest.TripleQuoteExists .......................   Passed    0.00 sec
2026-01-02T00:09:25.2886590Z         Start  75: MalformedCSVTest.UnescapedQuoteInQuotedExists
2026-01-02T00:09:25.2905837Z  75/164 Test  #75: MalformedCSVTest.UnescapedQuoteInQuotedExists ............   Passed    0.00 sec
2026-01-02T00:09:25.2906687Z         Start  76: MalformedCSVTest.QuoteAfterDataExists
2026-01-02T00:09:25.2926152Z  76/164 Test  #76: MalformedCSVTest.QuoteAfterDataExists ....................   Passed    0.00 sec
2026-01-02T00:09:25.2926973Z         Start  77: MalformedCSVTest.AllMalformedFilesPresent
2026-01-02T00:09:25.2946330Z  77/164 Test  #77: MalformedCSVTest.AllMalformedFilesPresent ................   Passed    0.00 sec
2026-01-02T00:09:25.2947198Z         Start  78: ErrorModeTest.StrictModeDefinition
2026-01-02T00:09:25.2966502Z  78/164 Test  #78: ErrorModeTest.StrictModeDefinition .......................   Passed    0.00 sec
2026-01-02T00:09:25.2967392Z         Start  79: ErrorModeTest.PermissiveModeDefinition
2026-01-02T00:09:25.2984859Z  79/164 Test  #79: ErrorModeTest.PermissiveModeDefinition ...................   Passed    0.00 sec
2026-01-02T00:09:25.2985667Z         Start  80: ErrorModeTest.BestEffortModeDefinition
2026-01-02T00:09:25.3004286Z  80/164 Test  #80: ErrorModeTest.BestEffortModeDefinition ...................   Passed    0.00 sec
2026-01-02T00:09:25.3005106Z         Start  81: IOUtilTest.GetCorpusFileNotFound
2026-01-02T00:09:25.3024230Z  81/164 Test  #81: IOUtilTest.GetCorpusFileNotFound .........................   Passed    0.00 sec
2026-01-02T00:09:25.3025150Z         Start  82: IOUtilTest.GetCorpusInvalidPath
2026-01-02T00:09:25.3045001Z  82/164 Test  #82: IOUtilTest.GetCorpusInvalidPath ..........................   Passed    0.00 sec
2026-01-02T00:09:25.3045723Z         Start  83: CSVParserTest.ParseSimpleCSV
2026-01-02T00:09:25.3065279Z  83/164 Test  #83: CSVParserTest.ParseSimpleCSV .............................   Passed    0.00 sec
2026-01-02T00:09:25.3066052Z         Start  84: CSVParserTest.ParseSimpleCSVColumnCount
2026-01-02T00:09:25.3086842Z  84/164 Test  #84: CSVParserTest.ParseSimpleCSVColumnCount ..................   Passed    0.00 sec
2026-01-02T00:09:25.3087728Z         Start  85: CSVParserTest.ParseWideColumnsCSV
2026-01-02T00:09:25.3107799Z  85/164 Test  #85: CSVParserTest.ParseWideColumnsCSV ........................   Passed    0.00 sec
2026-01-02T00:09:25.3108660Z         Start  86: CSVParserTest.ParseSingleColumnCSV
2026-01-02T00:09:25.3128783Z  86/164 Test  #86: CSVParserTest.ParseSingleColumnCSV .......................   Passed    0.00 sec
2026-01-02T00:09:25.3129536Z         Start  87: CSVParserTest.ParseQuotedFieldsCSV
2026-01-02T00:09:25.3148490Z  87/164 Test  #87: CSVParserTest.ParseQuotedFieldsCSV .......................   Passed    0.00 sec
2026-01-02T00:09:25.3149289Z         Start  88: CSVParserTest.ParseEscapedQuotesCSV
2026-01-02T00:09:25.3169127Z  88/164 Test  #88: CSVParserTest.ParseEscapedQuotesCSV ......................   Passed    0.00 sec
2026-01-02T00:09:25.3170003Z         Start  89: CSVParserTest.ParseNewlinesInQuotesCSV
2026-01-02T00:09:25.3189919Z  89/164 Test  #89: CSVParserTest.ParseNewlinesInQuotesCSV ...................   Passed    0.00 sec
2026-01-02T00:09:25.3190994Z         Start  90: CSVParserTest.ParseFinancialDataCSV
2026-01-02T00:09:25.3210377Z  90/164 Test  #90: CSVParserTest.ParseFinancialDataCSV ......................   Passed    0.00 sec
2026-01-02T00:09:25.3211376Z         Start  91: CSVParserTest.ParseUnicodeCSV
2026-01-02T00:09:25.3230489Z  91/164 Test  #91: CSVParserTest.ParseUnicodeCSV ............................   Passed    0.00 sec
2026-01-02T00:09:25.3231482Z         Start  92: CSVParserTest.ParseEmptyFieldsCSV
2026-01-02T00:09:25.3250131Z  92/164 Test  #92: CSVParserTest.ParseEmptyFieldsCSV ........................   Passed    0.00 sec
2026-01-02T00:09:25.3251260Z         Start  93: CSVParserTest.IndexStructureValid
2026-01-02T00:09:25.3270363Z  93/164 Test  #93: CSVParserTest.IndexStructureValid ........................   Passed    0.00 sec
2026-01-02T00:09:25.3271452Z         Start  94: CSVParserTest.MultiThreadedParsing
2026-01-02T00:09:25.3292705Z  94/164 Test  #94: CSVParserTest.MultiThreadedParsing .......................   Passed    0.00 sec
2026-01-02T00:09:25.3293831Z         Start  95: CSVParserTest.ParseMalformedUnclosedQuote
2026-01-02T00:09:25.3313687Z  95/164 Test  #95: CSVParserTest.ParseMalformedUnclosedQuote ................   Passed    0.00 sec
2026-01-02T00:09:25.3314465Z         Start  96: CSVParserTest.ParseMalformedUnclosedQuoteEOF
2026-01-02T00:09:25.3333407Z  96/164 Test  #96: CSVParserTest.ParseMalformedUnclosedQuoteEOF .............   Passed    0.00 sec
2026-01-02T00:09:25.3334311Z         Start  97: CSVParserTest.ParseMalformedQuoteInUnquotedField
2026-01-02T00:09:25.3354042Z  97/164 Test  #97: CSVParserTest.ParseMalformedQuoteInUnquotedField .........   Passed    0.00 sec
2026-01-02T00:09:25.3354908Z         Start  98: CSVParserTest.ParseMalformedInconsistentColumns
2026-01-02T00:09:25.3373827Z  98/164 Test  #98: CSVParserTest.ParseMalformedInconsistentColumns ..........   Passed    0.00 sec
2026-01-02T00:09:25.3374711Z         Start  99: CSVParserTest.ParseMalformedTripleQuote
2026-01-02T00:09:25.3394253Z  99/164 Test  #99: CSVParserTest.ParseMalformedTripleQuote ..................   Passed    0.00 sec
2026-01-02T00:09:25.3395071Z         Start 100: CSVParserTest.ParseMalformedMixedLineEndings
2026-01-02T00:09:25.3413901Z 100/164 Test #100: CSVParserTest.ParseMalformedMixedLineEndings .............   Passed    0.00 sec
2026-01-02T00:09:25.3414803Z         Start 101: CSVParserTest.ParseMalformedNullByte
2026-01-02T00:09:25.3433744Z 101/164 Test #101: CSVParserTest.ParseMalformedNullByte .....................   Passed    0.00 sec
2026-01-02T00:09:25.3434658Z         Start 102: CSVParserTest.ParseMalformedMultipleErrors
2026-01-02T00:09:25.3454237Z 102/164 Test #102: CSVParserTest.ParseMalformedMultipleErrors ...............   Passed    0.00 sec
2026-01-02T00:09:25.3455247Z         Start 103: CSVParserTest.ParseEmptyQuotedFields
2026-01-02T00:09:25.3474837Z 103/164 Test #103: CSVParserTest.ParseEmptyQuotedFields .....................   Passed    0.00 sec
2026-01-02T00:09:25.3475803Z         Start 104: CSVParserTest.ParseSingleQuoteCharacter
2026-01-02T00:09:25.3494906Z 104/164 Test #104: CSVParserTest.ParseSingleQuoteCharacter ..................   Passed    0.00 sec
2026-01-02T00:09:25.3495814Z         Start 105: CSVParserTest.ParseOnlyQuotes
2026-01-02T00:09:25.3514756Z 105/164 Test #105: CSVParserTest.ParseOnlyQuotes ............................   Passed    0.00 sec
2026-01-02T00:09:25.3515639Z         Start 106: CSVParserTest.ParseAlternatingQuotedUnquoted
2026-01-02T00:09:25.3534818Z 106/164 Test #106: CSVParserTest.ParseAlternatingQuotedUnquoted .............   Passed    0.00 sec
2026-01-02T00:09:25.3535743Z         Start 107: CSVParserTest.ParseOnlyDelimiters
2026-01-02T00:09:25.3555149Z 107/164 Test #107: CSVParserTest.ParseOnlyDelimiters ........................   Passed    0.00 sec
2026-01-02T00:09:25.3556009Z         Start 108: CSVParserTest.ParseConsecutiveQuotes
2026-01-02T00:09:25.3575100Z 108/164 Test #108: CSVParserTest.ParseConsecutiveQuotes .....................   Passed    0.00 sec
2026-01-02T00:09:25.3575997Z         Start 109: CSVParserTest.ParseQuoteCommaQuoteSequence
2026-01-02T00:09:25.3595473Z 109/164 Test #109: CSVParserTest.ParseQuoteCommaQuoteSequence ...............   Passed    0.00 sec
2026-01-02T00:09:25.3596431Z         Start 110: CSVParserTest.ParseDeeplyNestedQuotes
2026-01-02T00:09:25.3615440Z 110/164 Test #110: CSVParserTest.ParseDeeplyNestedQuotes ....................   Passed    0.00 sec
2026-01-02T00:09:25.3616293Z         Start 111: CSVParserTest.ParseTruncatedRow
2026-01-02T00:09:25.3635861Z 111/164 Test #111: CSVParserTest.ParseTruncatedRow ..........................   Passed    0.00 sec
2026-01-02T00:09:25.3636694Z         Start 112: CSVParserTest.ParseVeryLongField
2026-01-02T00:09:25.3776003Z 112/164 Test #112: CSVParserTest.ParseVeryLongField .........................   Passed    0.01 sec
2026-01-02T00:09:25.3776854Z         Start 113: CSVParserTest.ParseVeryWideCSV
2026-01-02T00:09:25.3799891Z 113/164 Test #113: CSVParserTest.ParseVeryWideCSV ...........................   Passed    0.00 sec
2026-01-02T00:09:25.3800735Z         Start 114: CSVParserTest.ParseManyRowsWithQuotes
2026-01-02T00:09:25.3885329Z 114/164 Test #114: CSVParserTest.ParseManyRowsWithQuotes ....................   Passed    0.01 sec
2026-01-02T00:09:25.3886229Z         Start 115: CSVParserTest.ParseAllQuotedFields
2026-01-02T00:09:25.3903821Z 115/164 Test #115: CSVParserTest.ParseAllQuotedFields .......................   Passed    0.00 sec
2026-01-02T00:09:25.3904763Z         Start 116: CSVParserTest.ParseQuotedFieldWithEmbeddedNewlines
2026-01-02T00:09:25.3927061Z 116/164 Test #116: CSVParserTest.ParseQuotedFieldWithEmbeddedNewlines .......   Passed    0.00 sec
2026-01-02T00:09:25.3928027Z         Start 117: CSVParserTest.ParseMultiThreadedMalformed
2026-01-02T00:09:25.3947872Z 117/164 Test #117: CSVParserTest.ParseMultiThreadedMalformed ................   Passed    0.00 sec
2026-01-02T00:09:25.3948795Z         Start 118: CSVParserTest.ParseQuoteOtherPattern
2026-01-02T00:09:25.3968447Z 118/164 Test #118: CSVParserTest.ParseQuoteOtherPattern .....................   Passed    0.00 sec
2026-01-02T00:09:25.3969324Z         Start 119: CSVParserTest.ParseOtherQuotePattern
2026-01-02T00:09:25.3989337Z 119/164 Test #119: CSVParserTest.ParseOtherQuotePattern .....................   Passed    0.00 sec
2026-01-02T00:09:25.3990244Z         Start 120: CSVParserTest.ParseVeryLargeMultiThreaded
2026-01-02T00:09:25.4352992Z 120/164 Test #120: CSVParserTest.ParseVeryLargeMultiThreaded ................   Passed    0.04 sec
2026-01-02T00:09:25.4353880Z         Start 121: CSVParserTest.ParseNoNewlineAtAll
2026-01-02T00:09:25.4376202Z 121/164 Test #121: CSVParserTest.ParseNoNewlineAtAll ........................   Passed    0.00 sec
2026-01-02T00:09:25.4377093Z         Start 122: CSVParserTest.ParseQuotedFieldNoNewline
2026-01-02T00:09:25.4397073Z 122/164 Test #122: CSVParserTest.ParseQuotedFieldNoNewline ..................   Passed    0.00 sec
2026-01-02T00:09:25.4397987Z         Start 123: CSVParserTest.ParseComplexQuoteSequences
2026-01-02T00:09:25.4417851Z 123/164 Test #123: CSVParserTest.ParseComplexQuoteSequences .................   Passed    0.00 sec
2026-01-02T00:09:25.4418787Z         Start 124: CSVParserTest.ParseLargeFieldSpanningChunks
2026-01-02T00:09:25.4450665Z 124/164 Test #124: CSVParserTest.ParseLargeFieldSpanningChunks ..............   Passed    0.00 sec
2026-01-02T00:09:25.4452160Z         Start 125: CSVParserTest.ParseMixedQuotePatternsMultiThread
2026-01-02T00:09:25.4530547Z 125/164 Test #125: CSVParserTest.ParseMixedQuotePatternsMultiThread .........   Passed    0.01 sec
2026-01-02T00:09:25.4531530Z         Start 126: CSVParserTest.ParseSemicolonSeparator
2026-01-02T00:09:25.4551923Z 126/164 Test #126: CSVParserTest.ParseSemicolonSeparator ....................   Passed    0.00 sec
2026-01-02T00:09:25.4552716Z         Start 127: CSVParserTest.ParseTabSeparator
2026-01-02T00:09:25.4572613Z 127/164 Test #127: CSVParserTest.ParseTabSeparator ..........................   Passed    0.00 sec
2026-01-02T00:09:25.4573362Z         Start 128: CSVParserTest.ParsePipeSeparator
2026-01-02T00:09:25.4593836Z 128/164 Test #128: CSVParserTest.ParsePipeSeparator .........................   Passed    0.00 sec
2026-01-02T00:09:25.4594680Z         Start 129: CSVParserTest.ParseCRLFLineEndings
2026-01-02T00:09:25.4614663Z 129/164 Test #129: CSVParserTest.ParseCRLFLineEndings .......................   Passed    0.00 sec
2026-01-02T00:09:25.4615557Z         Start 130: CSVParserTest.ParseCRLineEndings
2026-01-02T00:09:25.4634864Z 130/164 Test #130: CSVParserTest.ParseCRLineEndings .........................   Passed    0.00 sec
2026-01-02T00:09:25.4635798Z         Start 131: CSVParserTest.ParseLFLineEndings
2026-01-02T00:09:25.4655084Z 131/164 Test #131: CSVParserTest.ParseLFLineEndings .........................   Passed    0.00 sec
2026-01-02T00:09:25.4655834Z         Start 132: CSVParserTest.ParseNoFinalNewline
2026-01-02T00:09:25.4675124Z 132/164 Test #132: CSVParserTest.ParseNoFinalNewline ........................   Passed    0.00 sec
2026-01-02T00:09:25.4675868Z         Start 133: CSVParserTest.Parse8Threads
2026-01-02T00:09:25.5679722Z 133/164 Test #133: CSVParserTest.Parse8Threads ..............................Subprocess aborted***Exception:   0.10 sec
2026-01-02T00:09:25.5680797Z Note: Google Test filter = CSVParserTest.Parse8Threads
2026-01-02T00:09:25.5681599Z [==========] Running 1 test from 1 test suite.
2026-01-02T00:09:25.5685082Z [----------] Global test environment set-up.
2026-01-02T00:09:25.5685546Z [----------] 1 test from CSVParserTest
2026-01-02T00:09:25.5685981Z [ RUN      ] CSVParserTest.Parse8Threads
2026-01-02T00:09:25.5686515Z corrupted size vs. prev_size
2026-01-02T00:09:25.5686771Z 
2026-01-02T00:09:25.5686991Z         Start 134: CSVParserTest.Parse16ThreadsLargeData
2026-01-02T00:09:25.5744443Z 134/164 Test #134: CSVParserTest.Parse16ThreadsLargeData ....................   Passed    0.01 sec
2026-01-02T00:09:25.5745748Z         Start 135: CSVParserTest.ParseQuotedFieldsMultiThreaded
2026-01-02T00:09:25.5769683Z 135/164 Test #135: CSVParserTest.ParseQuotedFieldsMultiThreaded .............   Passed    0.00 sec
2026-01-02T00:09:25.5770723Z         Start 136: CSVParserTest.ParseEscapedQuotesMultiThreaded
2026-01-02T00:09:25.5799515Z 136/164 Test #136: CSVParserTest.ParseEscapedQuotesMultiThreaded ............   Passed    0.00 sec
2026-01-02T00:09:25.5800642Z         Start 137: CSVParserTest.ParseNewlinesInQuotesMultiThreaded
2026-01-02T00:09:25.5825448Z 137/164 Test #137: CSVParserTest.ParseNewlinesInQuotesMultiThreaded .........   Passed    0.00 sec
2026-01-02T00:09:25.5826296Z         Start 138: CSVParserTest.ParseEmptyFile
2026-01-02T00:09:25.5849726Z 138/164 Test #138: CSVParserTest.ParseEmptyFile .............................   Passed    0.00 sec
2026-01-02T00:09:25.5850549Z         Start 139: CSVParserTest.ParseSingleCell
2026-01-02T00:09:25.5871487Z 139/164 Test #139: CSVParserTest.ParseSingleCell ............................   Passed    0.00 sec
2026-01-02T00:09:25.5878314Z         Start 140: CSVParserTest.ParseSingleRowHeaderOnly
2026-01-02T00:09:25.5898742Z 140/164 Test #140: CSVParserTest.ParseSingleRowHeaderOnly ...................   Passed    0.00 sec
2026-01-02T00:09:25.5899603Z         Start 141: CSVParserTest.ParseWhitespaceFields
2026-01-02T00:09:25.5920872Z 141/164 Test #141: CSVParserTest.ParseWhitespaceFields ......................   Passed    0.00 sec
2026-01-02T00:09:25.5922050Z         Start 142: CSVParserTest.ParseSingleNewline
2026-01-02T00:09:25.5942456Z 142/164 Test #142: CSVParserTest.ParseSingleNewline .........................   Passed    0.00 sec
2026-01-02T00:09:25.5943260Z         Start 143: CSVParserTest.ParseMultipleNewlines
2026-01-02T00:09:25.5962890Z 143/164 Test #143: CSVParserTest.ParseMultipleNewlines ......................   Passed    0.00 sec
2026-01-02T00:09:25.5963679Z         Start 144: CSVParserTest.ParseSingleComma
2026-01-02T00:09:25.5983285Z 144/164 Test #144: CSVParserTest.ParseSingleComma ...........................   Passed    0.00 sec
2026-01-02T00:09:25.5984096Z         Start 145: CSVParserTest.ParseSmallDataMultiThreaded
2026-01-02T00:09:25.6010495Z 145/164 Test #145: CSVParserTest.ParseSmallDataMultiThreaded ................   Passed    0.00 sec
2026-01-02T00:09:25.6011550Z         Start 146: CSVParserTest.ParseOddThreadCount
2026-01-02T00:09:25.6035031Z 146/164 Test #146: CSVParserTest.ParseOddThreadCount ........................   Passed    0.00 sec
2026-01-02T00:09:25.6036030Z         Start 147: CSVParserTest.ParseVariedFieldLengths
2026-01-02T00:09:25.6056044Z 147/164 Test #147: CSVParserTest.ParseVariedFieldLengths ....................   Passed    0.00 sec
2026-01-02T00:09:25.6056890Z         Start 148: CSVParserTest.ParseAlternatingEmptyFields
2026-01-02T00:09:25.6076749Z 148/164 Test #148: CSVParserTest.ParseAlternatingEmptyFields ................   Passed    0.00 sec
2026-01-02T00:09:25.6077576Z         Start 149: CSVParserTest.ParseQuoteAtEndOfLine
2026-01-02T00:09:25.6097004Z 149/164 Test #149: CSVParserTest.ParseQuoteAtEndOfLine ......................   Passed    0.00 sec
2026-01-02T00:09:25.6097817Z         Start 150: CSVParserTest.ParseMixedCRLFAndLF
2026-01-02T00:09:25.6117817Z 150/164 Test #150: CSVParserTest.ParseMixedCRLFAndLF ........................   Passed    0.00 sec
2026-01-02T00:09:25.6118604Z         Start 151: CSVParserTest.ParseDataAligned64
2026-01-02T00:09:25.6138123Z 151/164 Test #151: CSVParserTest.ParseDataAligned64 .........................   Passed    0.00 sec
2026-01-02T00:09:25.6139721Z         Start 152: CSVParserTest.ParseDataUnaligned
2026-01-02T00:09:25.6158777Z 152/164 Test #152: CSVParserTest.ParseDataUnaligned .........................   Passed    0.00 sec
2026-01-02T00:09:25.6160356Z         Start 153: CSVParserTest.ParseData63Bytes
2026-01-02T00:09:25.6181633Z 153/164 Test #153: CSVParserTest.ParseData63Bytes ...........................   Passed    0.00 sec
2026-01-02T00:09:25.6182437Z         Start 154: CSVParserTest.ParseData65Bytes
2026-01-02T00:09:25.6203423Z 154/164 Test #154: CSVParserTest.ParseData65Bytes ...........................   Passed    0.00 sec
2026-01-02T00:09:25.6204246Z         Start 155: CSVParserTest.ParseData128Bytes
2026-01-02T00:09:25.6225429Z 155/164 Test #155: CSVParserTest.ParseData128Bytes ..........................   Passed    0.00 sec
2026-01-02T00:09:25.6226353Z         Start 156: CSVParserTest.ParseQuoteAtFieldStart
2026-01-02T00:09:25.6246837Z 156/164 Test #156: CSVParserTest.ParseQuoteAtFieldStart .....................   Passed    0.00 sec
2026-01-02T00:09:25.6247938Z         Start 157: CSVParserTest.ParseQuoteNotAtFieldStart
2026-01-02T00:09:25.6269183Z 157/164 Test #157: CSVParserTest.ParseQuoteNotAtFieldStart ..................   Passed    0.00 sec
2026-01-02T00:09:25.6270038Z         Start 158: CSVParserTest.ParseQuoteAfterComma
2026-01-02T00:09:25.6291411Z 158/164 Test #158: CSVParserTest.ParseQuoteAfterComma .......................   Passed    0.00 sec
2026-01-02T00:09:25.6292259Z         Start 159: CSVParserTest.ParseQuoteBeforeComma
2026-01-02T00:09:25.6313528Z 159/164 Test #159: CSVParserTest.ParseQuoteBeforeComma ......................   Passed    0.00 sec
2026-01-02T00:09:25.6314368Z         Start 160: CSVParserTest.ParseQuoteBeforeNewline
2026-01-02T00:09:25.6335984Z 160/164 Test #160: CSVParserTest.ParseQuoteBeforeNewline ....................   Passed    0.00 sec
2026-01-02T00:09:25.6336861Z         Start 161: CSVParserTest.ParseConsecutiveSeparators
2026-01-02T00:09:25.6358283Z 161/164 Test #161: CSVParserTest.ParseConsecutiveSeparators .................   Passed    0.00 sec
2026-01-02T00:09:25.6359167Z         Start 162: CSVParserTest.ParseMultiByteSequence
2026-01-02T00:09:25.6380711Z 162/164 Test #162: CSVParserTest.ParseMultiByteSequence .....................   Passed    0.00 sec
2026-01-02T00:09:25.6381764Z         Start 163: CSVParserTest.ParseRepeatingPattern
2026-01-02T00:09:25.6403495Z 163/164 Test #163: CSVParserTest.ParseRepeatingPattern ......................   Passed    0.00 sec
2026-01-02T00:09:25.6404329Z         Start 164: CSVParserTest.ParseAlternatingPattern
2026-01-02T00:09:25.6426729Z 164/164 Test #164: CSVParserTest.ParseAlternatingPattern ....................   Passed    0.00 sec
2026-01-02T00:09:25.6430919Z 
2026-01-02T00:09:25.6431315Z 99% tests passed, 1 tests failed out of 164
2026-01-02T00:09:25.6431665Z 
2026-01-02T00:09:25.6431809Z Total Test time (real) =   0.52 sec
2026-01-02T00:09:25.6432064Z 
2026-01-02T00:09:25.6432206Z The following tests FAILED:
2026-01-02T00:09:25.6432815Z 	133 - CSVParserTest.Parse8Threads (Subprocess aborted)
2026-01-02T00:09:25.6433256Z Errors while running CTest
2026-01-02T00:09:25.6466349Z ##[error]Process completed with exit code 8.
2026-01-02T00:09:25.6554708Z Post job cleanup.
2026-01-02T00:09:25.7514869Z [command]/usr/bin/git version
2026-01-02T00:09:25.7550997Z git version 2.52.0
2026-01-02T00:09:25.7599439Z Temporarily overriding HOME='/home/runner/work/_temp/677053be-6336-4dbf-9a80-dfdc5114b55f' before making global git config changes
2026-01-02T00:09:25.7600284Z Adding repository directory to the temporary git global config as a safe directory
2026-01-02T00:09:25.7604682Z [command]/usr/bin/git config --global --add safe.directory /home/runner/work/simdcsv/simdcsv
2026-01-02T00:09:25.7640050Z [command]/usr/bin/git config --local --name-only --get-regexp core\.sshCommand
2026-01-02T00:09:25.7672134Z [command]/usr/bin/git submodule foreach --recursive sh -c "git config --local --name-only --get-regexp 'core\.sshCommand' && git config --local --unset-all 'core.sshCommand' || :"
2026-01-02T00:09:25.7905524Z [command]/usr/bin/git config --local --name-only --get-regexp http\.https\:\/\/github\.com\/\.extraheader
2026-01-02T00:09:25.7930452Z http.https://github.com/.extraheader
2026-01-02T00:09:25.7947172Z [command]/usr/bin/git config --local --unset-all http.https://github.com/.extraheader
2026-01-02T00:09:25.7979096Z [command]/usr/bin/git submodule foreach --recursive sh -c "git config --local --name-only --get-regexp 'http\.https\:\/\/github\.com\/\.extraheader' && git config --local --unset-all 'http.https://github.com/.extraheader' || :"
2026-01-02T00:09:25.8196393Z [command]/usr/bin/git config --local --name-only --get-regexp ^includeIf\.gitdir:
2026-01-02T00:09:25.8225424Z [command]/usr/bin/git submodule foreach --recursive git config --local --show-origin --name-only --get-regexp remote.origin.url
2026-01-02T00:09:25.8549392Z Cleaning up orphan processes
